******************************************************************************
            TI ARM Clang Linker PC v4.0.3                      
******************************************************************************
>> Linked Thu Jul 24 21:38:14 2025

OUTPUT FILE NAME:   <m0_follow_car.out>
ENTRY POINT SYMBOL: "_c_int00_noargs"  address: 00004849


MEMORY CONFIGURATION

         name            origin    length      used     unused   attr    fill
----------------------  --------  ---------  --------  --------  ----  --------
  FLASH                 00000000   00020000  00005cc0  0001a340  R  X
  SRAM                  20200000   00008000  00000407  00007bf9  RW X
  BCR_CONFIG            41c00000   000000ff  00000000  000000ff  R   
  BSL_CONFIG            41c00100   00000080  00000000  00000080  R   


SEGMENT ALLOCATION MAP

run origin  load origin   length   init length attrs members
----------  ----------- ---------- ----------- ----- -------
00000000    00000000    00005cc0   00005cc0    r-x
  00000000    00000000    000000c0   000000c0    r-- .intvecs
  000000c0    000000c0    000051e0   000051e0    r-x .text
  000052a0    000052a0    000009e0   000009e0    r-- .rodata
  00005c80    00005c80    00000040   00000040    r-- .cinit
20200000    20200000    00000209   00000000    rw-
  20200000    20200000    000001de   00000000    rw- .bss
  202001e0    202001e0    00000029   00000000    rw- .data
20207e00    20207e00    00000200   00000000    rw-
  20207e00    20207e00    00000200   00000000    rw- .stack


SECTION ALLOCATION MAP

 output                                  attributes/
section   page    origin      length       input sections
--------  ----  ----------  ----------   ----------------
.intvecs   0    00000000    000000c0     
                  00000000    000000c0     startup_mspm0g350x_ticlang.o (.intvecs)

.text      0    000000c0    000051e0     
                  000000c0    00000868     libc.a : _printfi.c.obj (.text:__TI_printfi_nofloat)
                  00000928    0000029c     lsm6dsv16x_reg.o (.text.lsm6dsv16x_fifo_out_raw_get)
                  00000bc4    0000023c     lsm6dsv16x_reg.o (.text.lsm6dsv16x_pin_int2_route_set)
                  00000e00    000001d4     track.o (.text.Track_PID_Ctrl)
                  00000fd4    000001c8     libc.a : s_atanf.c.obj (.text.atanf)
                  0000119c    000001bc     motor.o (.text.Set_Speed)
                  00001358    000001b8     lsm6dsv16x.o (.text.quat_to_euler)
                  00001510    000001b4     ti_msp_dl_config.o (.text.SYSCFG_DL_GPIO_init)
                  000016c4    00000192     libclang_rt.builtins.a : adddf3.S.obj (.text.adddf3_subdf3)
                  00001856    00000002                            : aeabi_div0.c.obj (.text.__aeabi_idiv0)
                  00001858    00000170     libc.a : e_sqrt.c.obj (.text.sqrt)
                  000019c8    00000160            : e_asinf.c.obj (.text.asinf)
                  00001b28    0000014c     lsm6dsv16x.o (.text.Read_LSM6DSV16X)
                  00001c74    00000130     lsm6dsv16x.o (.text.platform_read)
                  00001da4    00000118     lsm6dsv16x.o (.text.LSM6DSV16X_Init)
                  00001ebc    00000118     oled_hardware_i2c.o (.text.OLED_ShowChar)
                  00001fd4    00000118     libc.a : e_atan2f.c.obj (.text.atan2f)
                  000020ec    00000110     oled_hardware_i2c.o (.text.OLED_Init)
                  000021fc    0000010c     libclang_rt.builtins.a : divdf3.S.obj (.text.__divdf3)
                  00002308    00000108     main.o (.text.main)
                  00002410    00000104     driverlib.a : dl_timer.o (.text.DL_Timer_initFourCCPWMMode)
                  00002514    000000fa     lsm6dsv16x.o (.text.sflp2q)
                  0000260e    00000002     libclang_rt.builtins.a : aeabi_div0.c.obj (.text.__aeabi_ldiv0)
                  00002610    000000e4                            : muldf3.S.obj (.text.__muldf3)
                  000026f4    000000dc     driverlib.a : dl_sysctl_mspm0g1x0x_g3x0x.o (.text.DL_SYSCTL_configSYSPLL)
                  000027d0    000000d8     libclang_rt.builtins.a : addsf3.S.obj (.text)
                  000028a8    000000d0     lsm6dsv16x_reg.o (.text.ToFloatBits)
                  00002978    000000c8     lsm6dsv16x_reg.o (.text.lsm6dsv16x_fifo_status_get)
                  00002a40    000000c4     track.o (.text.Track_Get_State)
                  00002b04    000000c0     lsm6dsv16x.o (.text.platform_write)
                  00002bc4    000000b6     lsm6dsv16x_reg.o (.text.lsm6dsv16x_gy_data_rate_set)
                  00002c7a    000000b4     lsm6dsv16x_reg.o (.text.lsm6dsv16x_xl_data_rate_set)
                  00002d2e    00000002     --HOLE-- [fill = 0]
                  00002d30    000000ac     lsm6dsv16x_reg.o (.text.lsm6dsv16x_reset_get)
                  00002ddc    000000a6     lsm6dsv16x_reg.o (.text.lsm6dsv16x_reset_set)
                  00002e82    00000002     --HOLE-- [fill = 0]
                  00002e84    000000a2     libclang_rt.builtins.a : udivmoddi4.S.obj (.text)
                  00002f26    00000002     --HOLE-- [fill = 0]
                  00002f28    000000a0     libc.a : e_sqrtf.c.obj (.text.sqrtf)
                  00002fc8    00000098     oled_hardware_i2c.o (.text.OLED_WR_Byte)
                  00003060    00000094     lsm6dsv16x_reg.o (.text.lsm6dsv16x_fifo_sflp_batch_set)
                  000030f4    00000090     ti_msp_dl_config.o (.text.SYSCFG_DL_PWM_MOTOR_init)
                  00003184    00000090     ti_msp_dl_config.o (.text.SYSCFG_DL_PWM_SERVO_init)
                  00003214    0000008c     ti_msp_dl_config.o (.text.SYSCFG_DL_initPower)
                  000032a0    0000008c     libclang_rt.builtins.a : mulsf3.S.obj (.text.__mulsf3)
                  0000332c    00000088     main.o (.text.UART0_IRQHandler)
                  000033b4    00000084     clock.o (.text.__NVIC_SetPriority)
                  00003438    00000084     ti_msp_dl_config.o (.text.__NVIC_SetPriority)
                  000034bc    00000082     libclang_rt.builtins.a : divsf3.S.obj (.text.__divsf3)
                  0000353e    0000007c     lsm6dsv16x_reg.o (.text.lsm6dsv16x_sflp_data_rate_set)
                  000035ba    0000007c     lsm6dsv16x_reg.o (.text.lsm6dsv16x_sflp_game_rotation_set)
                  00003636    00000002     --HOLE-- [fill = 0]
                  00003638    0000007c     libc.a : copy_decompress_lzss.c.obj (.text:decompress:lzss)
                  000036b4    0000000c     track.o (.text.Track_Get_Error)
                  000036c0    00000074     libclang_rt.builtins.a : truncdfsf2.S.obj (.text.__truncdfsf2)
                  00003734    00000070     oled_hardware_i2c.o (.text.OLED_ShowString)
                  000037a4    0000006a     oled_hardware_i2c.o (.text.OLED_Clear)
                  0000380e    00000064     track.o (.text.Track_Init)
                  00003872    00000002     --HOLE-- [fill = 0]
                  00003874    00000064     lsm6dsv16x.o (.text.mspm0_i2c_sda_unlock)
                  000038d8    00000062     libclang_rt.builtins.a : aeabi_fcmp.S.obj (.text.__aeabi_fcmp)
                  0000393a    00000062     lsm6dsv16x_reg.o (.text.lsm6dsv16x_mem_bank_set)
                  0000399c    00000060     oled_hardware_i2c.o (.text.oled_i2c_sda_unlock)
                  000039fc    0000005e     driverlib.a : dl_i2c.o (.text.DL_I2C_fillControllerTXFIFO)
                  00003a5a    00000002     --HOLE-- [fill = 0]
                  00003a5c    0000005c     lsm6dsv16x.o (.text.mspm0_i2c_enable)
                  00003ab8    0000005c     oled_hardware_i2c.o (.text.mspm0_i2c_enable)
                  00003b14    00000058     ti_msp_dl_config.o (.text.SYSCFG_DL_I2C_LSM6DSV16X_init)
                  00003b6c    00000058     ti_msp_dl_config.o (.text.SYSCFG_DL_I2C_OLED_init)
                  00003bc4    00000050     lsm6dsv16x.o (.text.DL_I2C_startControllerTransfer)
                  00003c14    00000050     oled_hardware_i2c.o (.text.DL_I2C_startControllerTransfer)
                  00003c64    00000050     clock.o (.text.SysTick_Config)
                  00003cb4    0000004c     ti_msp_dl_config.o (.text.DL_UART_setBaudRateDivisor)
                  00003d00    0000004c     ti_msp_dl_config.o (.text.SYSCFG_DL_UART_OPENMV_init)
                  00003d4c    00000048     driverlib.a : dl_uart.o (.text.DL_UART_init)
                  00003d94    00000048     motor.o (.text.Motor_Off)
                  00003ddc    00000048     ti_msp_dl_config.o (.text.SYSCFG_DL_SYSCTL_init)
                  00003e24    00000048     lsm6dsv16x_reg.o (.text.lsm6dsv16x_fifo_mode_set)
                  00003e6c    00000048     lsm6dsv16x_reg.o (.text.lsm6dsv16x_fifo_xl_batch_set)
                  00003eb4    00000048     lsm6dsv16x_reg.o (.text.lsm6dsv16x_gy_full_scale_set)
                  00003efc    00000048     lsm6dsv16x_reg.o (.text.lsm6dsv16x_xl_full_scale_set)
                  00003f44    00000048     lsm6dsv16x.o (.text.mspm0_i2c_disable)
                  00003f8c    00000046     lsm6dsv16x_reg.o (.text.lsm6dsv16x_block_data_update_set)
                  00003fd2    00000046     lsm6dsv16x_reg.o (.text.lsm6dsv16x_data_ready_mode_set)
                  00004018    00000044     driverlib.a : dl_sysctl_mspm0g1x0x_g3x0x.o (.text.DL_SYSCTL_switchMCLKfromSYSOSCtoHSCLK)
                  0000405c    00000044     lsm6dsv16x_reg.o (.text.lsm6dsv16x_fifo_gy_batch_set)
                  000040a0    00000044     oled_hardware_i2c.o (.text.mspm0_i2c_disable)
                  000040e4    00000042     libclang_rt.builtins.a : fixunsdfsi.S.obj (.text.__fixunsdfsi)
                  00004126    00000002     --HOLE-- [fill = 0]
                  00004128    00000040                            : aeabi_uidivmod.S.obj (.text.__aeabi_uidivmod)
                  00004168    00000040                            : extendsfdf2.S.obj (.text.__extendsfdf2)
                  000041a8    00000040     libc.a : atoi.c.obj (.text.atoi)
                  000041e8    00000040     lsm6dsv16x_reg.o (.text.lsm6dsv16x_read_reg)
                  00004228    00000040     lsm6dsv16x_reg.o (.text.lsm6dsv16x_write_reg)
                  00004268    0000003c     lsm6dsv16x.o (.text.DL_GPIO_initPeripheralInputFunctionFeatures)
                  000042a4    0000003c     oled_hardware_i2c.o (.text.DL_GPIO_initPeripheralInputFunctionFeatures)
                  000042e0    0000003c     ti_msp_dl_config.o (.text.DL_GPIO_initPeripheralInputFunctionFeatures)
                  0000431c    0000003c     driverlib.a : dl_i2c.o (.text.DL_I2C_flushControllerTXFIFO)
                  00004358    0000003c     ti_msp_dl_config.o (.text.DL_Timer_setCounterControl)
                  00004394    0000003c     oled_hardware_i2c.o (.text.OLED_Set_Pos)
                  000043d0    0000003c     libclang_rt.builtins.a : floatsisf.S.obj (.text.__floatsisf)
                  0000440c    0000003c                            : comparesf2.S.obj (.text.__gtsf2)
                  00004448    0000003c     libc.a : autoinit.c.obj (.text:__TI_auto_init_nobinit_nopinit)
                  00004484    0000003a     libclang_rt.builtins.a : comparesf2.S.obj (.text.__eqsf2)
                  000044be    00000002     --HOLE-- [fill = 0]
                  000044c0    0000003a                            : muldsi3.S.obj (.text.__muldsi3)
                  000044fa    00000002     --HOLE-- [fill = 0]
                  000044fc    00000038     ti_msp_dl_config.o (.text.SYSCFG_DL_init)
                  00004534    00000038     libclang_rt.builtins.a : fixsfsi.S.obj (.text.__fixsfsi)
                  0000456c    00000038     libc.a : sprintf.c.obj (.text.sprintf)
                  000045a4    00000034     lsm6dsv16x.o (.text.DL_GPIO_initDigitalInputFeatures)
                  000045d8    00000034     oled_hardware_i2c.o (.text.DL_GPIO_initDigitalInputFeatures)
                  0000460c    00000034     ti_msp_dl_config.o (.text.DL_GPIO_initDigitalInputFeatures)
                  00004640    00000034     track.o (.text.DL_GPIO_initDigitalInputFeatures)
                  00004674    00000030     clock.o (.text.mspm0_delay_ms)
                  000046a4    0000002c     main.o (.text.__NVIC_ClearPendingIRQ)
                  000046d0    0000002c     interrupt.o (.text.__NVIC_EnableIRQ)
                  000046fc    0000002c     main.o (.text.__NVIC_EnableIRQ)
                  00004728    0000002c     libclang_rt.builtins.a : floatsidf.S.obj (.text.__floatsidf)
                  00004754    0000002c     clock.o (.text.mspm0_get_clock_ms)
                  00004780    00000028     lsm6dsv16x.o (.text.DL_Common_updateReg)
                  000047a8    00000028     oled_hardware_i2c.o (.text.DL_Common_updateReg)
                  000047d0    00000028     ti_msp_dl_config.o (.text.DL_Common_updateReg)
                  000047f8    00000028     ti_msp_dl_config.o (.text.DL_I2C_setControllerRXFIFOThreshold)
                  00004820    00000028     ti_msp_dl_config.o (.text.DL_I2C_setControllerTXFIFOThreshold)
                  00004848    00000028     libc.a : boot_cortex_m.c.obj (.text:_c_int00_noargs)
                  00004870    00000026     ti_msp_dl_config.o (.text.DL_I2C_setAnalogGlitchFilterPulseWidth)
                  00004896    00000026     driverlib.a : dl_i2c.o (.text.DL_I2C_setClockConfig)
                  000048bc    00000024     libclang_rt.builtins.a : muldi3.S.obj (.text.__muldi3)
                  000048e0    00000024     lsm6dsv16x_reg.o (.text.bytecpy)
                  00004904    00000022     libc.a : memccpy.c.obj (.text.memccpy)
                  00004926    00000002     --HOLE-- [fill = 0]
                  00004928    00000020     ti_msp_dl_config.o (.text.DL_GPIO_initPeripheralInputFunction)
                  00004948    00000020     ti_msp_dl_config.o (.text.DL_SYSCTL_setFlashWaitState)
                  00004968    00000020     lsm6dsv16x_reg.o (.text.lsm6dsv16x_from_fs2000_to_mdps)
                  00004988    00000020     lsm6dsv16x_reg.o (.text.lsm6dsv16x_from_fs4_to_mg)
                  000049a8    0000001e     ti_msp_dl_config.o (.text.DL_UART_setOversampling)
                  000049c6    00000002     --HOLE-- [fill = 0]
                  000049c8    0000001e     libclang_rt.builtins.a : ashldi3.S.obj (.text.__ashldi3)
                  000049e6    00000002     --HOLE-- [fill = 0]
                  000049e8    0000001c     ti_msp_dl_config.o (.text.DL_GPIO_clearInterruptStatus)
                  00004a04    0000001c     lsm6dsv16x.o (.text.DL_GPIO_enableHiZ)
                  00004a20    0000001c     oled_hardware_i2c.o (.text.DL_GPIO_enableHiZ)
                  00004a3c    0000001c     ti_msp_dl_config.o (.text.DL_GPIO_enableHiZ)
                  00004a58    0000001c     ti_msp_dl_config.o (.text.DL_GPIO_enableInterrupt)
                  00004a74    0000001c     ti_msp_dl_config.o (.text.DL_GPIO_initPeripheralOutputFunction)
                  00004a90    0000001c     ti_msp_dl_config.o (.text.DL_GPIO_setLowerPinsPolarity)
                  00004aac    0000001c     oled_hardware_i2c.o (.text.DL_I2C_getSDAStatus)
                  00004ac8    0000001c     lsm6dsv16x.o (.text.DL_I2C_isControllerRXFIFOEmpty)
                  00004ae4    0000001c     interrupt.o (.text.DL_Interrupt_getPendingGroup)
                  00004b00    0000001c     ti_msp_dl_config.o (.text.DL_SYSCTL_setSYSOSCFreq)
                  00004b1c    0000001c     ti_msp_dl_config.o (.text.DL_SYSCTL_setULPCLKDivider)
                  00004b38    0000001c     driverlib.a : dl_timer.o (.text.DL_Timer_setCaptCompUpdateMethod)
                  00004b54    0000001c                 : dl_timer.o (.text.DL_Timer_setClockConfig)
                  00004b70    0000001c     ti_msp_dl_config.o (.text.DL_UART_enableInterrupt)
                  00004b8c    0000001c     interrupt.o (.text.Interrupt_Init)
                  00004ba8    0000001c     motor.o (.text.Motor_On)
                  00004bc4    0000001c     lsm6dsv16x_reg.o (.text.lsm6dsv16x_device_id_get)
                  00004be0    00000018     lsm6dsv16x.o (.text.DL_GPIO_enableOutput)
                  00004bf8    00000018     oled_hardware_i2c.o (.text.DL_GPIO_enableOutput)
                  00004c10    00000018     ti_msp_dl_config.o (.text.DL_GPIO_enableOutput)
                  00004c28    00000018     ti_msp_dl_config.o (.text.DL_GPIO_enablePower)
                  00004c40    00000018     lsm6dsv16x.o (.text.DL_GPIO_initDigitalOutput)
                  00004c58    00000018     oled_hardware_i2c.o (.text.DL_GPIO_initDigitalOutput)
                  00004c70    00000018     ti_msp_dl_config.o (.text.DL_GPIO_initDigitalOutput)
                  00004c88    00000018     ti_msp_dl_config.o (.text.DL_GPIO_reset)
                  00004ca0    00000018     buzzer.o (.text.DL_GPIO_setPins)
                  00004cb8    00000018     lsm6dsv16x.o (.text.DL_GPIO_setPins)
                  00004cd0    00000018     motor.o (.text.DL_GPIO_setPins)
                  00004ce8    00000018     oled_hardware_i2c.o (.text.DL_GPIO_setPins)
                  00004d00    00000018     lsm6dsv16x.o (.text.DL_I2C_clearInterruptStatus)
                  00004d18    00000018     oled_hardware_i2c.o (.text.DL_I2C_clearInterruptStatus)
                  00004d30    00000018     ti_msp_dl_config.o (.text.DL_I2C_enableAnalogGlitchFilter)
                  00004d48    00000018     ti_msp_dl_config.o (.text.DL_I2C_enableController)
                  00004d60    00000018     ti_msp_dl_config.o (.text.DL_I2C_enableControllerClockStretching)
                  00004d78    00000018     lsm6dsv16x.o (.text.DL_I2C_enablePower)
                  00004d90    00000018     oled_hardware_i2c.o (.text.DL_I2C_enablePower)
                  00004da8    00000018     ti_msp_dl_config.o (.text.DL_I2C_enablePower)
                  00004dc0    00000018     lsm6dsv16x.o (.text.DL_I2C_getRawInterruptStatus)
                  00004dd8    00000018     oled_hardware_i2c.o (.text.DL_I2C_getRawInterruptStatus)
                  00004df0    00000018     lsm6dsv16x.o (.text.DL_I2C_reset)
                  00004e08    00000018     oled_hardware_i2c.o (.text.DL_I2C_reset)
                  00004e20    00000018     ti_msp_dl_config.o (.text.DL_I2C_reset)
                  00004e38    00000018     ti_msp_dl_config.o (.text.DL_I2C_setTimerPeriod)
                  00004e50    00000018     ti_msp_dl_config.o (.text.DL_SYSCTL_setBORThreshold)
                  00004e68    00000018     ti_msp_dl_config.o (.text.DL_Timer_enablePower)
                  00004e80    00000018     ti_msp_dl_config.o (.text.DL_Timer_reset)
                  00004e98    00000018     driverlib.a : dl_timer.o (.text.DL_Timer_setCaptureCompareOutCtl)
                  00004eb0    00000018     motor.o (.text.DL_Timer_startCounter)
                  00004ec8    00000018     ti_msp_dl_config.o (.text.DL_UART_enablePower)
                  00004ee0    00000018     ti_msp_dl_config.o (.text.DL_UART_reset)
                  00004ef8    00000018     clock.o (.text.SysTick_Init)
                  00004f10    00000018     libc.a : sprintf.c.obj (.text._outs)
                  00004f28    00000018     lsm6dsv16x.o (.text.npy_half_to_float)
                  00004f40    00000016     lsm6dsv16x.o (.text.DL_GPIO_readPins)
                  00004f56    00000016     oled_hardware_i2c.o (.text.DL_GPIO_readPins)
                  00004f6c    00000016     track.o (.text.DL_GPIO_readPins)
                  00004f82    00000016     lsm6dsv16x.o (.text.DL_I2C_transmitControllerData)
                  00004f98    00000016     ti_msp_dl_config.o (.text.DL_UART_enable)
                  00004fae    00000016     interrupt.o (.text.GROUP1_IRQHandler)
                  00004fc4    00000016     libc.a : copy_zero_init.c.obj (.text:decompress:ZI:__TI_zero_init_nomemset)
                  00004fda    00000014     lsm6dsv16x.o (.text.DL_GPIO_clearPins)
                  00004fee    00000014     motor.o (.text.DL_GPIO_clearPins)
                  00005002    00000014     oled_hardware_i2c.o (.text.DL_GPIO_clearPins)
                  00005016    00000014     ti_msp_dl_config.o (.text.DL_GPIO_clearPins)
                  0000502a    00000002     --HOLE-- [fill = 0]
                  0000502c    00000014     lsm6dsv16x.o (.text.DL_I2C_getControllerStatus)
                  00005040    00000014     oled_hardware_i2c.o (.text.DL_I2C_getControllerStatus)
                  00005054    00000014     lsm6dsv16x.o (.text.DL_I2C_receiveControllerData)
                  00005068    00000014     ti_msp_dl_config.o (.text.DL_I2C_resetControllerTransfer)
                  0000507c    00000014     ti_msp_dl_config.o (.text.DL_SYSCTL_disableSYSPLL)
                  00005090    00000014     ti_msp_dl_config.o (.text.DL_Timer_enableClock)
                  000050a4    00000014     ti_msp_dl_config.o (.text.DL_Timer_setCCPDirection)
                  000050b8    00000014     main.o (.text.DL_UART_receiveData)
                  000050cc    00000014     libclang_rt.builtins.a : aeabi_uldivmod.S.obj (.text.__aeabi_uldivmod)
                  000050e0    00000014     buzzer.o (.text.buzzer_off)
                  000050f4    00000014     buzzer.o (.text.buzzer_on)
                  00005108    00000014     lsm6dsv16x_reg.o (.text.lsm6dsv16x_from_f16_to_f32)
                  0000511c    00000012     main.o (.text.DL_UART_getPendingInterrupt)
                  0000512e    00000012     driverlib.a : dl_uart.o (.text.DL_UART_setClockConfig)
                  00005140    00000012     libc.a : memcpy16.S.obj (.text:TI_memcpy_small)
                  00005152    00000012            : copy_decompress_none.c.obj (.text:decompress:none)
                  00005164    00000010     ti_msp_dl_config.o (.text.DL_SYSCTL_disableHFXT)
                  00005174    00000010     driverlib.a : dl_timer.o (.text.DL_Timer_setCaptureCompareValue)
                  00005184    00000010     interrupt.o (.text.SysTick_Handler)
                  00005194    00000010     oled_hardware_i2c.o (.text.delay_ms)
                  000051a4    00000010     lsm6dsv16x.o (.text.platform_delay)
                  000051b4    00000010     libc.a : wcslen.c.obj (.text.wcslen)
                  000051c4    0000000e     libclang_rt.builtins.a : aeabi_memset.S.obj (.text.__aeabi_memset)
                  000051d2    0000000e     libc.a : _printfi.c.obj (.text.strlen)
                  000051e0    0000000e            : memset16.S.obj (.text:TI_memset_small)
                  000051ee    00000002     --HOLE-- [fill = 0]
                  000051f0    0000000c     track.o (.text.Track_Get_Left_Speed)
                  000051fc    0000000c     track.o (.text.Track_Get_Right_Speed)
                  00005208    0000000a     driverlib.a : dl_common.o (.text.DL_Common_delayCycles)
                  00005212    0000000a     libc.a : sprintf.c.obj (.text._outc)
                  0000521c    00000008            : aeabi_portable.c.obj (.text.__aeabi_errno_addr)
                  00005224    00000008     libclang_rt.builtins.a : aeabi_memcpy.S.obj (.text.__aeabi_memcpy)
                  0000522c    00000006     libc.a : e_asinf.c.obj (.text.OUTLINED_FUNCTION_0)
                  00005232    00000002     --HOLE-- [fill = 0]
                  00005234    00000010     libclang_rt.builtins.a : mulsf3.S.obj (.tramp.__aeabi_fmul.1)
                  00005244    00000006     libc.a : s_atanf.c.obj (.text.OUTLINED_FUNCTION_0)
                  0000524a    00000002     --HOLE-- [fill = 0]
                  0000524c    00000010     libclang_rt.builtins.a : divsf3.S.obj (.tramp.__aeabi_fdiv.1)
                  0000525c    00000006     libc.a : exit.c.obj (.text:abort)
                  00005262    00000004     startup_mspm0g350x_ticlang.o (.text.Default_Handler)
                  00005266    00000004     libsysbm.a : hostexit.c.obj (.text.HOSTexit)
                  0000526a    00000004     libc.a : s_atanf.c.obj (.text.OUTLINED_FUNCTION_1)
                  0000526e    00000002     --HOLE-- [fill = 0]
                  00005270    00000010     libclang_rt.builtins.a : addsf3.S.obj (.tramp.__aeabi_fadd.1)
                  00005280    00000004     startup_mspm0g350x_ticlang.o (.text.Reset_Handler)
                  00005284    00000010     libc.a : boot_cortex_m.c.obj (.tramp._c_int00_noargs.1)
                  00005294    00000004            : pre_init.c.obj (.text._system_pre_init)
                  00005298    00000008     --HOLE-- [fill = 0]

.cinit     0    00005c80    00000040     
                  00005c80    00000018     (.cinit..data.load) [load image, compression = lzss]
                  00005c98    0000000c     (__TI_handler_table)
                  00005ca4    00000008     (.cinit..bss.load) [load image, compression = zero_init]
                  00005cac    00000010     (__TI_cinit_table)
                  00005cbc    00000004     --HOLE-- [fill = 0]

.rodata    0    000052a0    000009e0     
                  000052a0    000005f0     oled_hardware_i2c.o (.rodata.asc2_1608)
                  00005890    00000228     oled_hardware_i2c.o (.rodata.asc2_0806)
                  00005ab8    00000008     ti_msp_dl_config.o (.rodata.gPWM_MOTORConfig)
                  00005ac0    00000101     libc.a : aeabi_ctype.S.obj (.rodata:__aeabi_ctype_table_)
                  00005bc1    00000003     ti_msp_dl_config.o (.rodata.gPWM_MOTORClockConfig)
                  00005bc4    00000028     ti_msp_dl_config.o (.rodata.gSYSPLLConfig)
                  00005bec    00000020     libc.a : s_atanf.c.obj (.rodata.cst16)
                  00005c0c    00000011            : _printfi.c.obj (.rodata.str1.10348868589481759720.1)
                  00005c1d    00000011     main.o (.rodata.str1.15159059442110792349.1)
                  00005c2e    00000011     libc.a : _printfi.c.obj (.rodata.str1.15363888844622738466.1)
                  00005c3f    00000001     --HOLE-- [fill = 0]
                  00005c40    0000000a     ti_msp_dl_config.o (.rodata.gUART_OPENMVConfig)
                  00005c4a    00000002     ti_msp_dl_config.o (.rodata.gI2C_LSM6DSV16XClockConfig)
                  00005c4c    00000008     ti_msp_dl_config.o (.rodata.gPWM_SERVOConfig)
                  00005c54    00000006     track.o (.rodata.weights)
                  00005c5a    00000005     main.o (.rodata.str1.17100691992556644108.1)
                  00005c5f    00000005     main.o (.rodata.str1.2846389346932560359.1)
                  00005c64    00000005     main.o (.rodata.str1.8154729771448623357.1)
                  00005c69    00000003     ti_msp_dl_config.o (.rodata.gPWM_SERVOClockConfig)
                  00005c6c    00000003     main.o (.rodata.str1.12180500075719773345.1)
                  00005c6f    00000003     main.o (.rodata.str1.18227636981041470289.1)
                  00005c72    00000002     ti_msp_dl_config.o (.rodata.gI2C_OLEDClockConfig)
                  00005c74    00000002     ti_msp_dl_config.o (.rodata.gUART_OPENMVClockConfig)
                  00005c76    0000000a     --HOLE-- [fill = 0]

.init_array 
*          0    00000000    00000000     UNINITIALIZED

.binit     0    00000000    00000000     

.bss       0    20200000    000001de     UNINITIALIZED
                  20200000    000000bc     (.common:gPWM_MOTORBackup)
                  202000bc    000000bc     (.common:gPWM_SERVOBackup)
                  20200178    00000020     (.common:oled_buffer)
                  20200198    00000014     (.common:dev_ctx)
                  202001ac    00000010     (.common:quat)
                  202001bc    00000006     (.common:accel)
                  202001c2    00000006     (.common:gyro)
                  202001c8    00000004     (.common:pitch)
                  202001cc    00000004     (.common:roll)
                  202001d0    00000004     (.common:start_time)
                  202001d4    00000004     (.common:yaw)
                  202001d8    00000003     (.common:pin_int)
                  202001db    00000001     lsm6dsv16x.o (.bss.fifo_sflp)
                  202001dc    00000001     lsm6dsv16x.o (.bss.whoamI)
                  202001dd    00000001     (.common:rst)

.data      0    202001e0    00000029     UNINITIALIZED
                  202001e0    00000004     track.o (.data.Kd)
                  202001e4    00000004     track.o (.data.Ki)
                  202001e8    00000004     track.o (.data.Kp)
                  202001ec    00000004     libc.a : aeabi_portable.c.obj (.data.__aeabi_errno)
                  202001f0    00000004     track.o (.data.integral)
                  202001f4    00000004     clock.o (.data.tick_ms)
                  202001f8    00000002     main.o (.data.angle)
                  202001fa    00000002     main.o (.data.cx)
                  202001fc    00000002     track.o (.data.derivative)
                  202001fe    00000002     track.o (.data.error)
                  20200200    00000002     track.o (.data.g_left_speed)
                  20200202    00000002     track.o (.data.g_right_speed)
                  20200204    00000002     track.o (.data.last_error)
                  20200206    00000002     main.o (.data.rxbuf)
                  20200208    00000001     interrupt.o (.data.enable_group1_irq)

.stack     0    20207e00    00000200     UNINITIALIZED
                  20207e00    00000004     libc.a : boot_cortex_m.c.obj (.stack)
                  20207e04    000001fc     --HOLE--

__llvm_prf_cnts 
*          0    20200000    00000000     UNINITIALIZED

__llvm_prf_bits 
*          0    20200000    00000000     UNINITIALIZED

MODULE SUMMARY

       Module                         code    ro data   rw data
       ------                         ----    -------   -------
    .\
       ti_msp_dl_config.o             2598    78        376    
       main.o                         526     38        38     
       startup_mspm0g350x_ticlang.o   8       192       0      
    +--+------------------------------+-------+---------+---------+
       Total:                         3132    308       414    
                                                               
    .\Drivers\BUZZER\
       buzzer.o                       64      0         0      
    +--+------------------------------+-------+---------+---------+
       Total:                         64      0         0      
                                                               
    .\Drivers\LSM6DSV16X\
       lsm6dsv16x_reg.o               3614    0         0      
       lsm6dsv16x.o                   2662    0         66     
    +--+------------------------------+-------+---------+---------+
       Total:                         6276    0         66     
                                                               
    .\Drivers\MSPM0\
       clock.o                        328     0         8      
       interrupt.o                    138     0         1      
    +--+------------------------------+-------+---------+---------+
       Total:                         466     0         9      
                                                               
    .\Drivers\Motor\
       motor.o                        612     0         0      
    +--+------------------------------+-------+---------+---------+
       Total:                         612     0         0      
                                                               
    .\Drivers\OLED_Hardware_I2C\
       oled_hardware_i2c.o            1772    2072      0      
    +--+------------------------------+-------+---------+---------+
       Total:                         1772    2072      0      
                                                               
    .\Drivers\TRACK\
       track.o                        874     6         26     
    +--+------------------------------+-------+---------+---------+
       Total:                         874     6         26     
                                                               
    D:/TI/mspm0_sdk_2_05_01_00/source/ti/driverlib/lib/ticlang/m0p/mspm0g1x0x_g3x0x/driverlib.a
       dl_timer.o                     356     0         0      
       dl_sysctl_mspm0g1x0x_g3x0x.o   288     0         0      
       dl_i2c.o                       192     0         0      
       dl_uart.o                      90      0         0      
       dl_common.o                    10      0         0      
    +--+------------------------------+-------+---------+---------+
       Total:                         936     0         0      
                                                               
    D:\TI\CCS\ccs\tools\compiler\ti-cgt-armllvm_4.0.3.LTS\lib\armv6m-ti-none-eabi/c/libc.a
       _printfi.c.obj                 2166    34        0      
       s_atanf.c.obj                  466     32        0      
       e_sqrt.c.obj                   368     0         0      
       e_asinf.c.obj                  358     0         0      
       e_atan2f.c.obj                 280     0         0      
       aeabi_ctype.S.obj              0       257       0      
       e_sqrtf.c.obj                  160     0         0      
       copy_decompress_lzss.c.obj     124     0         0      
       sprintf.c.obj                  90      0         0      
       atoi.c.obj                     64      0         0      
       autoinit.c.obj                 60      0         0      
       boot_cortex_m.c.obj            56      0         0      
       memccpy.c.obj                  34      0         0      
       copy_zero_init.c.obj           22      0         0      
       copy_decompress_none.c.obj     18      0         0      
       memcpy16.S.obj                 18      0         0      
       wcslen.c.obj                   16      0         0      
       memset16.S.obj                 14      0         0      
       aeabi_portable.c.obj           8       0         4      
       exit.c.obj                     6       0         0      
       pre_init.c.obj                 4       0         0      
    +--+------------------------------+-------+---------+---------+
       Total:                         4332    323       4      
                                                               
    D:\TI\CCS\ccs\tools\compiler\ti-cgt-armllvm_4.0.3.LTS\lib\armv6m-ti-none-eabi/c/libsysbm.a
       hostexit.c.obj                 4       0         0      
    +--+------------------------------+-------+---------+---------+
       Total:                         4       0         0      
                                                               
    D:\TI\CCS\ccs\tools\compiler\ti-cgt-armllvm_4.0.3.LTS\lib\armv6m-ti-none-eabi/libclang_rt.builtins.a
       adddf3.S.obj                   402     0         0      
       divdf3.S.obj                   268     0         0      
       addsf3.S.obj                   232     0         0      
       muldf3.S.obj                   228     0         0      
       udivmoddi4.S.obj               162     0         0      
       mulsf3.S.obj                   156     0         0      
       divsf3.S.obj                   146     0         0      
       comparesf2.S.obj               118     0         0      
       truncdfsf2.S.obj               116     0         0      
       aeabi_fcmp.S.obj               98      0         0      
       fixunsdfsi.S.obj               66      0         0      
       aeabi_uidivmod.S.obj           64      0         0      
       extendsfdf2.S.obj              64      0         0      
       floatsisf.S.obj                60      0         0      
       muldsi3.S.obj                  58      0         0      
       fixsfsi.S.obj                  56      0         0      
       floatsidf.S.obj                44      0         0      
       muldi3.S.obj                   36      0         0      
       ashldi3.S.obj                  30      0         0      
       aeabi_uldivmod.S.obj           20      0         0      
       aeabi_memset.S.obj             14      0         0      
       aeabi_memcpy.S.obj             8       0         0      
       aeabi_div0.c.obj               4       0         0      
    +--+------------------------------+-------+---------+---------+
       Total:                         2450    0         0      
                                                               
       Stack:                         0       0         512    
       Linker Generated:              0       60        0      
    +--+------------------------------+-------+---------+---------+
       Grand Total:                   20918   2769      1031   


LINKER GENERATED COPY TABLES

__TI_cinit_table @ 00005cac records: 2, size/record: 8, table size: 16
	.data: load addr=00005c80, load size=00000018 bytes, run addr=202001e0, run size=00000029 bytes, compression=lzss
	.bss: load addr=00005ca4, load size=00000008 bytes, run addr=20200000, run size=000001de bytes, compression=zero_init


LINKER GENERATED HANDLER TABLE

__TI_handler_table @ 00005c98 records: 3, size/record: 4, table size: 12
	index: 0, handler: __TI_decompress_lzss
	index: 1, handler: __TI_decompress_none
	index: 2, handler: __TI_zero_init


FAR CALL TRAMPOLINES

callee name               trampoline name
   callee addr  tramp addr   call addr  call info
--------------  -----------  ---------  ----------------
__aeabi_fmul              $Tramp$TT$L$PI$$__aeabi_fmul
   000032a1     00005234     00005230   libc.a : e_asinf.c.obj (.text.OUTLINED_FUNCTION_0)
__aeabi_fdiv              $Tramp$TT$L$PI$$__aeabi_fdiv
   000034bd     0000524c     00005248   libc.a : s_atanf.c.obj (.text.OUTLINED_FUNCTION_0)
__aeabi_fadd              $Tramp$TT$L$PI$$__aeabi_fadd
   000027db     00005270     0000526c   libc.a : s_atanf.c.obj (.text.OUTLINED_FUNCTION_1)
_c_int00_noargs           $Tramp$TT$L$PI$$_c_int00_noargs
   00004849     00005284     00005280   startup_mspm0g350x_ticlang.o (.text.Reset_Handler)

[4 trampolines]
[4 trampoline calls]


GLOBAL SYMBOLS: SORTED ALPHABETICALLY BY Name 

address   name                                 
-------   ----                                 
00005263  ADC0_IRQHandler                      
00005263  ADC1_IRQHandler                      
00005263  AES_IRQHandler                       
00005266  C$$EXIT                              
00005263  CANFD0_IRQHandler                    
00005263  DAC0_IRQHandler                      
00005209  DL_Common_delayCycles                
000039fd  DL_I2C_fillControllerTXFIFO          
0000431d  DL_I2C_flushControllerTXFIFO         
00004897  DL_I2C_setClockConfig                
000026f5  DL_SYSCTL_configSYSPLL               
00004019  DL_SYSCTL_switchMCLKfromSYSOSCtoHSCLK
00002411  DL_Timer_initFourCCPWMMode           
00004b39  DL_Timer_setCaptCompUpdateMethod     
00004e99  DL_Timer_setCaptureCompareOutCtl     
00005175  DL_Timer_setCaptureCompareValue      
00004b55  DL_Timer_setClockConfig              
00003d4d  DL_UART_init                         
0000512f  DL_UART_setClockConfig               
00005263  DMA_IRQHandler                       
00005263  Default_Handler                      
00005263  GROUP0_IRQHandler                    
00004faf  GROUP1_IRQHandler                    
00005267  HOSTexit                             
00005263  HardFault_Handler                    
00005263  I2C0_IRQHandler                      
00005263  I2C1_IRQHandler                      
00004b8d  Interrupt_Init                       
00001da5  LSM6DSV16X_Init                      
00003d95  Motor_Off                            
00004ba9  Motor_On                             
00005263  NMI_Handler                          
000037a5  OLED_Clear                           
000020ed  OLED_Init                            
00004395  OLED_Set_Pos                         
00001ebd  OLED_ShowChar                        
00003735  OLED_ShowString                      
00002fc9  OLED_WR_Byte                         
00005263  PendSV_Handler                       
00005263  RTC_IRQHandler                       
00001b29  Read_LSM6DSV16X                      
00005281  Reset_Handler                        
00005263  SPI0_IRQHandler                      
00005263  SPI1_IRQHandler                      
00005263  SVC_Handler                          
00001511  SYSCFG_DL_GPIO_init                  
00003b15  SYSCFG_DL_I2C_LSM6DSV16X_init        
00003b6d  SYSCFG_DL_I2C_OLED_init              
000030f5  SYSCFG_DL_PWM_MOTOR_init             
00003185  SYSCFG_DL_PWM_SERVO_init             
00003ddd  SYSCFG_DL_SYSCTL_init                
00003d01  SYSCFG_DL_UART_OPENMV_init           
000044fd  SYSCFG_DL_init                       
00003215  SYSCFG_DL_initPower                  
0000119d  Set_Speed                            
00005185  SysTick_Handler                      
00004ef9  SysTick_Init                         
00005263  TIMA0_IRQHandler                     
00005263  TIMA1_IRQHandler                     
00005263  TIMG0_IRQHandler                     
00005263  TIMG12_IRQHandler                    
00005263  TIMG6_IRQHandler                     
00005263  TIMG7_IRQHandler                     
00005263  TIMG8_IRQHandler                     
00005141  TI_memcpy_small                      
000051e1  TI_memset_small                      
000036b5  Track_Get_Error                      
000051f1  Track_Get_Left_Speed                 
000051fd  Track_Get_Right_Speed                
00002a41  Track_Get_State                      
0000380f  Track_Init                           
00000e01  Track_PID_Ctrl                       
0000332d  UART0_IRQHandler                     
00005263  UART1_IRQHandler                     
00005263  UART2_IRQHandler                     
00005263  UART3_IRQHandler                     
20208000  __STACK_END                          
00000200  __STACK_SIZE                         
00000000  __TI_ATRegion0_region_sz             
00000000  __TI_ATRegion0_src_addr              
00000000  __TI_ATRegion0_trg_addr              
00000000  __TI_ATRegion1_region_sz             
00000000  __TI_ATRegion1_src_addr              
00000000  __TI_ATRegion1_trg_addr              
00000000  __TI_ATRegion2_region_sz             
00000000  __TI_ATRegion2_src_addr              
00000000  __TI_ATRegion2_trg_addr              
00005cac  __TI_CINIT_Base                      
00005cbc  __TI_CINIT_Limit                     
00005cbc  __TI_CINIT_Warm                      
00005c98  __TI_Handler_Table_Base              
00005ca4  __TI_Handler_Table_Limit             
00004449  __TI_auto_init_nobinit_nopinit       
00003639  __TI_decompress_lzss                 
00005153  __TI_decompress_none                 
ffffffff  __TI_pprof_out_hndl                  
000000c1  __TI_printfi_nofloat                 
ffffffff  __TI_prof_data_size                  
ffffffff  __TI_prof_data_start                 
00000000  __TI_static_base__                   
00004fc5  __TI_zero_init_nomemset              
000016cf  __adddf3                             
000027db  __addsf3                             
00005ac0  __aeabi_ctype_table_                 
00005ac0  __aeabi_ctype_table_C                
000036c1  __aeabi_d2f                          
000040e5  __aeabi_d2uiz                        
000016cf  __aeabi_dadd                         
000021fd  __aeabi_ddiv                         
00002611  __aeabi_dmul                         
000016c5  __aeabi_dsub                         
202001ec  __aeabi_errno                        
0000521d  __aeabi_errno_addr                   
00004169  __aeabi_f2d                          
00004535  __aeabi_f2iz                         
000027db  __aeabi_fadd                         
000038d9  __aeabi_fcmpeq                       
00003915  __aeabi_fcmpge                       
00003929  __aeabi_fcmpgt                       
00003901  __aeabi_fcmple                       
000038ed  __aeabi_fcmplt                       
000034bd  __aeabi_fdiv                         
000032a1  __aeabi_fmul                         
000027d1  __aeabi_fsub                         
00004729  __aeabi_i2d                          
000043d1  __aeabi_i2f                          
00001857  __aeabi_idiv0                        
0000260f  __aeabi_ldiv0                        
000049c9  __aeabi_llsl                         
000048bd  __aeabi_lmul                         
00005225  __aeabi_memcpy                       
00005225  __aeabi_memcpy4                      
00005225  __aeabi_memcpy8                      
000051c5  __aeabi_memset                       
000051c5  __aeabi_memset4                      
000051c5  __aeabi_memset8                      
00004129  __aeabi_uidiv                        
00004129  __aeabi_uidivmod                     
000050cd  __aeabi_uldivmod                     
000049c9  __ashldi3                            
ffffffff  __binit__                            
00004485  __cmpsf2                             
000021fd  __divdf3                             
000034bd  __divsf3                             
00004485  __eqsf2                              
00004169  __extendsfdf2                        
00004535  __fixsfsi                            
000040e5  __fixunsdfsi                         
00004729  __floatsidf                          
000043d1  __floatsisf                          
0000440d  __gesf2                              
0000440d  __gtsf2                              
00004485  __lesf2                              
00004485  __ltsf2                              
UNDEFED   __mpu_init                           
00002611  __muldf3                             
000048bd  __muldi3                             
000044c1  __muldsi3                            
000032a1  __mulsf3                             
00004485  __nesf2                              
20207e00  __stack                              
20200000  __start___llvm_prf_bits              
20200000  __start___llvm_prf_cnts              
20200000  __stop___llvm_prf_bits               
20200000  __stop___llvm_prf_cnts               
000016c5  __subdf3                             
000027d1  __subsf3                             
000036c1  __truncdfsf2                         
00002e85  __udivmoddi4                         
00004849  _c_int00_noargs                      
UNDEFED   _system_post_cinit                   
00005295  _system_pre_init                     
0000525d  abort                                
202001bc  accel                                
202001f8  angle                                
00005890  asc2_0806                            
000052a0  asc2_1608                            
000019c9  asinf                                
00001fd5  atan2f                               
00000fd5  atanf                                
000041a9  atoi                                 
ffffffff  binit                                
000050e1  buzzer_off                           
000050f5  buzzer_on                            
202001fa  cx                                   
00005195  delay_ms                             
20200198  dev_ctx                              
20200208  enable_group1_irq                    
20200000  gPWM_MOTORBackup                     
202000bc  gPWM_SERVOBackup                     
202001c2  gyro                                 
00000000  interruptVectors                     
00003f8d  lsm6dsv16x_block_data_update_set     
00003fd3  lsm6dsv16x_data_ready_mode_set       
00004bc5  lsm6dsv16x_device_id_get             
0000405d  lsm6dsv16x_fifo_gy_batch_set         
00003e25  lsm6dsv16x_fifo_mode_set             
00000929  lsm6dsv16x_fifo_out_raw_get          
00003061  lsm6dsv16x_fifo_sflp_batch_set       
00002979  lsm6dsv16x_fifo_status_get           
00003e6d  lsm6dsv16x_fifo_xl_batch_set         
00005109  lsm6dsv16x_from_f16_to_f32           
00004969  lsm6dsv16x_from_fs2000_to_mdps       
00004989  lsm6dsv16x_from_fs4_to_mg            
00002bc5  lsm6dsv16x_gy_data_rate_set          
00003eb5  lsm6dsv16x_gy_full_scale_set         
0000393b  lsm6dsv16x_mem_bank_set              
00000bc5  lsm6dsv16x_pin_int2_route_set        
000041e9  lsm6dsv16x_read_reg                  
00002d31  lsm6dsv16x_reset_get                 
00002ddd  lsm6dsv16x_reset_set                 
0000353f  lsm6dsv16x_sflp_data_rate_set        
000035bb  lsm6dsv16x_sflp_game_rotation_set    
00004229  lsm6dsv16x_write_reg                 
00002c7b  lsm6dsv16x_xl_data_rate_set          
00003efd  lsm6dsv16x_xl_full_scale_set         
00002309  main                                 
00004905  memccpy                              
00004675  mspm0_delay_ms                       
00004755  mspm0_get_clock_ms                   
20200178  oled_buffer                          
0000399d  oled_i2c_sda_unlock                  
202001d8  pin_int                              
202001c8  pitch                                
202001ac  quat                                 
202001cc  roll                                 
202001dd  rst                                  
20200206  rxbuf                                
0000456d  sprintf                              
00001859  sqrt                                 
00002f29  sqrtf                                
00001859  sqrtl                                
202001d0  start_time                           
202001f4  tick_ms                              
000051b5  wcslen                               
00005c54  weights                              
202001d4  yaw                                  


GLOBAL SYMBOLS: SORTED BY Symbol Address 

address   name                                 
-------   ----                                 
00000000  __TI_ATRegion0_region_sz             
00000000  __TI_ATRegion0_src_addr              
00000000  __TI_ATRegion0_trg_addr              
00000000  __TI_ATRegion1_region_sz             
00000000  __TI_ATRegion1_src_addr              
00000000  __TI_ATRegion1_trg_addr              
00000000  __TI_ATRegion2_region_sz             
00000000  __TI_ATRegion2_src_addr              
00000000  __TI_ATRegion2_trg_addr              
00000000  __TI_static_base__                   
00000000  interruptVectors                     
000000c1  __TI_printfi_nofloat                 
00000200  __STACK_SIZE                         
00000929  lsm6dsv16x_fifo_out_raw_get          
00000bc5  lsm6dsv16x_pin_int2_route_set        
00000e01  Track_PID_Ctrl                       
00000fd5  atanf                                
0000119d  Set_Speed                            
00001511  SYSCFG_DL_GPIO_init                  
000016c5  __aeabi_dsub                         
000016c5  __subdf3                             
000016cf  __adddf3                             
000016cf  __aeabi_dadd                         
00001857  __aeabi_idiv0                        
00001859  sqrt                                 
00001859  sqrtl                                
000019c9  asinf                                
00001b29  Read_LSM6DSV16X                      
00001da5  LSM6DSV16X_Init                      
00001ebd  OLED_ShowChar                        
00001fd5  atan2f                               
000020ed  OLED_Init                            
000021fd  __aeabi_ddiv                         
000021fd  __divdf3                             
00002309  main                                 
00002411  DL_Timer_initFourCCPWMMode           
0000260f  __aeabi_ldiv0                        
00002611  __aeabi_dmul                         
00002611  __muldf3                             
000026f5  DL_SYSCTL_configSYSPLL               
000027d1  __aeabi_fsub                         
000027d1  __subsf3                             
000027db  __addsf3                             
000027db  __aeabi_fadd                         
00002979  lsm6dsv16x_fifo_status_get           
00002a41  Track_Get_State                      
00002bc5  lsm6dsv16x_gy_data_rate_set          
00002c7b  lsm6dsv16x_xl_data_rate_set          
00002d31  lsm6dsv16x_reset_get                 
00002ddd  lsm6dsv16x_reset_set                 
00002e85  __udivmoddi4                         
00002f29  sqrtf                                
00002fc9  OLED_WR_Byte                         
00003061  lsm6dsv16x_fifo_sflp_batch_set       
000030f5  SYSCFG_DL_PWM_MOTOR_init             
00003185  SYSCFG_DL_PWM_SERVO_init             
00003215  SYSCFG_DL_initPower                  
000032a1  __aeabi_fmul                         
000032a1  __mulsf3                             
0000332d  UART0_IRQHandler                     
000034bd  __aeabi_fdiv                         
000034bd  __divsf3                             
0000353f  lsm6dsv16x_sflp_data_rate_set        
000035bb  lsm6dsv16x_sflp_game_rotation_set    
00003639  __TI_decompress_lzss                 
000036b5  Track_Get_Error                      
000036c1  __aeabi_d2f                          
000036c1  __truncdfsf2                         
00003735  OLED_ShowString                      
000037a5  OLED_Clear                           
0000380f  Track_Init                           
000038d9  __aeabi_fcmpeq                       
000038ed  __aeabi_fcmplt                       
00003901  __aeabi_fcmple                       
00003915  __aeabi_fcmpge                       
00003929  __aeabi_fcmpgt                       
0000393b  lsm6dsv16x_mem_bank_set              
0000399d  oled_i2c_sda_unlock                  
000039fd  DL_I2C_fillControllerTXFIFO          
00003b15  SYSCFG_DL_I2C_LSM6DSV16X_init        
00003b6d  SYSCFG_DL_I2C_OLED_init              
00003d01  SYSCFG_DL_UART_OPENMV_init           
00003d4d  DL_UART_init                         
00003d95  Motor_Off                            
00003ddd  SYSCFG_DL_SYSCTL_init                
00003e25  lsm6dsv16x_fifo_mode_set             
00003e6d  lsm6dsv16x_fifo_xl_batch_set         
00003eb5  lsm6dsv16x_gy_full_scale_set         
00003efd  lsm6dsv16x_xl_full_scale_set         
00003f8d  lsm6dsv16x_block_data_update_set     
00003fd3  lsm6dsv16x_data_ready_mode_set       
00004019  DL_SYSCTL_switchMCLKfromSYSOSCtoHSCLK
0000405d  lsm6dsv16x_fifo_gy_batch_set         
000040e5  __aeabi_d2uiz                        
000040e5  __fixunsdfsi                         
00004129  __aeabi_uidiv                        
00004129  __aeabi_uidivmod                     
00004169  __aeabi_f2d                          
00004169  __extendsfdf2                        
000041a9  atoi                                 
000041e9  lsm6dsv16x_read_reg                  
00004229  lsm6dsv16x_write_reg                 
0000431d  DL_I2C_flushControllerTXFIFO         
00004395  OLED_Set_Pos                         
000043d1  __aeabi_i2f                          
000043d1  __floatsisf                          
0000440d  __gesf2                              
0000440d  __gtsf2                              
00004449  __TI_auto_init_nobinit_nopinit       
00004485  __cmpsf2                             
00004485  __eqsf2                              
00004485  __lesf2                              
00004485  __ltsf2                              
00004485  __nesf2                              
000044c1  __muldsi3                            
000044fd  SYSCFG_DL_init                       
00004535  __aeabi_f2iz                         
00004535  __fixsfsi                            
0000456d  sprintf                              
00004675  mspm0_delay_ms                       
00004729  __aeabi_i2d                          
00004729  __floatsidf                          
00004755  mspm0_get_clock_ms                   
00004849  _c_int00_noargs                      
00004897  DL_I2C_setClockConfig                
000048bd  __aeabi_lmul                         
000048bd  __muldi3                             
00004905  memccpy                              
00004969  lsm6dsv16x_from_fs2000_to_mdps       
00004989  lsm6dsv16x_from_fs4_to_mg            
000049c9  __aeabi_llsl                         
000049c9  __ashldi3                            
00004b39  DL_Timer_setCaptCompUpdateMethod     
00004b55  DL_Timer_setClockConfig              
00004b8d  Interrupt_Init                       
00004ba9  Motor_On                             
00004bc5  lsm6dsv16x_device_id_get             
00004e99  DL_Timer_setCaptureCompareOutCtl     
00004ef9  SysTick_Init                         
00004faf  GROUP1_IRQHandler                    
00004fc5  __TI_zero_init_nomemset              
000050cd  __aeabi_uldivmod                     
000050e1  buzzer_off                           
000050f5  buzzer_on                            
00005109  lsm6dsv16x_from_f16_to_f32           
0000512f  DL_UART_setClockConfig               
00005141  TI_memcpy_small                      
00005153  __TI_decompress_none                 
00005175  DL_Timer_setCaptureCompareValue      
00005185  SysTick_Handler                      
00005195  delay_ms                             
000051b5  wcslen                               
000051c5  __aeabi_memset                       
000051c5  __aeabi_memset4                      
000051c5  __aeabi_memset8                      
000051e1  TI_memset_small                      
000051f1  Track_Get_Left_Speed                 
000051fd  Track_Get_Right_Speed                
00005209  DL_Common_delayCycles                
0000521d  __aeabi_errno_addr                   
00005225  __aeabi_memcpy                       
00005225  __aeabi_memcpy4                      
00005225  __aeabi_memcpy8                      
0000525d  abort                                
00005263  ADC0_IRQHandler                      
00005263  ADC1_IRQHandler                      
00005263  AES_IRQHandler                       
00005263  CANFD0_IRQHandler                    
00005263  DAC0_IRQHandler                      
00005263  DMA_IRQHandler                       
00005263  Default_Handler                      
00005263  GROUP0_IRQHandler                    
00005263  HardFault_Handler                    
00005263  I2C0_IRQHandler                      
00005263  I2C1_IRQHandler                      
00005263  NMI_Handler                          
00005263  PendSV_Handler                       
00005263  RTC_IRQHandler                       
00005263  SPI0_IRQHandler                      
00005263  SPI1_IRQHandler                      
00005263  SVC_Handler                          
00005263  TIMA0_IRQHandler                     
00005263  TIMA1_IRQHandler                     
00005263  TIMG0_IRQHandler                     
00005263  TIMG12_IRQHandler                    
00005263  TIMG6_IRQHandler                     
00005263  TIMG7_IRQHandler                     
00005263  TIMG8_IRQHandler                     
00005263  UART1_IRQHandler                     
00005263  UART2_IRQHandler                     
00005263  UART3_IRQHandler                     
00005266  C$$EXIT                              
00005267  HOSTexit                             
00005281  Reset_Handler                        
00005295  _system_pre_init                     
000052a0  asc2_1608                            
00005890  asc2_0806                            
00005ac0  __aeabi_ctype_table_                 
00005ac0  __aeabi_ctype_table_C                
00005c54  weights                              
00005c98  __TI_Handler_Table_Base              
00005ca4  __TI_Handler_Table_Limit             
00005cac  __TI_CINIT_Base                      
00005cbc  __TI_CINIT_Limit                     
00005cbc  __TI_CINIT_Warm                      
20200000  __start___llvm_prf_bits              
20200000  __start___llvm_prf_cnts              
20200000  __stop___llvm_prf_bits               
20200000  __stop___llvm_prf_cnts               
20200000  gPWM_MOTORBackup                     
202000bc  gPWM_SERVOBackup                     
20200178  oled_buffer                          
20200198  dev_ctx                              
202001ac  quat                                 
202001bc  accel                                
202001c2  gyro                                 
202001c8  pitch                                
202001cc  roll                                 
202001d0  start_time                           
202001d4  yaw                                  
202001d8  pin_int                              
202001dd  rst                                  
202001ec  __aeabi_errno                        
202001f4  tick_ms                              
202001f8  angle                                
202001fa  cx                                   
20200206  rxbuf                                
20200208  enable_group1_irq                    
20207e00  __stack                              
20208000  __STACK_END                          
ffffffff  __TI_pprof_out_hndl                  
ffffffff  __TI_prof_data_size                  
ffffffff  __TI_prof_data_start                 
ffffffff  __binit__                            
ffffffff  binit                                
UNDEFED   __mpu_init                           
UNDEFED   _system_post_cinit                   

[237 symbols]
