******************************************************************************
            TI ARM Clang Linker PC v4.0.3                      
******************************************************************************
>> Linked Thu Jul 24 21:05:32 2025

OUTPUT FILE NAME:   <m0_follow_car.out>
ENTRY POINT SYMBOL: "_c_int00_noargs"  address: 00003971


MEMORY CONFIGURATION

         name            origin    length      used     unused   attr    fill
----------------------  --------  ---------  --------  --------  ----  --------
  FLASH                 00000000   00020000  00004b90  0001b470  R  X
  SRAM                  20200000   00008000  000003d1  00007c2f  RW X
  BCR_CONFIG            41c00000   000000ff  00000000  000000ff  R   
  BSL_CONFIG            41c00100   00000080  00000000  00000080  R   


SEGMENT ALLOCATION MAP

run origin  load origin   length   init length attrs members
----------  ----------- ---------- ----------- ----- -------
00000000    00000000    00004b90   00004b90    r-x
  00000000    00000000    000000c0   000000c0    r-- .intvecs
  000000c0    000000c0    00004210   00004210    r-x .text
  000042d0    000042d0    00000890   00000890    r-- .rodata
  00004b60    00004b60    00000030   00000030    r-- .cinit
20200000    20200000    000001d3   00000000    rw-
  20200000    20200000    000001be   00000000    rw- .bss
  202001c0    202001c0    00000013   00000000    rw- .data
20207e00    20207e00    00000200   00000000    rw-
  20207e00    20207e00    00000200   00000000    rw- .stack


SECTION ALLOCATION MAP

 output                                  attributes/
section   page    origin      length       input sections
--------  ----  ----------  ----------   ----------------
.intvecs   0    00000000    000000c0     
                  00000000    000000c0     startup_mspm0g350x_ticlang.o (.intvecs)

.text      0    000000c0    00004210     
                  000000c0    0000029c     lsm6dsv16x_reg.o (.text.lsm6dsv16x_fifo_out_raw_get)
                  0000035c    0000023c     lsm6dsv16x_reg.o (.text.lsm6dsv16x_pin_int2_route_set)
                  00000598    000001c8     libc.a : s_atanf.c.obj (.text.atanf)
                  00000760    000001b8     lsm6dsv16x.o (.text.quat_to_euler)
                  00000918    000001b4     ti_msp_dl_config.o (.text.SYSCFG_DL_GPIO_init)
                  00000acc    00000192     libclang_rt.builtins.a : adddf3.S.obj (.text.adddf3_subdf3)
                  00000c5e    00000002                            : aeabi_div0.c.obj (.text.__aeabi_idiv0)
                  00000c60    00000170     libc.a : e_sqrt.c.obj (.text.sqrt)
                  00000dd0    00000160            : e_asinf.c.obj (.text.asinf)
                  00000f30    0000014c     lsm6dsv16x.o (.text.Read_LSM6DSV16X)
                  0000107c    00000130     lsm6dsv16x.o (.text.platform_read)
                  000011ac    00000118     lsm6dsv16x.o (.text.LSM6DSV16X_Init)
                  000012c4    00000118     oled_hardware_i2c.o (.text.OLED_ShowChar)
                  000013dc    00000118     libc.a : e_atan2f.c.obj (.text.atan2f)
                  000014f4    00000110     oled_hardware_i2c.o (.text.OLED_Init)
                  00001604    00000104     driverlib.a : dl_timer.o (.text.DL_Timer_initFourCCPWMMode)
                  00001708    000000fa     lsm6dsv16x.o (.text.sflp2q)
                  00001802    00000002     --HOLE-- [fill = 0]
                  00001804    000000e4     libclang_rt.builtins.a : muldf3.S.obj (.text.__muldf3)
                  000018e8    000000dc     driverlib.a : dl_sysctl_mspm0g1x0x_g3x0x.o (.text.DL_SYSCTL_configSYSPLL)
                  000019c4    000000d8     libclang_rt.builtins.a : addsf3.S.obj (.text)
                  00001a9c    000000d0     lsm6dsv16x_reg.o (.text.ToFloatBits)
                  00001b6c    000000cc     main.o (.text.main)
                  00001c38    000000c8     lsm6dsv16x_reg.o (.text.lsm6dsv16x_fifo_status_get)
                  00001d00    000000c4     track.o (.text.Track_Get_State)
                  00001dc4    000000c0     lsm6dsv16x.o (.text.platform_write)
                  00001e84    000000b6     lsm6dsv16x_reg.o (.text.lsm6dsv16x_gy_data_rate_set)
                  00001f3a    000000b4     lsm6dsv16x_reg.o (.text.lsm6dsv16x_xl_data_rate_set)
                  00001fee    00000002     --HOLE-- [fill = 0]
                  00001ff0    000000ac     lsm6dsv16x_reg.o (.text.lsm6dsv16x_reset_get)
                  0000209c    000000a6     lsm6dsv16x_reg.o (.text.lsm6dsv16x_reset_set)
                  00002142    00000002     --HOLE-- [fill = 0]
                  00002144    000000a0     libc.a : e_sqrtf.c.obj (.text.sqrtf)
                  000021e4    00000098     oled_hardware_i2c.o (.text.OLED_WR_Byte)
                  0000227c    00000094     lsm6dsv16x_reg.o (.text.lsm6dsv16x_fifo_sflp_batch_set)
                  00002310    00000090     ti_msp_dl_config.o (.text.SYSCFG_DL_PWM_MOTOR_init)
                  000023a0    00000090     ti_msp_dl_config.o (.text.SYSCFG_DL_PWM_SERVO_init)
                  00002430    0000008c     ti_msp_dl_config.o (.text.SYSCFG_DL_initPower)
                  000024bc    0000008c     libclang_rt.builtins.a : mulsf3.S.obj (.text.__mulsf3)
                  00002548    00000088     main.o (.text.UART0_IRQHandler)
                  000025d0    00000084     clock.o (.text.__NVIC_SetPriority)
                  00002654    00000084     ti_msp_dl_config.o (.text.__NVIC_SetPriority)
                  000026d8    00000082     libclang_rt.builtins.a : divsf3.S.obj (.text.__divsf3)
                  0000275a    0000007c     lsm6dsv16x_reg.o (.text.lsm6dsv16x_sflp_data_rate_set)
                  000027d6    0000007c     lsm6dsv16x_reg.o (.text.lsm6dsv16x_sflp_game_rotation_set)
                  00002852    00000002     --HOLE-- [fill = 0]
                  00002854    0000007c     libc.a : copy_decompress_lzss.c.obj (.text:decompress:lzss)
                  000028d0    00000074     libclang_rt.builtins.a : truncdfsf2.S.obj (.text.__truncdfsf2)
                  00002944    00000070     oled_hardware_i2c.o (.text.OLED_ShowString)
                  000029b4    0000006a     oled_hardware_i2c.o (.text.OLED_Clear)
                  00002a1e    00000064     track.o (.text.Track_Init)
                  00002a82    00000002     --HOLE-- [fill = 0]
                  00002a84    00000064     lsm6dsv16x.o (.text.mspm0_i2c_sda_unlock)
                  00002ae8    00000062     libclang_rt.builtins.a : aeabi_fcmp.S.obj (.text.__aeabi_fcmp)
                  00002b4a    00000062     lsm6dsv16x_reg.o (.text.lsm6dsv16x_mem_bank_set)
                  00002bac    00000060     oled_hardware_i2c.o (.text.oled_i2c_sda_unlock)
                  00002c0c    0000005e     driverlib.a : dl_i2c.o (.text.DL_I2C_fillControllerTXFIFO)
                  00002c6a    00000002     --HOLE-- [fill = 0]
                  00002c6c    0000005c     lsm6dsv16x.o (.text.mspm0_i2c_enable)
                  00002cc8    0000005c     oled_hardware_i2c.o (.text.mspm0_i2c_enable)
                  00002d24    00000058     ti_msp_dl_config.o (.text.SYSCFG_DL_I2C_LSM6DSV16X_init)
                  00002d7c    00000058     ti_msp_dl_config.o (.text.SYSCFG_DL_I2C_OLED_init)
                  00002dd4    00000050     lsm6dsv16x.o (.text.DL_I2C_startControllerTransfer)
                  00002e24    00000050     oled_hardware_i2c.o (.text.DL_I2C_startControllerTransfer)
                  00002e74    00000050     clock.o (.text.SysTick_Config)
                  00002ec4    0000004c     ti_msp_dl_config.o (.text.DL_UART_setBaudRateDivisor)
                  00002f10    0000004c     ti_msp_dl_config.o (.text.SYSCFG_DL_UART_OPENMV_init)
                  00002f5c    00000048     driverlib.a : dl_uart.o (.text.DL_UART_init)
                  00002fa4    00000048     motor.o (.text.Motor_Off)
                  00002fec    00000048     ti_msp_dl_config.o (.text.SYSCFG_DL_SYSCTL_init)
                  00003034    00000048     lsm6dsv16x_reg.o (.text.lsm6dsv16x_fifo_mode_set)
                  0000307c    00000048     lsm6dsv16x_reg.o (.text.lsm6dsv16x_fifo_xl_batch_set)
                  000030c4    00000048     lsm6dsv16x_reg.o (.text.lsm6dsv16x_gy_full_scale_set)
                  0000310c    00000048     lsm6dsv16x_reg.o (.text.lsm6dsv16x_xl_full_scale_set)
                  00003154    00000048     lsm6dsv16x.o (.text.mspm0_i2c_disable)
                  0000319c    00000046     lsm6dsv16x_reg.o (.text.lsm6dsv16x_block_data_update_set)
                  000031e2    00000046     lsm6dsv16x_reg.o (.text.lsm6dsv16x_data_ready_mode_set)
                  00003228    00000044     driverlib.a : dl_sysctl_mspm0g1x0x_g3x0x.o (.text.DL_SYSCTL_switchMCLKfromSYSOSCtoHSCLK)
                  0000326c    00000044     lsm6dsv16x_reg.o (.text.lsm6dsv16x_fifo_gy_batch_set)
                  000032b0    00000044     oled_hardware_i2c.o (.text.mspm0_i2c_disable)
                  000032f4    00000040     libclang_rt.builtins.a : aeabi_uidivmod.S.obj (.text.__aeabi_uidivmod)
                  00003334    00000040                            : extendsfdf2.S.obj (.text.__extendsfdf2)
                  00003374    00000040     lsm6dsv16x_reg.o (.text.lsm6dsv16x_read_reg)
                  000033b4    00000040     lsm6dsv16x_reg.o (.text.lsm6dsv16x_write_reg)
                  000033f4    0000003c     lsm6dsv16x.o (.text.DL_GPIO_initPeripheralInputFunctionFeatures)
                  00003430    0000003c     oled_hardware_i2c.o (.text.DL_GPIO_initPeripheralInputFunctionFeatures)
                  0000346c    0000003c     ti_msp_dl_config.o (.text.DL_GPIO_initPeripheralInputFunctionFeatures)
                  000034a8    0000003c     driverlib.a : dl_i2c.o (.text.DL_I2C_flushControllerTXFIFO)
                  000034e4    0000003c     ti_msp_dl_config.o (.text.DL_Timer_setCounterControl)
                  00003520    0000003c     oled_hardware_i2c.o (.text.OLED_Set_Pos)
                  0000355c    0000003c     libclang_rt.builtins.a : floatsisf.S.obj (.text.__floatsisf)
                  00003598    0000003c                            : comparesf2.S.obj (.text.__gtsf2)
                  000035d4    0000003c     libc.a : autoinit.c.obj (.text:__TI_auto_init_nobinit_nopinit)
                  00003610    0000003a     libclang_rt.builtins.a : comparesf2.S.obj (.text.__eqsf2)
                  0000364a    00000002     --HOLE-- [fill = 0]
                  0000364c    0000003a                            : muldsi3.S.obj (.text.__muldsi3)
                  00003686    00000002     --HOLE-- [fill = 0]
                  00003688    00000038     ti_msp_dl_config.o (.text.SYSCFG_DL_init)
                  000036c0    00000038     libclang_rt.builtins.a : fixsfsi.S.obj (.text.__fixsfsi)
                  000036f8    00000034     lsm6dsv16x.o (.text.DL_GPIO_initDigitalInputFeatures)
                  0000372c    00000034     oled_hardware_i2c.o (.text.DL_GPIO_initDigitalInputFeatures)
                  00003760    00000034     ti_msp_dl_config.o (.text.DL_GPIO_initDigitalInputFeatures)
                  00003794    00000034     track.o (.text.DL_GPIO_initDigitalInputFeatures)
                  000037c8    00000030     clock.o (.text.mspm0_delay_ms)
                  000037f8    0000002c     main.o (.text.__NVIC_ClearPendingIRQ)
                  00003824    0000002c     interrupt.o (.text.__NVIC_EnableIRQ)
                  00003850    0000002c     main.o (.text.__NVIC_EnableIRQ)
                  0000387c    0000002c     clock.o (.text.mspm0_get_clock_ms)
                  000038a8    00000028     lsm6dsv16x.o (.text.DL_Common_updateReg)
                  000038d0    00000028     oled_hardware_i2c.o (.text.DL_Common_updateReg)
                  000038f8    00000028     ti_msp_dl_config.o (.text.DL_Common_updateReg)
                  00003920    00000028     ti_msp_dl_config.o (.text.DL_I2C_setControllerRXFIFOThreshold)
                  00003948    00000028     ti_msp_dl_config.o (.text.DL_I2C_setControllerTXFIFOThreshold)
                  00003970    00000028     libc.a : boot_cortex_m.c.obj (.text:_c_int00_noargs)
                  00003998    00000026     ti_msp_dl_config.o (.text.DL_I2C_setAnalogGlitchFilterPulseWidth)
                  000039be    00000026     driverlib.a : dl_i2c.o (.text.DL_I2C_setClockConfig)
                  000039e4    00000024     lsm6dsv16x_reg.o (.text.bytecpy)
                  00003a08    00000020     ti_msp_dl_config.o (.text.DL_GPIO_initPeripheralInputFunction)
                  00003a28    00000020     ti_msp_dl_config.o (.text.DL_SYSCTL_setFlashWaitState)
                  00003a48    00000020     lsm6dsv16x_reg.o (.text.lsm6dsv16x_from_fs2000_to_mdps)
                  00003a68    00000020     lsm6dsv16x_reg.o (.text.lsm6dsv16x_from_fs4_to_mg)
                  00003a88    0000001e     ti_msp_dl_config.o (.text.DL_UART_setOversampling)
                  00003aa6    00000002     --HOLE-- [fill = 0]
                  00003aa8    0000001c     ti_msp_dl_config.o (.text.DL_GPIO_clearInterruptStatus)
                  00003ac4    0000001c     lsm6dsv16x.o (.text.DL_GPIO_enableHiZ)
                  00003ae0    0000001c     oled_hardware_i2c.o (.text.DL_GPIO_enableHiZ)
                  00003afc    0000001c     ti_msp_dl_config.o (.text.DL_GPIO_enableHiZ)
                  00003b18    0000001c     ti_msp_dl_config.o (.text.DL_GPIO_enableInterrupt)
                  00003b34    0000001c     ti_msp_dl_config.o (.text.DL_GPIO_initPeripheralOutputFunction)
                  00003b50    0000001c     ti_msp_dl_config.o (.text.DL_GPIO_setLowerPinsPolarity)
                  00003b6c    0000001c     oled_hardware_i2c.o (.text.DL_I2C_getSDAStatus)
                  00003b88    0000001c     lsm6dsv16x.o (.text.DL_I2C_isControllerRXFIFOEmpty)
                  00003ba4    0000001c     interrupt.o (.text.DL_Interrupt_getPendingGroup)
                  00003bc0    0000001c     ti_msp_dl_config.o (.text.DL_SYSCTL_setSYSOSCFreq)
                  00003bdc    0000001c     ti_msp_dl_config.o (.text.DL_SYSCTL_setULPCLKDivider)
                  00003bf8    0000001c     driverlib.a : dl_timer.o (.text.DL_Timer_setCaptCompUpdateMethod)
                  00003c14    0000001c                 : dl_timer.o (.text.DL_Timer_setClockConfig)
                  00003c30    0000001c     ti_msp_dl_config.o (.text.DL_UART_enableInterrupt)
                  00003c4c    0000001c     interrupt.o (.text.Interrupt_Init)
                  00003c68    0000001c     motor.o (.text.Motor_On)
                  00003c84    0000001c     lsm6dsv16x_reg.o (.text.lsm6dsv16x_device_id_get)
                  00003ca0    00000018     lsm6dsv16x.o (.text.DL_GPIO_enableOutput)
                  00003cb8    00000018     oled_hardware_i2c.o (.text.DL_GPIO_enableOutput)
                  00003cd0    00000018     ti_msp_dl_config.o (.text.DL_GPIO_enableOutput)
                  00003ce8    00000018     ti_msp_dl_config.o (.text.DL_GPIO_enablePower)
                  00003d00    00000018     lsm6dsv16x.o (.text.DL_GPIO_initDigitalOutput)
                  00003d18    00000018     oled_hardware_i2c.o (.text.DL_GPIO_initDigitalOutput)
                  00003d30    00000018     ti_msp_dl_config.o (.text.DL_GPIO_initDigitalOutput)
                  00003d48    00000018     ti_msp_dl_config.o (.text.DL_GPIO_reset)
                  00003d60    00000018     buzzer.o (.text.DL_GPIO_setPins)
                  00003d78    00000018     lsm6dsv16x.o (.text.DL_GPIO_setPins)
                  00003d90    00000018     motor.o (.text.DL_GPIO_setPins)
                  00003da8    00000018     oled_hardware_i2c.o (.text.DL_GPIO_setPins)
                  00003dc0    00000018     lsm6dsv16x.o (.text.DL_I2C_clearInterruptStatus)
                  00003dd8    00000018     oled_hardware_i2c.o (.text.DL_I2C_clearInterruptStatus)
                  00003df0    00000018     ti_msp_dl_config.o (.text.DL_I2C_enableAnalogGlitchFilter)
                  00003e08    00000018     ti_msp_dl_config.o (.text.DL_I2C_enableController)
                  00003e20    00000018     ti_msp_dl_config.o (.text.DL_I2C_enableControllerClockStretching)
                  00003e38    00000018     lsm6dsv16x.o (.text.DL_I2C_enablePower)
                  00003e50    00000018     oled_hardware_i2c.o (.text.DL_I2C_enablePower)
                  00003e68    00000018     ti_msp_dl_config.o (.text.DL_I2C_enablePower)
                  00003e80    00000018     lsm6dsv16x.o (.text.DL_I2C_getRawInterruptStatus)
                  00003e98    00000018     oled_hardware_i2c.o (.text.DL_I2C_getRawInterruptStatus)
                  00003eb0    00000018     lsm6dsv16x.o (.text.DL_I2C_reset)
                  00003ec8    00000018     oled_hardware_i2c.o (.text.DL_I2C_reset)
                  00003ee0    00000018     ti_msp_dl_config.o (.text.DL_I2C_reset)
                  00003ef8    00000018     ti_msp_dl_config.o (.text.DL_I2C_setTimerPeriod)
                  00003f10    00000018     ti_msp_dl_config.o (.text.DL_SYSCTL_setBORThreshold)
                  00003f28    00000018     ti_msp_dl_config.o (.text.DL_Timer_enablePower)
                  00003f40    00000018     ti_msp_dl_config.o (.text.DL_Timer_reset)
                  00003f58    00000018     driverlib.a : dl_timer.o (.text.DL_Timer_setCaptureCompareOutCtl)
                  00003f70    00000018     motor.o (.text.DL_Timer_startCounter)
                  00003f88    00000018     ti_msp_dl_config.o (.text.DL_UART_enablePower)
                  00003fa0    00000018     ti_msp_dl_config.o (.text.DL_UART_reset)
                  00003fb8    00000018     clock.o (.text.SysTick_Init)
                  00003fd0    00000018     lsm6dsv16x.o (.text.npy_half_to_float)
                  00003fe8    00000016     lsm6dsv16x.o (.text.DL_GPIO_readPins)
                  00003ffe    00000016     oled_hardware_i2c.o (.text.DL_GPIO_readPins)
                  00004014    00000016     track.o (.text.DL_GPIO_readPins)
                  0000402a    00000016     lsm6dsv16x.o (.text.DL_I2C_transmitControllerData)
                  00004040    00000016     ti_msp_dl_config.o (.text.DL_UART_enable)
                  00004056    00000016     interrupt.o (.text.GROUP1_IRQHandler)
                  0000406c    00000016     libc.a : copy_zero_init.c.obj (.text:decompress:ZI:__TI_zero_init_nomemset)
                  00004082    00000014     lsm6dsv16x.o (.text.DL_GPIO_clearPins)
                  00004096    00000014     motor.o (.text.DL_GPIO_clearPins)
                  000040aa    00000014     oled_hardware_i2c.o (.text.DL_GPIO_clearPins)
                  000040be    00000014     ti_msp_dl_config.o (.text.DL_GPIO_clearPins)
                  000040d2    00000002     --HOLE-- [fill = 0]
                  000040d4    00000014     lsm6dsv16x.o (.text.DL_I2C_getControllerStatus)
                  000040e8    00000014     oled_hardware_i2c.o (.text.DL_I2C_getControllerStatus)
                  000040fc    00000014     lsm6dsv16x.o (.text.DL_I2C_receiveControllerData)
                  00004110    00000014     ti_msp_dl_config.o (.text.DL_I2C_resetControllerTransfer)
                  00004124    00000014     ti_msp_dl_config.o (.text.DL_SYSCTL_disableSYSPLL)
                  00004138    00000014     ti_msp_dl_config.o (.text.DL_Timer_enableClock)
                  0000414c    00000014     ti_msp_dl_config.o (.text.DL_Timer_setCCPDirection)
                  00004160    00000014     main.o (.text.DL_UART_receiveData)
                  00004174    00000014     buzzer.o (.text.buzzer_off)
                  00004188    00000014     buzzer.o (.text.buzzer_on)
                  0000419c    00000014     lsm6dsv16x_reg.o (.text.lsm6dsv16x_from_f16_to_f32)
                  000041b0    00000012     main.o (.text.DL_UART_getPendingInterrupt)
                  000041c2    00000012     driverlib.a : dl_uart.o (.text.DL_UART_setClockConfig)
                  000041d4    00000012     libc.a : memcpy16.S.obj (.text:TI_memcpy_small)
                  000041e6    00000012            : copy_decompress_none.c.obj (.text:decompress:none)
                  000041f8    00000010     ti_msp_dl_config.o (.text.DL_SYSCTL_disableHFXT)
                  00004208    00000010     driverlib.a : dl_timer.o (.text.DL_Timer_setCaptureCompareValue)
                  00004218    00000010     interrupt.o (.text.SysTick_Handler)
                  00004228    00000010     oled_hardware_i2c.o (.text.delay_ms)
                  00004238    00000010     lsm6dsv16x.o (.text.platform_delay)
                  00004248    0000000a     driverlib.a : dl_common.o (.text.DL_Common_delayCycles)
                  00004252    00000002     --HOLE-- [fill = 0]
                  00004254    00000008     libc.a : aeabi_portable.c.obj (.text.__aeabi_errno_addr)
                  0000425c    00000008     libclang_rt.builtins.a : aeabi_memcpy.S.obj (.text.__aeabi_memcpy)
                  00004264    00000006     libc.a : e_asinf.c.obj (.text.OUTLINED_FUNCTION_0)
                  0000426a    00000002     --HOLE-- [fill = 0]
                  0000426c    00000010     libclang_rt.builtins.a : mulsf3.S.obj (.tramp.__aeabi_fmul.1)
                  0000427c    00000006     libc.a : s_atanf.c.obj (.text.OUTLINED_FUNCTION_0)
                  00004282    00000002     --HOLE-- [fill = 0]
                  00004284    00000010     libclang_rt.builtins.a : divsf3.S.obj (.tramp.__aeabi_fdiv.1)
                  00004294    00000006     libc.a : exit.c.obj (.text:abort)
                  0000429a    00000004     startup_mspm0g350x_ticlang.o (.text.Default_Handler)
                  0000429e    00000004     libsysbm.a : hostexit.c.obj (.text.HOSTexit)
                  000042a2    00000004     libc.a : s_atanf.c.obj (.text.OUTLINED_FUNCTION_1)
                  000042a6    00000002     --HOLE-- [fill = 0]
                  000042a8    00000010     libclang_rt.builtins.a : addsf3.S.obj (.tramp.__aeabi_fadd.1)
                  000042b8    00000004     startup_mspm0g350x_ticlang.o (.text.Reset_Handler)
                  000042bc    00000010     libc.a : boot_cortex_m.c.obj (.tramp._c_int00_noargs.1)
                  000042cc    00000004            : pre_init.c.obj (.text._system_pre_init)

.cinit     0    00004b60    00000030     
                  00004b60    0000000c     (.cinit..data.load) [load image, compression = lzss]
                  00004b6c    0000000c     (__TI_handler_table)
                  00004b78    00000008     (.cinit..bss.load) [load image, compression = zero_init]
                  00004b80    00000010     (__TI_cinit_table)

.rodata    0    000042d0    00000890     
                  000042d0    000005f0     oled_hardware_i2c.o (.rodata.asc2_1608)
                  000048c0    00000228     oled_hardware_i2c.o (.rodata.asc2_0806)
                  00004ae8    00000028     ti_msp_dl_config.o (.rodata.gSYSPLLConfig)
                  00004b10    00000020     libc.a : s_atanf.c.obj (.rodata.cst16)
                  00004b30    0000000a     ti_msp_dl_config.o (.rodata.gUART_OPENMVConfig)
                  00004b3a    00000002     ti_msp_dl_config.o (.rodata.gI2C_LSM6DSV16XClockConfig)
                  00004b3c    00000008     ti_msp_dl_config.o (.rodata.gPWM_MOTORConfig)
                  00004b44    00000008     ti_msp_dl_config.o (.rodata.gPWM_SERVOConfig)
                  00004b4c    00000008     main.o (.rodata.str1.15159059442110792349.1)
                  00004b54    00000003     ti_msp_dl_config.o (.rodata.gPWM_MOTORClockConfig)
                  00004b57    00000003     ti_msp_dl_config.o (.rodata.gPWM_SERVOClockConfig)
                  00004b5a    00000002     ti_msp_dl_config.o (.rodata.gI2C_OLEDClockConfig)
                  00004b5c    00000002     ti_msp_dl_config.o (.rodata.gUART_OPENMVClockConfig)
                  00004b5e    00000002     --HOLE-- [fill = 0]

.init_array 
*          0    00000000    00000000     UNINITIALIZED

.binit     0    00000000    00000000     

.bss       0    20200000    000001be     UNINITIALIZED
                  20200000    000000bc     (.common:gPWM_MOTORBackup)
                  202000bc    000000bc     (.common:gPWM_SERVOBackup)
                  20200178    00000014     (.common:dev_ctx)
                  2020018c    00000010     (.common:quat)
                  2020019c    00000006     (.common:accel)
                  202001a2    00000006     (.common:gyro)
                  202001a8    00000004     (.common:pitch)
                  202001ac    00000004     (.common:roll)
                  202001b0    00000004     (.common:start_time)
                  202001b4    00000004     (.common:yaw)
                  202001b8    00000003     (.common:pin_int)
                  202001bb    00000001     lsm6dsv16x.o (.bss.fifo_sflp)
                  202001bc    00000001     lsm6dsv16x.o (.bss.whoamI)
                  202001bd    00000001     (.common:rst)

.data      0    202001c0    00000013     UNINITIALIZED
                  202001c0    00000004     libc.a : aeabi_portable.c.obj (.data.__aeabi_errno)
                  202001c4    00000004     main.o (.data.i)
                  202001c8    00000004     clock.o (.data.tick_ms)
                  202001cc    00000002     main.o (.data.angle)
                  202001ce    00000002     main.o (.data.cx)
                  202001d0    00000002     main.o (.data.rxbuf)
                  202001d2    00000001     interrupt.o (.data.enable_group1_irq)

.stack     0    20207e00    00000200     UNINITIALIZED
                  20207e00    00000004     libc.a : boot_cortex_m.c.obj (.stack)
                  20207e04    000001fc     --HOLE--

__llvm_prf_cnts 
*          0    20200000    00000000     UNINITIALIZED

__llvm_prf_bits 
*          0    20200000    00000000     UNINITIALIZED

MODULE SUMMARY

       Module                         code    ro data   rw data
       ------                         ----    -------   -------
    .\
       ti_msp_dl_config.o             2598    78        376    
       main.o                         466     8         10     
       startup_mspm0g350x_ticlang.o   8       192       0      
    +--+------------------------------+-------+---------+---------+
       Total:                         3072    278       386    
                                                               
    .\Drivers\BUZZER\
       buzzer.o                       64      0         0      
    +--+------------------------------+-------+---------+---------+
       Total:                         64      0         0      
                                                               
    .\Drivers\LSM6DSV16X\
       lsm6dsv16x_reg.o               3614    0         0      
       lsm6dsv16x.o                   2662    0         66     
    +--+------------------------------+-------+---------+---------+
       Total:                         6276    0         66     
                                                               
    .\Drivers\MSPM0\
       clock.o                        328     0         8      
       interrupt.o                    138     0         1      
    +--+------------------------------+-------+---------+---------+
       Total:                         466     0         9      
                                                               
    .\Drivers\Motor\
       motor.o                        168     0         0      
    +--+------------------------------+-------+---------+---------+
       Total:                         168     0         0      
                                                               
    .\Drivers\OLED_Hardware_I2C\
       oled_hardware_i2c.o            1772    2072      0      
    +--+------------------------------+-------+---------+---------+
       Total:                         1772    2072      0      
                                                               
    .\Drivers\TRACK\
       track.o                        370     0         0      
    +--+------------------------------+-------+---------+---------+
       Total:                         370     0         0      
                                                               
    D:/TI/mspm0_sdk_2_05_01_00/source/ti/driverlib/lib/ticlang/m0p/mspm0g1x0x_g3x0x/driverlib.a
       dl_timer.o                     356     0         0      
       dl_sysctl_mspm0g1x0x_g3x0x.o   288     0         0      
       dl_i2c.o                       192     0         0      
       dl_uart.o                      90      0         0      
       dl_common.o                    10      0         0      
    +--+------------------------------+-------+---------+---------+
       Total:                         936     0         0      
                                                               
    D:\TI\CCS\ccs\tools\compiler\ti-cgt-armllvm_4.0.3.LTS\lib\armv6m-ti-none-eabi/c/libc.a
       s_atanf.c.obj                  466     32        0      
       e_sqrt.c.obj                   368     0         0      
       e_asinf.c.obj                  358     0         0      
       e_atan2f.c.obj                 280     0         0      
       e_sqrtf.c.obj                  160     0         0      
       copy_decompress_lzss.c.obj     124     0         0      
       autoinit.c.obj                 60      0         0      
       boot_cortex_m.c.obj            56      0         0      
       copy_zero_init.c.obj           22      0         0      
       copy_decompress_none.c.obj     18      0         0      
       memcpy16.S.obj                 18      0         0      
       aeabi_portable.c.obj           8       0         4      
       exit.c.obj                     6       0         0      
       pre_init.c.obj                 4       0         0      
    +--+------------------------------+-------+---------+---------+
       Total:                         1948    32        4      
                                                               
    D:\TI\CCS\ccs\tools\compiler\ti-cgt-armllvm_4.0.3.LTS\lib\armv6m-ti-none-eabi/c/libsysbm.a
       hostexit.c.obj                 4       0         0      
    +--+------------------------------+-------+---------+---------+
       Total:                         4       0         0      
                                                               
    D:\TI\CCS\ccs\tools\compiler\ti-cgt-armllvm_4.0.3.LTS\lib\armv6m-ti-none-eabi/libclang_rt.builtins.a
       adddf3.S.obj                   402     0         0      
       addsf3.S.obj                   232     0         0      
       muldf3.S.obj                   228     0         0      
       mulsf3.S.obj                   156     0         0      
       divsf3.S.obj                   146     0         0      
       comparesf2.S.obj               118     0         0      
       truncdfsf2.S.obj               116     0         0      
       aeabi_fcmp.S.obj               98      0         0      
       aeabi_uidivmod.S.obj           64      0         0      
       extendsfdf2.S.obj              64      0         0      
       floatsisf.S.obj                60      0         0      
       muldsi3.S.obj                  58      0         0      
       fixsfsi.S.obj                  56      0         0      
       aeabi_memcpy.S.obj             8       0         0      
       aeabi_div0.c.obj               2       0         0      
    +--+------------------------------+-------+---------+---------+
       Total:                         1808    0         0      
                                                               
       Stack:                         0       0         512    
       Linker Generated:              0       48        0      
    +--+------------------------------+-------+---------+---------+
       Grand Total:                   16884   2430      977    


LINKER GENERATED COPY TABLES

__TI_cinit_table @ 00004b80 records: 2, size/record: 8, table size: 16
	.data: load addr=00004b60, load size=0000000c bytes, run addr=202001c0, run size=00000013 bytes, compression=lzss
	.bss: load addr=00004b78, load size=00000008 bytes, run addr=20200000, run size=000001be bytes, compression=zero_init


LINKER GENERATED HANDLER TABLE

__TI_handler_table @ 00004b6c records: 3, size/record: 4, table size: 12
	index: 0, handler: __TI_decompress_lzss
	index: 1, handler: __TI_decompress_none
	index: 2, handler: __TI_zero_init


FAR CALL TRAMPOLINES

callee name               trampoline name
   callee addr  tramp addr   call addr  call info
--------------  -----------  ---------  ----------------
__aeabi_fmul              $Tramp$TT$L$PI$$__aeabi_fmul
   000024bd     0000426c     00004268   libc.a : e_asinf.c.obj (.text.OUTLINED_FUNCTION_0)
__aeabi_fdiv              $Tramp$TT$L$PI$$__aeabi_fdiv
   000026d9     00004284     00004280   libc.a : s_atanf.c.obj (.text.OUTLINED_FUNCTION_0)
__aeabi_fadd              $Tramp$TT$L$PI$$__aeabi_fadd
   000019cf     000042a8     000042a4   libc.a : s_atanf.c.obj (.text.OUTLINED_FUNCTION_1)
_c_int00_noargs           $Tramp$TT$L$PI$$_c_int00_noargs
   00003971     000042bc     000042b8   startup_mspm0g350x_ticlang.o (.text.Reset_Handler)

[4 trampolines]
[4 trampoline calls]


GLOBAL SYMBOLS: SORTED ALPHABETICALLY BY Name 

address   name                                 
-------   ----                                 
0000429b  ADC0_IRQHandler                      
0000429b  ADC1_IRQHandler                      
0000429b  AES_IRQHandler                       
0000429e  C$$EXIT                              
0000429b  CANFD0_IRQHandler                    
0000429b  DAC0_IRQHandler                      
00004249  DL_Common_delayCycles                
00002c0d  DL_I2C_fillControllerTXFIFO          
000034a9  DL_I2C_flushControllerTXFIFO         
000039bf  DL_I2C_setClockConfig                
000018e9  DL_SYSCTL_configSYSPLL               
00003229  DL_SYSCTL_switchMCLKfromSYSOSCtoHSCLK
00001605  DL_Timer_initFourCCPWMMode           
00003bf9  DL_Timer_setCaptCompUpdateMethod     
00003f59  DL_Timer_setCaptureCompareOutCtl     
00004209  DL_Timer_setCaptureCompareValue      
00003c15  DL_Timer_setClockConfig              
00002f5d  DL_UART_init                         
000041c3  DL_UART_setClockConfig               
0000429b  DMA_IRQHandler                       
0000429b  Default_Handler                      
0000429b  GROUP0_IRQHandler                    
00004057  GROUP1_IRQHandler                    
0000429f  HOSTexit                             
0000429b  HardFault_Handler                    
0000429b  I2C0_IRQHandler                      
0000429b  I2C1_IRQHandler                      
00003c4d  Interrupt_Init                       
000011ad  LSM6DSV16X_Init                      
00002fa5  Motor_Off                            
00003c69  Motor_On                             
0000429b  NMI_Handler                          
000029b5  OLED_Clear                           
000014f5  OLED_Init                            
00003521  OLED_Set_Pos                         
000012c5  OLED_ShowChar                        
00002945  OLED_ShowString                      
000021e5  OLED_WR_Byte                         
0000429b  PendSV_Handler                       
0000429b  RTC_IRQHandler                       
00000f31  Read_LSM6DSV16X                      
000042b9  Reset_Handler                        
0000429b  SPI0_IRQHandler                      
0000429b  SPI1_IRQHandler                      
0000429b  SVC_Handler                          
00000919  SYSCFG_DL_GPIO_init                  
00002d25  SYSCFG_DL_I2C_LSM6DSV16X_init        
00002d7d  SYSCFG_DL_I2C_OLED_init              
00002311  SYSCFG_DL_PWM_MOTOR_init             
000023a1  SYSCFG_DL_PWM_SERVO_init             
00002fed  SYSCFG_DL_SYSCTL_init                
00002f11  SYSCFG_DL_UART_OPENMV_init           
00003689  SYSCFG_DL_init                       
00002431  SYSCFG_DL_initPower                  
00004219  SysTick_Handler                      
00003fb9  SysTick_Init                         
0000429b  TIMA0_IRQHandler                     
0000429b  TIMA1_IRQHandler                     
0000429b  TIMG0_IRQHandler                     
0000429b  TIMG12_IRQHandler                    
0000429b  TIMG6_IRQHandler                     
0000429b  TIMG7_IRQHandler                     
0000429b  TIMG8_IRQHandler                     
000041d5  TI_memcpy_small                      
00001d01  Track_Get_State                      
00002a1f  Track_Init                           
00002549  UART0_IRQHandler                     
0000429b  UART1_IRQHandler                     
0000429b  UART2_IRQHandler                     
0000429b  UART3_IRQHandler                     
20208000  __STACK_END                          
00000200  __STACK_SIZE                         
00000000  __TI_ATRegion0_region_sz             
00000000  __TI_ATRegion0_src_addr              
00000000  __TI_ATRegion0_trg_addr              
00000000  __TI_ATRegion1_region_sz             
00000000  __TI_ATRegion1_src_addr              
00000000  __TI_ATRegion1_trg_addr              
00000000  __TI_ATRegion2_region_sz             
00000000  __TI_ATRegion2_src_addr              
00000000  __TI_ATRegion2_trg_addr              
00004b80  __TI_CINIT_Base                      
00004b90  __TI_CINIT_Limit                     
00004b90  __TI_CINIT_Warm                      
00004b6c  __TI_Handler_Table_Base              
00004b78  __TI_Handler_Table_Limit             
000035d5  __TI_auto_init_nobinit_nopinit       
00002855  __TI_decompress_lzss                 
000041e7  __TI_decompress_none                 
ffffffff  __TI_pprof_out_hndl                  
ffffffff  __TI_prof_data_size                  
ffffffff  __TI_prof_data_start                 
00000000  __TI_static_base__                   
0000406d  __TI_zero_init_nomemset              
00000ad7  __adddf3                             
000019cf  __addsf3                             
000028d1  __aeabi_d2f                          
00000ad7  __aeabi_dadd                         
00001805  __aeabi_dmul                         
00000acd  __aeabi_dsub                         
202001c0  __aeabi_errno                        
00004255  __aeabi_errno_addr                   
00003335  __aeabi_f2d                          
000036c1  __aeabi_f2iz                         
000019cf  __aeabi_fadd                         
00002ae9  __aeabi_fcmpeq                       
00002b25  __aeabi_fcmpge                       
00002b39  __aeabi_fcmpgt                       
00002b11  __aeabi_fcmple                       
00002afd  __aeabi_fcmplt                       
000026d9  __aeabi_fdiv                         
000024bd  __aeabi_fmul                         
000019c5  __aeabi_fsub                         
0000355d  __aeabi_i2f                          
00000c5f  __aeabi_idiv0                        
0000425d  __aeabi_memcpy                       
0000425d  __aeabi_memcpy4                      
0000425d  __aeabi_memcpy8                      
000032f5  __aeabi_uidiv                        
000032f5  __aeabi_uidivmod                     
ffffffff  __binit__                            
00003611  __cmpsf2                             
000026d9  __divsf3                             
00003611  __eqsf2                              
00003335  __extendsfdf2                        
000036c1  __fixsfsi                            
0000355d  __floatsisf                          
00003599  __gesf2                              
00003599  __gtsf2                              
00003611  __lesf2                              
00003611  __ltsf2                              
UNDEFED   __mpu_init                           
00001805  __muldf3                             
0000364d  __muldsi3                            
000024bd  __mulsf3                             
00003611  __nesf2                              
20207e00  __stack                              
20200000  __start___llvm_prf_bits              
20200000  __start___llvm_prf_cnts              
20200000  __stop___llvm_prf_bits               
20200000  __stop___llvm_prf_cnts               
00000acd  __subdf3                             
000019c5  __subsf3                             
000028d1  __truncdfsf2                         
00003971  _c_int00_noargs                      
UNDEFED   _system_post_cinit                   
000042cd  _system_pre_init                     
00004295  abort                                
2020019c  accel                                
202001cc  angle                                
000048c0  asc2_0806                            
000042d0  asc2_1608                            
00000dd1  asinf                                
000013dd  atan2f                               
00000599  atanf                                
ffffffff  binit                                
00004175  buzzer_off                           
00004189  buzzer_on                            
202001ce  cx                                   
00004229  delay_ms                             
20200178  dev_ctx                              
202001d2  enable_group1_irq                    
20200000  gPWM_MOTORBackup                     
202000bc  gPWM_SERVOBackup                     
202001a2  gyro                                 
202001c4  i                                    
00000000  interruptVectors                     
0000319d  lsm6dsv16x_block_data_update_set     
000031e3  lsm6dsv16x_data_ready_mode_set       
00003c85  lsm6dsv16x_device_id_get             
0000326d  lsm6dsv16x_fifo_gy_batch_set         
00003035  lsm6dsv16x_fifo_mode_set             
000000c1  lsm6dsv16x_fifo_out_raw_get          
0000227d  lsm6dsv16x_fifo_sflp_batch_set       
00001c39  lsm6dsv16x_fifo_status_get           
0000307d  lsm6dsv16x_fifo_xl_batch_set         
0000419d  lsm6dsv16x_from_f16_to_f32           
00003a49  lsm6dsv16x_from_fs2000_to_mdps       
00003a69  lsm6dsv16x_from_fs4_to_mg            
00001e85  lsm6dsv16x_gy_data_rate_set          
000030c5  lsm6dsv16x_gy_full_scale_set         
00002b4b  lsm6dsv16x_mem_bank_set              
0000035d  lsm6dsv16x_pin_int2_route_set        
00003375  lsm6dsv16x_read_reg                  
00001ff1  lsm6dsv16x_reset_get                 
0000209d  lsm6dsv16x_reset_set                 
0000275b  lsm6dsv16x_sflp_data_rate_set        
000027d7  lsm6dsv16x_sflp_game_rotation_set    
000033b5  lsm6dsv16x_write_reg                 
00001f3b  lsm6dsv16x_xl_data_rate_set          
0000310d  lsm6dsv16x_xl_full_scale_set         
00001b6d  main                                 
000037c9  mspm0_delay_ms                       
0000387d  mspm0_get_clock_ms                   
00002bad  oled_i2c_sda_unlock                  
202001b8  pin_int                              
202001a8  pitch                                
2020018c  quat                                 
202001ac  roll                                 
202001bd  rst                                  
202001d0  rxbuf                                
00000c61  sqrt                                 
00002145  sqrtf                                
00000c61  sqrtl                                
202001b0  start_time                           
202001c8  tick_ms                              
202001b4  yaw                                  


GLOBAL SYMBOLS: SORTED BY Symbol Address 

address   name                                 
-------   ----                                 
00000000  __TI_ATRegion0_region_sz             
00000000  __TI_ATRegion0_src_addr              
00000000  __TI_ATRegion0_trg_addr              
00000000  __TI_ATRegion1_region_sz             
00000000  __TI_ATRegion1_src_addr              
00000000  __TI_ATRegion1_trg_addr              
00000000  __TI_ATRegion2_region_sz             
00000000  __TI_ATRegion2_src_addr              
00000000  __TI_ATRegion2_trg_addr              
00000000  __TI_static_base__                   
00000000  interruptVectors                     
000000c1  lsm6dsv16x_fifo_out_raw_get          
00000200  __STACK_SIZE                         
0000035d  lsm6dsv16x_pin_int2_route_set        
00000599  atanf                                
00000919  SYSCFG_DL_GPIO_init                  
00000acd  __aeabi_dsub                         
00000acd  __subdf3                             
00000ad7  __adddf3                             
00000ad7  __aeabi_dadd                         
00000c5f  __aeabi_idiv0                        
00000c61  sqrt                                 
00000c61  sqrtl                                
00000dd1  asinf                                
00000f31  Read_LSM6DSV16X                      
000011ad  LSM6DSV16X_Init                      
000012c5  OLED_ShowChar                        
000013dd  atan2f                               
000014f5  OLED_Init                            
00001605  DL_Timer_initFourCCPWMMode           
00001805  __aeabi_dmul                         
00001805  __muldf3                             
000018e9  DL_SYSCTL_configSYSPLL               
000019c5  __aeabi_fsub                         
000019c5  __subsf3                             
000019cf  __addsf3                             
000019cf  __aeabi_fadd                         
00001b6d  main                                 
00001c39  lsm6dsv16x_fifo_status_get           
00001d01  Track_Get_State                      
00001e85  lsm6dsv16x_gy_data_rate_set          
00001f3b  lsm6dsv16x_xl_data_rate_set          
00001ff1  lsm6dsv16x_reset_get                 
0000209d  lsm6dsv16x_reset_set                 
00002145  sqrtf                                
000021e5  OLED_WR_Byte                         
0000227d  lsm6dsv16x_fifo_sflp_batch_set       
00002311  SYSCFG_DL_PWM_MOTOR_init             
000023a1  SYSCFG_DL_PWM_SERVO_init             
00002431  SYSCFG_DL_initPower                  
000024bd  __aeabi_fmul                         
000024bd  __mulsf3                             
00002549  UART0_IRQHandler                     
000026d9  __aeabi_fdiv                         
000026d9  __divsf3                             
0000275b  lsm6dsv16x_sflp_data_rate_set        
000027d7  lsm6dsv16x_sflp_game_rotation_set    
00002855  __TI_decompress_lzss                 
000028d1  __aeabi_d2f                          
000028d1  __truncdfsf2                         
00002945  OLED_ShowString                      
000029b5  OLED_Clear                           
00002a1f  Track_Init                           
00002ae9  __aeabi_fcmpeq                       
00002afd  __aeabi_fcmplt                       
00002b11  __aeabi_fcmple                       
00002b25  __aeabi_fcmpge                       
00002b39  __aeabi_fcmpgt                       
00002b4b  lsm6dsv16x_mem_bank_set              
00002bad  oled_i2c_sda_unlock                  
00002c0d  DL_I2C_fillControllerTXFIFO          
00002d25  SYSCFG_DL_I2C_LSM6DSV16X_init        
00002d7d  SYSCFG_DL_I2C_OLED_init              
00002f11  SYSCFG_DL_UART_OPENMV_init           
00002f5d  DL_UART_init                         
00002fa5  Motor_Off                            
00002fed  SYSCFG_DL_SYSCTL_init                
00003035  lsm6dsv16x_fifo_mode_set             
0000307d  lsm6dsv16x_fifo_xl_batch_set         
000030c5  lsm6dsv16x_gy_full_scale_set         
0000310d  lsm6dsv16x_xl_full_scale_set         
0000319d  lsm6dsv16x_block_data_update_set     
000031e3  lsm6dsv16x_data_ready_mode_set       
00003229  DL_SYSCTL_switchMCLKfromSYSOSCtoHSCLK
0000326d  lsm6dsv16x_fifo_gy_batch_set         
000032f5  __aeabi_uidiv                        
000032f5  __aeabi_uidivmod                     
00003335  __aeabi_f2d                          
00003335  __extendsfdf2                        
00003375  lsm6dsv16x_read_reg                  
000033b5  lsm6dsv16x_write_reg                 
000034a9  DL_I2C_flushControllerTXFIFO         
00003521  OLED_Set_Pos                         
0000355d  __aeabi_i2f                          
0000355d  __floatsisf                          
00003599  __gesf2                              
00003599  __gtsf2                              
000035d5  __TI_auto_init_nobinit_nopinit       
00003611  __cmpsf2                             
00003611  __eqsf2                              
00003611  __lesf2                              
00003611  __ltsf2                              
00003611  __nesf2                              
0000364d  __muldsi3                            
00003689  SYSCFG_DL_init                       
000036c1  __aeabi_f2iz                         
000036c1  __fixsfsi                            
000037c9  mspm0_delay_ms                       
0000387d  mspm0_get_clock_ms                   
00003971  _c_int00_noargs                      
000039bf  DL_I2C_setClockConfig                
00003a49  lsm6dsv16x_from_fs2000_to_mdps       
00003a69  lsm6dsv16x_from_fs4_to_mg            
00003bf9  DL_Timer_setCaptCompUpdateMethod     
00003c15  DL_Timer_setClockConfig              
00003c4d  Interrupt_Init                       
00003c69  Motor_On                             
00003c85  lsm6dsv16x_device_id_get             
00003f59  DL_Timer_setCaptureCompareOutCtl     
00003fb9  SysTick_Init                         
00004057  GROUP1_IRQHandler                    
0000406d  __TI_zero_init_nomemset              
00004175  buzzer_off                           
00004189  buzzer_on                            
0000419d  lsm6dsv16x_from_f16_to_f32           
000041c3  DL_UART_setClockConfig               
000041d5  TI_memcpy_small                      
000041e7  __TI_decompress_none                 
00004209  DL_Timer_setCaptureCompareValue      
00004219  SysTick_Handler                      
00004229  delay_ms                             
00004249  DL_Common_delayCycles                
00004255  __aeabi_errno_addr                   
0000425d  __aeabi_memcpy                       
0000425d  __aeabi_memcpy4                      
0000425d  __aeabi_memcpy8                      
00004295  abort                                
0000429b  ADC0_IRQHandler                      
0000429b  ADC1_IRQHandler                      
0000429b  AES_IRQHandler                       
0000429b  CANFD0_IRQHandler                    
0000429b  DAC0_IRQHandler                      
0000429b  DMA_IRQHandler                       
0000429b  Default_Handler                      
0000429b  GROUP0_IRQHandler                    
0000429b  HardFault_Handler                    
0000429b  I2C0_IRQHandler                      
0000429b  I2C1_IRQHandler                      
0000429b  NMI_Handler                          
0000429b  PendSV_Handler                       
0000429b  RTC_IRQHandler                       
0000429b  SPI0_IRQHandler                      
0000429b  SPI1_IRQHandler                      
0000429b  SVC_Handler                          
0000429b  TIMA0_IRQHandler                     
0000429b  TIMA1_IRQHandler                     
0000429b  TIMG0_IRQHandler                     
0000429b  TIMG12_IRQHandler                    
0000429b  TIMG6_IRQHandler                     
0000429b  TIMG7_IRQHandler                     
0000429b  TIMG8_IRQHandler                     
0000429b  UART1_IRQHandler                     
0000429b  UART2_IRQHandler                     
0000429b  UART3_IRQHandler                     
0000429e  C$$EXIT                              
0000429f  HOSTexit                             
000042b9  Reset_Handler                        
000042cd  _system_pre_init                     
000042d0  asc2_1608                            
000048c0  asc2_0806                            
00004b6c  __TI_Handler_Table_Base              
00004b78  __TI_Handler_Table_Limit             
00004b80  __TI_CINIT_Base                      
00004b90  __TI_CINIT_Limit                     
00004b90  __TI_CINIT_Warm                      
20200000  __start___llvm_prf_bits              
20200000  __start___llvm_prf_cnts              
20200000  __stop___llvm_prf_bits               
20200000  __stop___llvm_prf_cnts               
20200000  gPWM_MOTORBackup                     
202000bc  gPWM_SERVOBackup                     
20200178  dev_ctx                              
2020018c  quat                                 
2020019c  accel                                
202001a2  gyro                                 
202001a8  pitch                                
202001ac  roll                                 
202001b0  start_time                           
202001b4  yaw                                  
202001b8  pin_int                              
202001bd  rst                                  
202001c0  __aeabi_errno                        
202001c4  i                                    
202001c8  tick_ms                              
202001cc  angle                                
202001ce  cx                                   
202001d0  rxbuf                                
202001d2  enable_group1_irq                    
20207e00  __stack                              
20208000  __STACK_END                          
ffffffff  __TI_pprof_out_hndl                  
ffffffff  __TI_prof_data_size                  
ffffffff  __TI_prof_data_start                 
ffffffff  __binit__                            
ffffffff  binit                                
UNDEFED   __mpu_init                           
UNDEFED   _system_post_cinit                   

[207 symbols]
