<?xml version="1.0" encoding="ISO-8859-1" ?>
<link_info>
   <banner>TI ARM Clang Linker PC v4.0.3.LTS</banner>
   <copyright>Copyright (c) 1996-2018 Texas Instruments Incorporated</copyright>
   <command_line>D:\TI\CCS\ccs\tools\compiler\ti-cgt-armllvm_4.0.3.LTS\bin\tiarmlnk -ID:\TI\CCS\ccs\tools\compiler\ti-cgt-armllvm_4.0.3.LTS\lib -o m0_follow_car.out -mm0_follow_car.map -iD:/TI/mspm0_sdk_2_05_01_00/source -iC:/Users/16200/workspace_ccstheia/m0_follow_car -iC:/Users/16200/workspace_ccstheia/m0_follow_car/Debug/syscfg -iD:/TI/CCS/ccs/tools/compiler/ti-cgt-armllvm_4.0.3.LTS/lib --diag_wrap=off --display_error_number --warn_sections --xml_link_info=m0_follow_car_linkInfo.xml --rom_model ./main.o ./ti_msp_dl_config.o ./startup_mspm0g350x_ticlang.o ./Drivers/BUZZER/buzzer.o ./Drivers/LSM6DSV16X/lsm6dsv16x.o ./Drivers/LSM6DSV16X/lsm6dsv16x_reg.o ./Drivers/MSPM0/clock.o ./Drivers/MSPM0/interrupt.o ./Drivers/Motor/motor.o ./Drivers/OLED_Hardware_I2C/oled_hardware_i2c.o ./Drivers/Servo/Servo.o ./Drivers/TRACK/track.o -l./device_linker.cmd -ldevice.cmd.genlibs -llibc.a -lD:/TI/mspm0_sdk_2_05_01_00/source/ti/driverlib/lib/ticlang/m0p/mspm0g1x0x_g3x0x/driverlib.a --start-group -llibc++.a -llibc++abi.a -llibc.a -llibsys.a -llibsysbm.a -llibclang_rt.builtins.a -llibclang_rt.profile.a --end-group --cg_opt_level=0</command_line>
   <link_time>0x68823746</link_time>
   <link_errors>0x0</link_errors>
   <output_file>C:\Users\16200\workspace_ccstheia\m0_follow_car\Debug\m0_follow_car.out</output_file>
   <entry_point>
      <name>_c_int00_noargs</name>
      <address>0x4849</address>
   </entry_point>
   <input_file_list>
      <input_file id="fl-1">
         <path>C:\Users\16200\workspace_ccstheia\m0_follow_car\Debug\.\</path>
         <kind>object</kind>
         <file>main.o</file>
         <name>main.o</name>
      </input_file>
      <input_file id="fl-2">
         <path>C:\Users\16200\workspace_ccstheia\m0_follow_car\Debug\.\</path>
         <kind>object</kind>
         <file>ti_msp_dl_config.o</file>
         <name>ti_msp_dl_config.o</name>
      </input_file>
      <input_file id="fl-3">
         <path>C:\Users\16200\workspace_ccstheia\m0_follow_car\Debug\.\</path>
         <kind>object</kind>
         <file>startup_mspm0g350x_ticlang.o</file>
         <name>startup_mspm0g350x_ticlang.o</name>
      </input_file>
      <input_file id="fl-4">
         <path>C:\Users\16200\workspace_ccstheia\m0_follow_car\Debug\.\Drivers\BUZZER\</path>
         <kind>object</kind>
         <file>buzzer.o</file>
         <name>buzzer.o</name>
      </input_file>
      <input_file id="fl-5">
         <path>C:\Users\16200\workspace_ccstheia\m0_follow_car\Debug\.\Drivers\LSM6DSV16X\</path>
         <kind>object</kind>
         <file>lsm6dsv16x.o</file>
         <name>lsm6dsv16x.o</name>
      </input_file>
      <input_file id="fl-6">
         <path>C:\Users\16200\workspace_ccstheia\m0_follow_car\Debug\.\Drivers\LSM6DSV16X\</path>
         <kind>object</kind>
         <file>lsm6dsv16x_reg.o</file>
         <name>lsm6dsv16x_reg.o</name>
      </input_file>
      <input_file id="fl-7">
         <path>C:\Users\16200\workspace_ccstheia\m0_follow_car\Debug\.\Drivers\MSPM0\</path>
         <kind>object</kind>
         <file>clock.o</file>
         <name>clock.o</name>
      </input_file>
      <input_file id="fl-8">
         <path>C:\Users\16200\workspace_ccstheia\m0_follow_car\Debug\.\Drivers\MSPM0\</path>
         <kind>object</kind>
         <file>interrupt.o</file>
         <name>interrupt.o</name>
      </input_file>
      <input_file id="fl-9">
         <path>C:\Users\16200\workspace_ccstheia\m0_follow_car\Debug\.\Drivers\Motor\</path>
         <kind>object</kind>
         <file>motor.o</file>
         <name>motor.o</name>
      </input_file>
      <input_file id="fl-a">
         <path>C:\Users\16200\workspace_ccstheia\m0_follow_car\Debug\.\Drivers\OLED_Hardware_I2C\</path>
         <kind>object</kind>
         <file>oled_hardware_i2c.o</file>
         <name>oled_hardware_i2c.o</name>
      </input_file>
      <input_file id="fl-b">
         <path>C:\Users\16200\workspace_ccstheia\m0_follow_car\Debug\.\Drivers\Servo\</path>
         <kind>object</kind>
         <file>Servo.o</file>
         <name>Servo.o</name>
      </input_file>
      <input_file id="fl-c">
         <path>C:\Users\16200\workspace_ccstheia\m0_follow_car\Debug\.\Drivers\TRACK\</path>
         <kind>object</kind>
         <file>track.o</file>
         <name>track.o</name>
      </input_file>
      <input_file id="fl-1a">
         <path>C:\Users\16200\workspace_ccstheia\m0_follow_car\Debug\</path>
         <kind>object</kind>
         <file>&lt;internal&gt;</file>
         <name>&lt;internal&gt;</name>
      </input_file>
      <input_file id="fl-1b">
         <path>D:\TI\mspm0_sdk_2_05_01_00\source\ti\driverlib\lib\ticlang\m0p\mspm0g1x0x_g3x0x\</path>
         <kind>archive</kind>
         <file>driverlib.a</file>
         <name>dl_common.o</name>
      </input_file>
      <input_file id="fl-1c">
         <path>D:\TI\mspm0_sdk_2_05_01_00\source\ti\driverlib\lib\ticlang\m0p\mspm0g1x0x_g3x0x\</path>
         <kind>archive</kind>
         <file>driverlib.a</file>
         <name>dl_i2c.o</name>
      </input_file>
      <input_file id="fl-1d">
         <path>D:\TI\mspm0_sdk_2_05_01_00\source\ti\driverlib\lib\ticlang\m0p\mspm0g1x0x_g3x0x\</path>
         <kind>archive</kind>
         <file>driverlib.a</file>
         <name>dl_timer.o</name>
      </input_file>
      <input_file id="fl-1e">
         <path>D:\TI\mspm0_sdk_2_05_01_00\source\ti\driverlib\lib\ticlang\m0p\mspm0g1x0x_g3x0x\</path>
         <kind>archive</kind>
         <file>driverlib.a</file>
         <name>dl_uart.o</name>
      </input_file>
      <input_file id="fl-1f">
         <path>D:\TI\mspm0_sdk_2_05_01_00\source\ti\driverlib\lib\ticlang\m0p\mspm0g1x0x_g3x0x\</path>
         <kind>archive</kind>
         <file>driverlib.a</file>
         <name>dl_sysctl_mspm0g1x0x_g3x0x.o</name>
      </input_file>
      <input_file id="fl-36">
         <path>D:\TI\CCS\ccs\tools\compiler\ti-cgt-armllvm_4.0.3.LTS\lib\armv6m-ti-none-eabi\c\</path>
         <kind>archive</kind>
         <file>libc.a</file>
         <name>sprintf.c.obj</name>
      </input_file>
      <input_file id="fl-37">
         <path>D:\TI\CCS\ccs\tools\compiler\ti-cgt-armllvm_4.0.3.LTS\lib\armv6m-ti-none-eabi\c\</path>
         <kind>archive</kind>
         <file>libc.a</file>
         <name>e_asinf.c.obj</name>
      </input_file>
      <input_file id="fl-38">
         <path>D:\TI\CCS\ccs\tools\compiler\ti-cgt-armllvm_4.0.3.LTS\lib\armv6m-ti-none-eabi\c\</path>
         <kind>archive</kind>
         <file>libc.a</file>
         <name>e_atan2f.c.obj</name>
      </input_file>
      <input_file id="fl-39">
         <path>D:\TI\CCS\ccs\tools\compiler\ti-cgt-armllvm_4.0.3.LTS\lib\armv6m-ti-none-eabi\c\</path>
         <kind>archive</kind>
         <file>libc.a</file>
         <name>e_sqrtf.c.obj</name>
      </input_file>
      <input_file id="fl-3a">
         <path>D:\TI\CCS\ccs\tools\compiler\ti-cgt-armllvm_4.0.3.LTS\lib\armv6m-ti-none-eabi\c\</path>
         <kind>archive</kind>
         <file>libc.a</file>
         <name>s_atanf.c.obj</name>
      </input_file>
      <input_file id="fl-3b">
         <path>D:\TI\CCS\ccs\tools\compiler\ti-cgt-armllvm_4.0.3.LTS\lib\armv6m-ti-none-eabi\c\</path>
         <kind>archive</kind>
         <file>libc.a</file>
         <name>aeabi_portable.c.obj</name>
      </input_file>
      <input_file id="fl-3c">
         <path>D:\TI\CCS\ccs\tools\compiler\ti-cgt-armllvm_4.0.3.LTS\lib\armv6m-ti-none-eabi\c\</path>
         <kind>archive</kind>
         <file>libc.a</file>
         <name>assert.c.obj</name>
      </input_file>
      <input_file id="fl-3d">
         <path>D:\TI\CCS\ccs\tools\compiler\ti-cgt-armllvm_4.0.3.LTS\lib\armv6m-ti-none-eabi\c\</path>
         <kind>archive</kind>
         <file>libc.a</file>
         <name>defs.c.obj</name>
      </input_file>
      <input_file id="fl-3e">
         <path>D:\TI\CCS\ccs\tools\compiler\ti-cgt-armllvm_4.0.3.LTS\lib\armv6m-ti-none-eabi\c\</path>
         <kind>archive</kind>
         <file>libc.a</file>
         <name>memory.c.obj</name>
      </input_file>
      <input_file id="fl-3f">
         <path>D:\TI\CCS\ccs\tools\compiler\ti-cgt-armllvm_4.0.3.LTS\lib\armv6m-ti-none-eabi\c\</path>
         <kind>archive</kind>
         <file>libc.a</file>
         <name>boot_cortex_m.c.obj</name>
      </input_file>
      <input_file id="fl-40">
         <path>D:\TI\CCS\ccs\tools\compiler\ti-cgt-armllvm_4.0.3.LTS\lib\armv6m-ti-none-eabi\c\</path>
         <kind>archive</kind>
         <file>libc.a</file>
         <name>mathacl_init.c.obj</name>
      </input_file>
      <input_file id="fl-41">
         <path>D:\TI\CCS\ccs\tools\compiler\ti-cgt-armllvm_4.0.3.LTS\lib\armv6m-ti-none-eabi\c\</path>
         <kind>archive</kind>
         <file>libc.a</file>
         <name>autoinit.c.obj</name>
      </input_file>
      <input_file id="fl-42">
         <path>D:\TI\CCS\ccs\tools\compiler\ti-cgt-armllvm_4.0.3.LTS\lib\armv6m-ti-none-eabi\c\</path>
         <kind>archive</kind>
         <file>libc.a</file>
         <name>pre_init.c.obj</name>
      </input_file>
      <input_file id="fl-43">
         <path>D:\TI\CCS\ccs\tools\compiler\ti-cgt-armllvm_4.0.3.LTS\lib\armv6m-ti-none-eabi\c\</path>
         <kind>archive</kind>
         <file>libc.a</file>
         <name>cpy_tbl.c.obj</name>
      </input_file>
      <input_file id="fl-44">
         <path>D:\TI\CCS\ccs\tools\compiler\ti-cgt-armllvm_4.0.3.LTS\lib\armv6m-ti-none-eabi\c\</path>
         <kind>archive</kind>
         <file>libc.a</file>
         <name>copy_zero_init.c.obj</name>
      </input_file>
      <input_file id="fl-45">
         <path>D:\TI\CCS\ccs\tools\compiler\ti-cgt-armllvm_4.0.3.LTS\lib\armv6m-ti-none-eabi\c\</path>
         <kind>archive</kind>
         <file>libc.a</file>
         <name>copy_decompress_none.c.obj</name>
      </input_file>
      <input_file id="fl-46">
         <path>D:\TI\CCS\ccs\tools\compiler\ti-cgt-armllvm_4.0.3.LTS\lib\armv6m-ti-none-eabi\c\</path>
         <kind>archive</kind>
         <file>libc.a</file>
         <name>copy_decompress_lzss.c.obj</name>
      </input_file>
      <input_file id="fl-47">
         <path>D:\TI\CCS\ccs\tools\compiler\ti-cgt-armllvm_4.0.3.LTS\lib\armv6m-ti-none-eabi\c\</path>
         <kind>archive</kind>
         <file>libc.a</file>
         <name>_printfi.c.obj</name>
      </input_file>
      <input_file id="fl-48">
         <path>D:\TI\CCS\ccs\tools\compiler\ti-cgt-armllvm_4.0.3.LTS\lib\armv6m-ti-none-eabi\c\</path>
         <kind>archive</kind>
         <file>libc.a</file>
         <name>fflush.c.obj</name>
      </input_file>
      <input_file id="fl-49">
         <path>D:\TI\CCS\ccs\tools\compiler\ti-cgt-armllvm_4.0.3.LTS\lib\armv6m-ti-none-eabi\c\</path>
         <kind>archive</kind>
         <file>libc.a</file>
         <name>fputs.c.obj</name>
      </input_file>
      <input_file id="fl-4a">
         <path>D:\TI\CCS\ccs\tools\compiler\ti-cgt-armllvm_4.0.3.LTS\lib\armv6m-ti-none-eabi\c\</path>
         <kind>archive</kind>
         <file>libc.a</file>
         <name>_io_perm.c.obj</name>
      </input_file>
      <input_file id="fl-4b">
         <path>D:\TI\CCS\ccs\tools\compiler\ti-cgt-armllvm_4.0.3.LTS\lib\armv6m-ti-none-eabi\c\</path>
         <kind>archive</kind>
         <file>libc.a</file>
         <name>setvbuf.c.obj</name>
      </input_file>
      <input_file id="fl-4c">
         <path>D:\TI\CCS\ccs\tools\compiler\ti-cgt-armllvm_4.0.3.LTS\lib\armv6m-ti-none-eabi\c\</path>
         <kind>archive</kind>
         <file>libc.a</file>
         <name>e_sqrt.c.obj</name>
      </input_file>
      <input_file id="fl-4d">
         <path>D:\TI\CCS\ccs\tools\compiler\ti-cgt-armllvm_4.0.3.LTS\lib\armv6m-ti-none-eabi\c\</path>
         <kind>archive</kind>
         <file>libc.a</file>
         <name>s_frexp.c.obj</name>
      </input_file>
      <input_file id="fl-4e">
         <path>D:\TI\CCS\ccs\tools\compiler\ti-cgt-armllvm_4.0.3.LTS\lib\armv6m-ti-none-eabi\c\</path>
         <kind>archive</kind>
         <file>libc.a</file>
         <name>s_scalbn.c.obj</name>
      </input_file>
      <input_file id="fl-4f">
         <path>D:\TI\CCS\ccs\tools\compiler\ti-cgt-armllvm_4.0.3.LTS\lib\armv6m-ti-none-eabi\c\</path>
         <kind>archive</kind>
         <file>libc.a</file>
         <name>wcslen.c.obj</name>
      </input_file>
      <input_file id="fl-50">
         <path>D:\TI\CCS\ccs\tools\compiler\ti-cgt-armllvm_4.0.3.LTS\lib\armv6m-ti-none-eabi\c\</path>
         <kind>archive</kind>
         <file>libc.a</file>
         <name>exit.c.obj</name>
      </input_file>
      <input_file id="fl-51">
         <path>D:\TI\CCS\ccs\tools\compiler\ti-cgt-armllvm_4.0.3.LTS\lib\armv6m-ti-none-eabi\c\</path>
         <kind>archive</kind>
         <file>libc.a</file>
         <name>_lock.c.obj</name>
      </input_file>
      <input_file id="fl-52">
         <path>D:\TI\CCS\ccs\tools\compiler\ti-cgt-armllvm_4.0.3.LTS\lib\armv6m-ti-none-eabi\c\</path>
         <kind>archive</kind>
         <file>libc.a</file>
         <name>_ltoa.c.obj</name>
      </input_file>
      <input_file id="fl-53">
         <path>D:\TI\CCS\ccs\tools\compiler\ti-cgt-armllvm_4.0.3.LTS\lib\armv6m-ti-none-eabi\c\</path>
         <kind>archive</kind>
         <file>libc.a</file>
         <name>args_main.c.obj</name>
      </input_file>
      <input_file id="fl-54">
         <path>D:\TI\CCS\ccs\tools\compiler\ti-cgt-armllvm_4.0.3.LTS\lib\armv6m-ti-none-eabi\c\</path>
         <kind>archive</kind>
         <file>libc.a</file>
         <name>atoi.c.obj</name>
      </input_file>
      <input_file id="fl-55">
         <path>D:\TI\CCS\ccs\tools\compiler\ti-cgt-armllvm_4.0.3.LTS\lib\armv6m-ti-none-eabi\c\</path>
         <kind>archive</kind>
         <file>libc.a</file>
         <name>memccpy.c.obj</name>
      </input_file>
      <input_file id="fl-56">
         <path>D:\TI\CCS\ccs\tools\compiler\ti-cgt-armllvm_4.0.3.LTS\lib\armv6m-ti-none-eabi\c\</path>
         <kind>archive</kind>
         <file>libc.a</file>
         <name>fopen.c.obj</name>
      </input_file>
      <input_file id="fl-57">
         <path>D:\TI\CCS\ccs\tools\compiler\ti-cgt-armllvm_4.0.3.LTS\lib\armv6m-ti-none-eabi\c\</path>
         <kind>archive</kind>
         <file>libc.a</file>
         <name>fseek.c.obj</name>
      </input_file>
      <input_file id="fl-58">
         <path>D:\TI\CCS\ccs\tools\compiler\ti-cgt-armllvm_4.0.3.LTS\lib\armv6m-ti-none-eabi\c\</path>
         <kind>archive</kind>
         <file>libc.a</file>
         <name>aeabi_ctype.S.obj</name>
      </input_file>
      <input_file id="fl-59">
         <path>D:\TI\CCS\ccs\tools\compiler\ti-cgt-armllvm_4.0.3.LTS\lib\armv6m-ti-none-eabi\c\</path>
         <kind>archive</kind>
         <file>libc.a</file>
         <name>fclose.c.obj</name>
      </input_file>
      <input_file id="fl-f9">
         <path>D:\TI\CCS\ccs\tools\compiler\ti-cgt-armllvm_4.0.3.LTS\lib\armv6m-ti-none-eabi\c\</path>
         <kind>archive</kind>
         <file>libsysbm.a</file>
         <name>hostexit.c.obj</name>
      </input_file>
      <input_file id="fl-fa">
         <path>D:\TI\CCS\ccs\tools\compiler\ti-cgt-armllvm_4.0.3.LTS\lib\armv6m-ti-none-eabi\c\</path>
         <kind>archive</kind>
         <file>libsysbm.a</file>
         <name>write.c.obj</name>
      </input_file>
      <input_file id="fl-fb">
         <path>D:\TI\CCS\ccs\tools\compiler\ti-cgt-armllvm_4.0.3.LTS\lib\armv6m-ti-none-eabi\c\</path>
         <kind>archive</kind>
         <file>libsysbm.a</file>
         <name>host_device.c.obj</name>
      </input_file>
      <input_file id="fl-fc">
         <path>D:\TI\CCS\ccs\tools\compiler\ti-cgt-armllvm_4.0.3.LTS\lib\armv6m-ti-none-eabi\c\</path>
         <kind>archive</kind>
         <file>libsysbm.a</file>
         <name>remove.c.obj</name>
      </input_file>
      <input_file id="fl-fd">
         <path>D:\TI\CCS\ccs\tools\compiler\ti-cgt-armllvm_4.0.3.LTS\lib\armv6m-ti-none-eabi\c\</path>
         <kind>archive</kind>
         <file>libsysbm.a</file>
         <name>open.c.obj</name>
      </input_file>
      <input_file id="fl-fe">
         <path>D:\TI\CCS\ccs\tools\compiler\ti-cgt-armllvm_4.0.3.LTS\lib\armv6m-ti-none-eabi\c\</path>
         <kind>archive</kind>
         <file>libsysbm.a</file>
         <name>lseek.c.obj</name>
      </input_file>
      <input_file id="fl-ff">
         <path>D:\TI\CCS\ccs\tools\compiler\ti-cgt-armllvm_4.0.3.LTS\lib\armv6m-ti-none-eabi\c\</path>
         <kind>archive</kind>
         <file>libsysbm.a</file>
         <name>close.c.obj</name>
      </input_file>
      <input_file id="fl-100">
         <path>D:\TI\CCS\ccs\tools\compiler\ti-cgt-armllvm_4.0.3.LTS\lib\armv6m-ti-none-eabi\c\</path>
         <kind>archive</kind>
         <file>libsysbm.a</file>
         <name>unlink.c.obj</name>
      </input_file>
      <input_file id="fl-101">
         <path>D:\TI\CCS\ccs\tools\compiler\ti-cgt-armllvm_4.0.3.LTS\lib\armv6m-ti-none-eabi\c\</path>
         <kind>archive</kind>
         <file>libsysbm.a</file>
         <name>hostclose.c.obj</name>
      </input_file>
      <input_file id="fl-102">
         <path>D:\TI\CCS\ccs\tools\compiler\ti-cgt-armllvm_4.0.3.LTS\lib\armv6m-ti-none-eabi\c\</path>
         <kind>archive</kind>
         <file>libsysbm.a</file>
         <name>hostlseek.c.obj</name>
      </input_file>
      <input_file id="fl-103">
         <path>D:\TI\CCS\ccs\tools\compiler\ti-cgt-armllvm_4.0.3.LTS\lib\armv6m-ti-none-eabi\c\</path>
         <kind>archive</kind>
         <file>libsysbm.a</file>
         <name>hostopen.c.obj</name>
      </input_file>
      <input_file id="fl-104">
         <path>D:\TI\CCS\ccs\tools\compiler\ti-cgt-armllvm_4.0.3.LTS\lib\armv6m-ti-none-eabi\c\</path>
         <kind>archive</kind>
         <file>libsysbm.a</file>
         <name>hostread.c.obj</name>
      </input_file>
      <input_file id="fl-105">
         <path>D:\TI\CCS\ccs\tools\compiler\ti-cgt-armllvm_4.0.3.LTS\lib\armv6m-ti-none-eabi\c\</path>
         <kind>archive</kind>
         <file>libsysbm.a</file>
         <name>hostrename.c.obj</name>
      </input_file>
      <input_file id="fl-106">
         <path>D:\TI\CCS\ccs\tools\compiler\ti-cgt-armllvm_4.0.3.LTS\lib\armv6m-ti-none-eabi\c\</path>
         <kind>archive</kind>
         <file>libsysbm.a</file>
         <name>hostunlink.c.obj</name>
      </input_file>
      <input_file id="fl-107">
         <path>D:\TI\CCS\ccs\tools\compiler\ti-cgt-armllvm_4.0.3.LTS\lib\armv6m-ti-none-eabi\c\</path>
         <kind>archive</kind>
         <file>libsysbm.a</file>
         <name>hostwrite.c.obj</name>
      </input_file>
      <input_file id="fl-108">
         <path>D:\TI\CCS\ccs\tools\compiler\ti-cgt-armllvm_4.0.3.LTS\lib\armv6m-ti-none-eabi\c\</path>
         <kind>archive</kind>
         <file>libsysbm.a</file>
         <name>trgmsg.c.obj</name>
      </input_file>
      <input_file id="fl-109">
         <path>D:\TI\CCS\ccs\tools\compiler\ti-cgt-armllvm_4.0.3.LTS\lib\armv6m-ti-none-eabi\</path>
         <kind>archive</kind>
         <file>libclang_rt.builtins.a</file>
         <name>addsf3.S.obj</name>
      </input_file>
      <input_file id="fl-10a">
         <path>D:\TI\CCS\ccs\tools\compiler\ti-cgt-armllvm_4.0.3.LTS\lib\armv6m-ti-none-eabi\</path>
         <kind>archive</kind>
         <file>libclang_rt.builtins.a</file>
         <name>adddf3.S.obj</name>
      </input_file>
      <input_file id="fl-10b">
         <path>D:\TI\CCS\ccs\tools\compiler\ti-cgt-armllvm_4.0.3.LTS\lib\armv6m-ti-none-eabi\</path>
         <kind>archive</kind>
         <file>libclang_rt.builtins.a</file>
         <name>muldf3.S.obj</name>
      </input_file>
      <input_file id="fl-10c">
         <path>D:\TI\CCS\ccs\tools\compiler\ti-cgt-armllvm_4.0.3.LTS\lib\armv6m-ti-none-eabi\</path>
         <kind>archive</kind>
         <file>libclang_rt.builtins.a</file>
         <name>muldsi3.S.obj</name>
      </input_file>
      <input_file id="fl-10d">
         <path>D:\TI\CCS\ccs\tools\compiler\ti-cgt-armllvm_4.0.3.LTS\lib\armv6m-ti-none-eabi\</path>
         <kind>archive</kind>
         <file>libclang_rt.builtins.a</file>
         <name>mulsf3.S.obj</name>
      </input_file>
      <input_file id="fl-10e">
         <path>D:\TI\CCS\ccs\tools\compiler\ti-cgt-armllvm_4.0.3.LTS\lib\armv6m-ti-none-eabi\</path>
         <kind>archive</kind>
         <file>libclang_rt.builtins.a</file>
         <name>divsf3.S.obj</name>
      </input_file>
      <input_file id="fl-10f">
         <path>D:\TI\CCS\ccs\tools\compiler\ti-cgt-armllvm_4.0.3.LTS\lib\armv6m-ti-none-eabi\</path>
         <kind>archive</kind>
         <file>libclang_rt.builtins.a</file>
         <name>divdf3.S.obj</name>
      </input_file>
      <input_file id="fl-110">
         <path>D:\TI\CCS\ccs\tools\compiler\ti-cgt-armllvm_4.0.3.LTS\lib\armv6m-ti-none-eabi\</path>
         <kind>archive</kind>
         <file>libclang_rt.builtins.a</file>
         <name>extendsfdf2.S.obj</name>
      </input_file>
      <input_file id="fl-111">
         <path>D:\TI\CCS\ccs\tools\compiler\ti-cgt-armllvm_4.0.3.LTS\lib\armv6m-ti-none-eabi\</path>
         <kind>archive</kind>
         <file>libclang_rt.builtins.a</file>
         <name>fixdfsi.S.obj</name>
      </input_file>
      <input_file id="fl-112">
         <path>D:\TI\CCS\ccs\tools\compiler\ti-cgt-armllvm_4.0.3.LTS\lib\armv6m-ti-none-eabi\</path>
         <kind>archive</kind>
         <file>libclang_rt.builtins.a</file>
         <name>fixsfsi.S.obj</name>
      </input_file>
      <input_file id="fl-113">
         <path>D:\TI\CCS\ccs\tools\compiler\ti-cgt-armllvm_4.0.3.LTS\lib\armv6m-ti-none-eabi\</path>
         <kind>archive</kind>
         <file>libclang_rt.builtins.a</file>
         <name>fixunsdfsi.S.obj</name>
      </input_file>
      <input_file id="fl-114">
         <path>D:\TI\CCS\ccs\tools\compiler\ti-cgt-armllvm_4.0.3.LTS\lib\armv6m-ti-none-eabi\</path>
         <kind>archive</kind>
         <file>libclang_rt.builtins.a</file>
         <name>floatsidf.S.obj</name>
      </input_file>
      <input_file id="fl-115">
         <path>D:\TI\CCS\ccs\tools\compiler\ti-cgt-armllvm_4.0.3.LTS\lib\armv6m-ti-none-eabi\</path>
         <kind>archive</kind>
         <file>libclang_rt.builtins.a</file>
         <name>floatsisf.S.obj</name>
      </input_file>
      <input_file id="fl-116">
         <path>D:\TI\CCS\ccs\tools\compiler\ti-cgt-armllvm_4.0.3.LTS\lib\armv6m-ti-none-eabi\</path>
         <kind>archive</kind>
         <file>libclang_rt.builtins.a</file>
         <name>floatunsisf.S.obj</name>
      </input_file>
      <input_file id="fl-117">
         <path>D:\TI\CCS\ccs\tools\compiler\ti-cgt-armllvm_4.0.3.LTS\lib\armv6m-ti-none-eabi\</path>
         <kind>archive</kind>
         <file>libclang_rt.builtins.a</file>
         <name>muldi3.S.obj</name>
      </input_file>
      <input_file id="fl-118">
         <path>D:\TI\CCS\ccs\tools\compiler\ti-cgt-armllvm_4.0.3.LTS\lib\armv6m-ti-none-eabi\</path>
         <kind>archive</kind>
         <file>libclang_rt.builtins.a</file>
         <name>truncdfsf2.S.obj</name>
      </input_file>
      <input_file id="fl-119">
         <path>D:\TI\CCS\ccs\tools\compiler\ti-cgt-armllvm_4.0.3.LTS\lib\armv6m-ti-none-eabi\</path>
         <kind>archive</kind>
         <file>libclang_rt.builtins.a</file>
         <name>aeabi_dcmp.S.obj</name>
      </input_file>
      <input_file id="fl-11a">
         <path>D:\TI\CCS\ccs\tools\compiler\ti-cgt-armllvm_4.0.3.LTS\lib\armv6m-ti-none-eabi\</path>
         <kind>archive</kind>
         <file>libclang_rt.builtins.a</file>
         <name>aeabi_fcmp.S.obj</name>
      </input_file>
      <input_file id="fl-11b">
         <path>D:\TI\CCS\ccs\tools\compiler\ti-cgt-armllvm_4.0.3.LTS\lib\armv6m-ti-none-eabi\</path>
         <kind>archive</kind>
         <file>libclang_rt.builtins.a</file>
         <name>aeabi_idivmod.S.obj</name>
      </input_file>
      <input_file id="fl-11c">
         <path>D:\TI\CCS\ccs\tools\compiler\ti-cgt-armllvm_4.0.3.LTS\lib\armv6m-ti-none-eabi\</path>
         <kind>archive</kind>
         <file>libclang_rt.builtins.a</file>
         <name>aeabi_memcpy.S.obj</name>
      </input_file>
      <input_file id="fl-11d">
         <path>D:\TI\CCS\ccs\tools\compiler\ti-cgt-armllvm_4.0.3.LTS\lib\armv6m-ti-none-eabi\</path>
         <kind>archive</kind>
         <file>libclang_rt.builtins.a</file>
         <name>aeabi_memset.S.obj</name>
      </input_file>
      <input_file id="fl-11e">
         <path>D:\TI\CCS\ccs\tools\compiler\ti-cgt-armllvm_4.0.3.LTS\lib\armv6m-ti-none-eabi\</path>
         <kind>archive</kind>
         <file>libclang_rt.builtins.a</file>
         <name>aeabi_uidivmod.S.obj</name>
      </input_file>
      <input_file id="fl-11f">
         <path>D:\TI\CCS\ccs\tools\compiler\ti-cgt-armllvm_4.0.3.LTS\lib\armv6m-ti-none-eabi\</path>
         <kind>archive</kind>
         <file>libclang_rt.builtins.a</file>
         <name>aeabi_uldivmod.S.obj</name>
      </input_file>
      <input_file id="fl-120">
         <path>D:\TI\CCS\ccs\tools\compiler\ti-cgt-armllvm_4.0.3.LTS\lib\armv6m-ti-none-eabi\</path>
         <kind>archive</kind>
         <file>libclang_rt.builtins.a</file>
         <name>comparesf2.S.obj</name>
      </input_file>
      <input_file id="fl-121">
         <path>D:\TI\CCS\ccs\tools\compiler\ti-cgt-armllvm_4.0.3.LTS\lib\armv6m-ti-none-eabi\</path>
         <kind>archive</kind>
         <file>libclang_rt.builtins.a</file>
         <name>udivmoddi4.S.obj</name>
      </input_file>
      <input_file id="fl-122">
         <path>D:\TI\CCS\ccs\tools\compiler\ti-cgt-armllvm_4.0.3.LTS\lib\armv6m-ti-none-eabi\</path>
         <kind>archive</kind>
         <file>libclang_rt.builtins.a</file>
         <name>ashldi3.S.obj</name>
      </input_file>
      <input_file id="fl-123">
         <path>D:\TI\CCS\ccs\tools\compiler\ti-cgt-armllvm_4.0.3.LTS\lib\armv6m-ti-none-eabi\</path>
         <kind>archive</kind>
         <file>libclang_rt.builtins.a</file>
         <name>comparedf2.c.obj</name>
      </input_file>
      <input_file id="fl-124">
         <path>D:\TI\CCS\ccs\tools\compiler\ti-cgt-armllvm_4.0.3.LTS\lib\armv6m-ti-none-eabi\</path>
         <kind>archive</kind>
         <file>libclang_rt.builtins.a</file>
         <name>aeabi_div0.c.obj</name>
      </input_file>
      <input_file id="fl-125">
         <path>D:\TI\CCS\ccs\tools\compiler\ti-cgt-armllvm_4.0.3.LTS\lib\armv6m-ti-none-eabi\c\</path>
         <kind>archive</kind>
         <file>libc.a</file>
         <name>getdevice.c.obj</name>
      </input_file>
      <input_file id="fl-126">
         <path>D:\TI\CCS\ccs\tools\compiler\ti-cgt-armllvm_4.0.3.LTS\lib\armv6m-ti-none-eabi\c\</path>
         <kind>archive</kind>
         <file>libc.a</file>
         <name>memcpy16.S.obj</name>
      </input_file>
      <input_file id="fl-127">
         <path>D:\TI\CCS\ccs\tools\compiler\ti-cgt-armllvm_4.0.3.LTS\lib\armv6m-ti-none-eabi\c\</path>
         <kind>archive</kind>
         <file>libc.a</file>
         <name>memset16.S.obj</name>
      </input_file>
      <input_file id="fl-128">
         <path>D:\TI\CCS\ccs\tools\compiler\ti-cgt-armllvm_4.0.3.LTS\lib\armv6m-ti-none-eabi\c\</path>
         <kind>archive</kind>
         <file>libc.a</file>
         <name>strcmp-armv6m.S.obj</name>
      </input_file>
   </input_file_list>
   <object_component_list>
      <object_component id="oc-18">
         <name>.intvecs</name>
         <load_address>0x0</load_address>
         <readonly>true</readonly>
         <run_address>0x0</run_address>
         <size>0xc0</size>
         <alignment>0x4</alignment>
         <input_file_ref idref="fl-3"/>
      </object_component>
      <object_component id="oc-247">
         <name>.text:__TI_printfi_nofloat</name>
         <load_address>0xc0</load_address>
         <readonly>true</readonly>
         <executable>true</executable>
         <run_address>0xc0</run_address>
         <size>0x868</size>
         <alignment>0x4</alignment>
         <input_file_ref idref="fl-47"/>
      </object_component>
      <object_component id="oc-98">
         <name>.text.lsm6dsv16x_fifo_out_raw_get</name>
         <load_address>0x928</load_address>
         <readonly>true</readonly>
         <executable>true</executable>
         <run_address>0x928</run_address>
         <size>0x29c</size>
         <alignment>0x4</alignment>
         <input_file_ref idref="fl-6"/>
      </object_component>
      <object_component id="oc-159">
         <name>.text.lsm6dsv16x_pin_int2_route_set</name>
         <load_address>0xbc4</load_address>
         <readonly>true</readonly>
         <executable>true</executable>
         <run_address>0xbc4</run_address>
         <size>0x23c</size>
         <alignment>0x2</alignment>
         <input_file_ref idref="fl-6"/>
      </object_component>
      <object_component id="oc-d9">
         <name>.text.Track_PID_Ctrl</name>
         <load_address>0xe00</load_address>
         <readonly>true</readonly>
         <executable>true</executable>
         <run_address>0xe00</run_address>
         <size>0x1d4</size>
         <alignment>0x4</alignment>
         <input_file_ref idref="fl-c"/>
      </object_component>
      <object_component id="oc-1a9">
         <name>.text.atanf</name>
         <load_address>0xfd4</load_address>
         <readonly>true</readonly>
         <executable>true</executable>
         <run_address>0xfd4</run_address>
         <size>0x1c8</size>
         <alignment>0x4</alignment>
         <input_file_ref idref="fl-3a"/>
      </object_component>
      <object_component id="oc-172">
         <name>.text.Set_Speed</name>
         <load_address>0x119c</load_address>
         <readonly>true</readonly>
         <executable>true</executable>
         <run_address>0x119c</run_address>
         <size>0x1bc</size>
         <alignment>0x4</alignment>
         <input_file_ref idref="fl-9"/>
      </object_component>
      <object_component id="oc-9a">
         <name>.text.quat_to_euler</name>
         <load_address>0x1358</load_address>
         <readonly>true</readonly>
         <executable>true</executable>
         <run_address>0x1358</run_address>
         <size>0x1b8</size>
         <alignment>0x4</alignment>
         <input_file_ref idref="fl-5"/>
      </object_component>
      <object_component id="oc-13d">
         <name>.text.SYSCFG_DL_GPIO_init</name>
         <load_address>0x1510</load_address>
         <readonly>true</readonly>
         <executable>true</executable>
         <run_address>0x1510</run_address>
         <size>0x1b4</size>
         <alignment>0x4</alignment>
         <input_file_ref idref="fl-2"/>
      </object_component>
      <object_component id="oc-1b7">
         <name>.text.adddf3_subdf3</name>
         <load_address>0x16c4</load_address>
         <readonly>true</readonly>
         <executable>true</executable>
         <run_address>0x16c4</run_address>
         <size>0x192</size>
         <alignment>0x4</alignment>
         <input_file_ref idref="fl-10a"/>
      </object_component>
      <object_component id="oc-281">
         <name>.text.__aeabi_idiv0</name>
         <load_address>0x1856</load_address>
         <readonly>true</readonly>
         <executable>true</executable>
         <run_address>0x1856</run_address>
         <size>0x2</size>
         <alignment>0x2</alignment>
         <input_file_ref idref="fl-124"/>
      </object_component>
      <object_component id="oc-1b3">
         <name>.text.sqrt</name>
         <load_address>0x1858</load_address>
         <readonly>true</readonly>
         <executable>true</executable>
         <run_address>0x1858</run_address>
         <size>0x170</size>
         <alignment>0x4</alignment>
         <input_file_ref idref="fl-4c"/>
      </object_component>
      <object_component id="oc-11d">
         <name>.text.asinf</name>
         <load_address>0x19c8</load_address>
         <readonly>true</readonly>
         <executable>true</executable>
         <run_address>0x19c8</run_address>
         <size>0x160</size>
         <alignment>0x4</alignment>
         <input_file_ref idref="fl-37"/>
      </object_component>
      <object_component id="oc-66">
         <name>.text.Read_LSM6DSV16X</name>
         <load_address>0x1b28</load_address>
         <readonly>true</readonly>
         <executable>true</executable>
         <run_address>0x1b28</run_address>
         <size>0x14c</size>
         <alignment>0x4</alignment>
         <input_file_ref idref="fl-5"/>
      </object_component>
      <object_component id="oc-15c">
         <name>.text.platform_read</name>
         <load_address>0x1c74</load_address>
         <readonly>true</readonly>
         <executable>true</executable>
         <run_address>0x1c74</run_address>
         <size>0x130</size>
         <alignment>0x4</alignment>
         <input_file_ref idref="fl-5"/>
      </object_component>
      <object_component id="oc-c4">
         <name>.text.LSM6DSV16X_Init</name>
         <load_address>0x1da4</load_address>
         <readonly>true</readonly>
         <executable>true</executable>
         <run_address>0x1da4</run_address>
         <size>0x118</size>
         <alignment>0x4</alignment>
         <input_file_ref idref="fl-5"/>
      </object_component>
      <object_component id="oc-17d">
         <name>.text.OLED_ShowChar</name>
         <load_address>0x1ebc</load_address>
         <readonly>true</readonly>
         <executable>true</executable>
         <run_address>0x1ebc</run_address>
         <size>0x118</size>
         <alignment>0x4</alignment>
         <input_file_ref idref="fl-a"/>
      </object_component>
      <object_component id="oc-119">
         <name>.text.atan2f</name>
         <load_address>0x1fd4</load_address>
         <readonly>true</readonly>
         <executable>true</executable>
         <run_address>0x1fd4</run_address>
         <size>0x118</size>
         <alignment>0x4</alignment>
         <input_file_ref idref="fl-38"/>
      </object_component>
      <object_component id="oc-c5">
         <name>.text.OLED_Init</name>
         <load_address>0x20ec</load_address>
         <readonly>true</readonly>
         <executable>true</executable>
         <run_address>0x20ec</run_address>
         <size>0x110</size>
         <alignment>0x4</alignment>
         <input_file_ref idref="fl-a"/>
      </object_component>
      <object_component id="oc-232">
         <name>.text.__divdf3</name>
         <load_address>0x21fc</load_address>
         <readonly>true</readonly>
         <executable>true</executable>
         <run_address>0x21fc</run_address>
         <size>0x10c</size>
         <alignment>0x4</alignment>
         <input_file_ref idref="fl-10f"/>
      </object_component>
      <object_component id="oc-84">
         <name>.text.main</name>
         <load_address>0x2308</load_address>
         <readonly>true</readonly>
         <executable>true</executable>
         <run_address>0x2308</run_address>
         <size>0x108</size>
         <alignment>0x4</alignment>
         <input_file_ref idref="fl-1"/>
      </object_component>
      <object_component id="oc-1ee">
         <name>.text.DL_Timer_initFourCCPWMMode</name>
         <load_address>0x2410</load_address>
         <readonly>true</readonly>
         <executable>true</executable>
         <run_address>0x2410</run_address>
         <size>0x104</size>
         <alignment>0x4</alignment>
         <input_file_ref idref="fl-1d"/>
      </object_component>
      <object_component id="oc-99">
         <name>.text.sflp2q</name>
         <load_address>0x2514</load_address>
         <readonly>true</readonly>
         <executable>true</executable>
         <run_address>0x2514</run_address>
         <size>0xfa</size>
         <alignment>0x2</alignment>
         <input_file_ref idref="fl-5"/>
      </object_component>
      <object_component id="oc-2e2">
         <name>.text.__aeabi_ldiv0</name>
         <load_address>0x260e</load_address>
         <readonly>true</readonly>
         <executable>true</executable>
         <run_address>0x260e</run_address>
         <size>0x2</size>
         <alignment>0x2</alignment>
         <input_file_ref idref="fl-124"/>
      </object_component>
      <object_component id="oc-127">
         <name>.text.__muldf3</name>
         <load_address>0x2610</load_address>
         <readonly>true</readonly>
         <executable>true</executable>
         <run_address>0x2610</run_address>
         <size>0xe4</size>
         <alignment>0x4</alignment>
         <input_file_ref idref="fl-10b"/>
      </object_component>
      <object_component id="oc-1de">
         <name>.text.DL_SYSCTL_configSYSPLL</name>
         <load_address>0x26f4</load_address>
         <readonly>true</readonly>
         <executable>true</executable>
         <run_address>0x26f4</run_address>
         <size>0xdc</size>
         <alignment>0x4</alignment>
         <input_file_ref idref="fl-1f"/>
      </object_component>
      <object_component id="oc-10d">
         <name>.text</name>
         <load_address>0x27d0</load_address>
         <readonly>true</readonly>
         <executable>true</executable>
         <run_address>0x27d0</run_address>
         <size>0xd8</size>
         <alignment>0x4</alignment>
         <input_file_ref idref="fl-109"/>
      </object_component>
      <object_component id="oc-254">
         <name>.text.ToFloatBits</name>
         <load_address>0x28a8</load_address>
         <readonly>true</readonly>
         <executable>true</executable>
         <run_address>0x28a8</run_address>
         <size>0xd0</size>
         <alignment>0x4</alignment>
         <input_file_ref idref="fl-6"/>
      </object_component>
      <object_component id="oc-93">
         <name>.text.lsm6dsv16x_fifo_status_get</name>
         <load_address>0x2978</load_address>
         <readonly>true</readonly>
         <executable>true</executable>
         <run_address>0x2978</run_address>
         <size>0xc8</size>
         <alignment>0x4</alignment>
         <input_file_ref idref="fl-6"/>
      </object_component>
      <object_component id="oc-171">
         <name>.text.Track_Get_State</name>
         <load_address>0x2a40</load_address>
         <readonly>true</readonly>
         <executable>true</executable>
         <run_address>0x2a40</run_address>
         <size>0xc4</size>
         <alignment>0x4</alignment>
         <input_file_ref idref="fl-c"/>
      </object_component>
      <object_component id="oc-15b">
         <name>.text.platform_write</name>
         <load_address>0x2b04</load_address>
         <readonly>true</readonly>
         <executable>true</executable>
         <run_address>0x2b04</run_address>
         <size>0xc0</size>
         <alignment>0x4</alignment>
         <input_file_ref idref="fl-5"/>
      </object_component>
      <object_component id="oc-156">
         <name>.text.lsm6dsv16x_gy_data_rate_set</name>
         <load_address>0x2bc4</load_address>
         <readonly>true</readonly>
         <executable>true</executable>
         <run_address>0x2bc4</run_address>
         <size>0xb6</size>
         <alignment>0x2</alignment>
         <input_file_ref idref="fl-6"/>
      </object_component>
      <object_component id="oc-155">
         <name>.text.lsm6dsv16x_xl_data_rate_set</name>
         <load_address>0x2c7a</load_address>
         <readonly>true</readonly>
         <executable>true</executable>
         <run_address>0x2c7a</run_address>
         <size>0xb4</size>
         <alignment>0x2</alignment>
         <input_file_ref idref="fl-6"/>
      </object_component>
      <object_component id="oc-14d">
         <name>.text.lsm6dsv16x_reset_get</name>
         <load_address>0x2d30</load_address>
         <readonly>true</readonly>
         <executable>true</executable>
         <run_address>0x2d30</run_address>
         <size>0xac</size>
         <alignment>0x4</alignment>
         <input_file_ref idref="fl-6"/>
      </object_component>
      <object_component id="oc-14c">
         <name>.text.lsm6dsv16x_reset_set</name>
         <load_address>0x2ddc</load_address>
         <readonly>true</readonly>
         <executable>true</executable>
         <run_address>0x2ddc</run_address>
         <size>0xa6</size>
         <alignment>0x2</alignment>
         <input_file_ref idref="fl-6"/>
      </object_component>
      <object_component id="oc-2be">
         <name>.text</name>
         <load_address>0x2e84</load_address>
         <readonly>true</readonly>
         <executable>true</executable>
         <run_address>0x2e84</run_address>
         <size>0xa2</size>
         <alignment>0x4</alignment>
         <input_file_ref idref="fl-121"/>
      </object_component>
      <object_component id="oc-115">
         <name>.text.sqrtf</name>
         <load_address>0x2f28</load_address>
         <readonly>true</readonly>
         <executable>true</executable>
         <run_address>0x2f28</run_address>
         <size>0xa0</size>
         <alignment>0x4</alignment>
         <input_file_ref idref="fl-39"/>
      </object_component>
      <object_component id="oc-164">
         <name>.text.OLED_WR_Byte</name>
         <load_address>0x2fc8</load_address>
         <readonly>true</readonly>
         <executable>true</executable>
         <run_address>0x2fc8</run_address>
         <size>0x98</size>
         <alignment>0x4</alignment>
         <input_file_ref idref="fl-a"/>
      </object_component>
      <object_component id="oc-151">
         <name>.text.lsm6dsv16x_fifo_sflp_batch_set</name>
         <load_address>0x3060</load_address>
         <readonly>true</readonly>
         <executable>true</executable>
         <run_address>0x3060</run_address>
         <size>0x94</size>
         <alignment>0x2</alignment>
         <input_file_ref idref="fl-6"/>
      </object_component>
      <object_component id="oc-13f">
         <name>.text.SYSCFG_DL_PWM_MOTOR_init</name>
         <load_address>0x30f4</load_address>
         <readonly>true</readonly>
         <executable>true</executable>
         <run_address>0x30f4</run_address>
         <size>0x90</size>
         <alignment>0x4</alignment>
         <input_file_ref idref="fl-2"/>
      </object_component>
      <object_component id="oc-140">
         <name>.text.SYSCFG_DL_PWM_SERVO_init</name>
         <load_address>0x3184</load_address>
         <readonly>true</readonly>
         <executable>true</executable>
         <run_address>0x3184</run_address>
         <size>0x90</size>
         <alignment>0x4</alignment>
         <input_file_ref idref="fl-2"/>
      </object_component>
      <object_component id="oc-13c">
         <name>.text.SYSCFG_DL_initPower</name>
         <load_address>0x3214</load_address>
         <readonly>true</readonly>
         <executable>true</executable>
         <run_address>0x3214</run_address>
         <size>0x8c</size>
         <alignment>0x4</alignment>
         <input_file_ref idref="fl-2"/>
      </object_component>
      <object_component id="oc-109">
         <name>.text.__mulsf3</name>
         <load_address>0x32a0</load_address>
         <readonly>true</readonly>
         <executable>true</executable>
         <run_address>0x32a0</run_address>
         <size>0x8c</size>
         <alignment>0x4</alignment>
         <input_file_ref idref="fl-10d"/>
      </object_component>
      <object_component id="oc-3a">
         <name>.text.UART0_IRQHandler</name>
         <load_address>0x332c</load_address>
         <readonly>true</readonly>
         <executable>true</executable>
         <run_address>0x332c</run_address>
         <size>0x88</size>
         <alignment>0x4</alignment>
         <input_file_ref idref="fl-1"/>
      </object_component>
      <object_component id="oc-149">
         <name>.text.__NVIC_SetPriority</name>
         <load_address>0x33b4</load_address>
         <readonly>true</readonly>
         <executable>true</executable>
         <run_address>0x33b4</run_address>
         <size>0x84</size>
         <alignment>0x4</alignment>
         <input_file_ref idref="fl-7"/>
      </object_component>
      <object_component id="oc-1e6">
         <name>.text.__NVIC_SetPriority</name>
         <load_address>0x3438</load_address>
         <readonly>true</readonly>
         <executable>true</executable>
         <run_address>0x3438</run_address>
         <size>0x84</size>
         <alignment>0x4</alignment>
         <input_file_ref idref="fl-2"/>
      </object_component>
      <object_component id="oc-a1">
         <name>.text.__divsf3</name>
         <load_address>0x34bc</load_address>
         <readonly>true</readonly>
         <executable>true</executable>
         <run_address>0x34bc</run_address>
         <size>0x82</size>
         <alignment>0x4</alignment>
         <input_file_ref idref="fl-10e"/>
      </object_component>
      <object_component id="oc-157">
         <name>.text.lsm6dsv16x_sflp_data_rate_set</name>
         <load_address>0x353e</load_address>
         <readonly>true</readonly>
         <executable>true</executable>
         <run_address>0x353e</run_address>
         <size>0x7c</size>
         <alignment>0x2</alignment>
         <input_file_ref idref="fl-6"/>
      </object_component>
      <object_component id="oc-158">
         <name>.text.lsm6dsv16x_sflp_game_rotation_set</name>
         <load_address>0x35ba</load_address>
         <readonly>true</readonly>
         <executable>true</executable>
         <run_address>0x35ba</run_address>
         <size>0x7c</size>
         <alignment>0x2</alignment>
         <input_file_ref idref="fl-6"/>
      </object_component>
      <object_component id="oc-1c">
         <name>.text:decompress:lzss</name>
         <load_address>0x3638</load_address>
         <readonly>true</readonly>
         <executable>true</executable>
         <run_address>0x3638</run_address>
         <size>0x7c</size>
         <alignment>0x4</alignment>
         <input_file_ref idref="fl-46"/>
      </object_component>
      <object_component id="oc-db">
         <name>.text.Track_Get_Error</name>
         <load_address>0x36b4</load_address>
         <readonly>true</readonly>
         <executable>true</executable>
         <run_address>0x36b4</run_address>
         <size>0xc</size>
         <alignment>0x4</alignment>
         <input_file_ref idref="fl-c"/>
      </object_component>
      <object_component id="oc-12b">
         <name>.text.__truncdfsf2</name>
         <load_address>0x36c0</load_address>
         <readonly>true</readonly>
         <executable>true</executable>
         <run_address>0x36c0</run_address>
         <size>0x74</size>
         <alignment>0x10</alignment>
         <input_file_ref idref="fl-118"/>
      </object_component>
      <object_component id="oc-da">
         <name>.text.OLED_ShowString</name>
         <load_address>0x3734</load_address>
         <readonly>true</readonly>
         <executable>true</executable>
         <run_address>0x3734</run_address>
         <size>0x70</size>
         <alignment>0x2</alignment>
         <input_file_ref idref="fl-a"/>
      </object_component>
      <object_component id="oc-d0">
         <name>.text.OLED_Clear</name>
         <load_address>0x37a4</load_address>
         <readonly>true</readonly>
         <executable>true</executable>
         <run_address>0x37a4</run_address>
         <size>0x6a</size>
         <alignment>0x2</alignment>
         <input_file_ref idref="fl-a"/>
      </object_component>
      <object_component id="oc-ca">
         <name>.text.Track_Init</name>
         <load_address>0x380e</load_address>
         <readonly>true</readonly>
         <executable>true</executable>
         <run_address>0x380e</run_address>
         <size>0x64</size>
         <alignment>0x2</alignment>
         <input_file_ref idref="fl-c"/>
      </object_component>
      <object_component id="oc-21e">
         <name>.text.mspm0_i2c_sda_unlock</name>
         <load_address>0x3874</load_address>
         <readonly>true</readonly>
         <executable>true</executable>
         <run_address>0x3874</run_address>
         <size>0x64</size>
         <alignment>0x4</alignment>
         <input_file_ref idref="fl-5"/>
      </object_component>
      <object_component id="oc-111">
         <name>.text.__aeabi_fcmp</name>
         <load_address>0x38d8</load_address>
         <readonly>true</readonly>
         <executable>true</executable>
         <run_address>0x38d8</run_address>
         <size>0x62</size>
         <alignment>0x4</alignment>
         <input_file_ref idref="fl-11a"/>
      </object_component>
      <object_component id="oc-217">
         <name>.text.lsm6dsv16x_mem_bank_set</name>
         <load_address>0x393a</load_address>
         <readonly>true</readonly>
         <executable>true</executable>
         <run_address>0x393a</run_address>
         <size>0x62</size>
         <alignment>0x2</alignment>
         <input_file_ref idref="fl-6"/>
      </object_component>
      <object_component id="oc-163">
         <name>.text.oled_i2c_sda_unlock</name>
         <load_address>0x399c</load_address>
         <readonly>true</readonly>
         <executable>true</executable>
         <run_address>0x399c</run_address>
         <size>0x60</size>
         <alignment>0x4</alignment>
         <input_file_ref idref="fl-a"/>
      </object_component>
      <object_component id="oc-21d">
         <name>.text.DL_I2C_fillControllerTXFIFO</name>
         <load_address>0x39fc</load_address>
         <readonly>true</readonly>
         <executable>true</executable>
         <run_address>0x39fc</run_address>
         <size>0x5e</size>
         <alignment>0x2</alignment>
         <input_file_ref idref="fl-1c"/>
      </object_component>
      <object_component id="oc-275">
         <name>.text.mspm0_i2c_enable</name>
         <load_address>0x3a5c</load_address>
         <readonly>true</readonly>
         <executable>true</executable>
         <run_address>0x3a5c</run_address>
         <size>0x5c</size>
         <alignment>0x4</alignment>
         <input_file_ref idref="fl-5"/>
      </object_component>
      <object_component id="oc-227">
         <name>.text.mspm0_i2c_enable</name>
         <load_address>0x3ab8</load_address>
         <readonly>true</readonly>
         <executable>true</executable>
         <run_address>0x3ab8</run_address>
         <size>0x5c</size>
         <alignment>0x4</alignment>
         <input_file_ref idref="fl-a"/>
      </object_component>
      <object_component id="oc-142">
         <name>.text.SYSCFG_DL_I2C_LSM6DSV16X_init</name>
         <load_address>0x3b14</load_address>
         <readonly>true</readonly>
         <executable>true</executable>
         <run_address>0x3b14</run_address>
         <size>0x58</size>
         <alignment>0x4</alignment>
         <input_file_ref idref="fl-2"/>
      </object_component>
      <object_component id="oc-141">
         <name>.text.SYSCFG_DL_I2C_OLED_init</name>
         <load_address>0x3b6c</load_address>
         <readonly>true</readonly>
         <executable>true</executable>
         <run_address>0x3b6c</run_address>
         <size>0x58</size>
         <alignment>0x4</alignment>
         <input_file_ref idref="fl-2"/>
      </object_component>
      <object_component id="oc-21c">
         <name>.text.DL_I2C_startControllerTransfer</name>
         <load_address>0x3bc4</load_address>
         <readonly>true</readonly>
         <executable>true</executable>
         <run_address>0x3bc4</run_address>
         <size>0x50</size>
         <alignment>0x4</alignment>
         <input_file_ref idref="fl-5"/>
      </object_component>
      <object_component id="oc-22a">
         <name>.text.DL_I2C_startControllerTransfer</name>
         <load_address>0x3c14</load_address>
         <readonly>true</readonly>
         <executable>true</executable>
         <run_address>0x3c14</run_address>
         <size>0x50</size>
         <alignment>0x4</alignment>
         <input_file_ref idref="fl-a"/>
      </object_component>
      <object_component id="oc-148">
         <name>.text.SysTick_Config</name>
         <load_address>0x3c64</load_address>
         <readonly>true</readonly>
         <executable>true</executable>
         <run_address>0x3c64</run_address>
         <size>0x50</size>
         <alignment>0x4</alignment>
         <input_file_ref idref="fl-7"/>
      </object_component>
      <object_component id="oc-211">
         <name>.text.DL_UART_setBaudRateDivisor</name>
         <load_address>0x3cb4</load_address>
         <readonly>true</readonly>
         <executable>true</executable>
         <run_address>0x3cb4</run_address>
         <size>0x4c</size>
         <alignment>0x4</alignment>
         <input_file_ref idref="fl-2"/>
      </object_component>
      <object_component id="oc-143">
         <name>.text.SYSCFG_DL_UART_OPENMV_init</name>
         <load_address>0x3d00</load_address>
         <readonly>true</readonly>
         <executable>true</executable>
         <run_address>0x3d00</run_address>
         <size>0x4c</size>
         <alignment>0x4</alignment>
         <input_file_ref idref="fl-2"/>
      </object_component>
      <object_component id="oc-20f">
         <name>.text.DL_UART_init</name>
         <load_address>0x3d4c</load_address>
         <readonly>true</readonly>
         <executable>true</executable>
         <run_address>0x3d4c</run_address>
         <size>0x48</size>
         <alignment>0x4</alignment>
         <input_file_ref idref="fl-1e"/>
      </object_component>
      <object_component id="oc-6d">
         <name>.text.Motor_Off</name>
         <load_address>0x3d94</load_address>
         <readonly>true</readonly>
         <executable>true</executable>
         <run_address>0x3d94</run_address>
         <size>0x48</size>
         <alignment>0x4</alignment>
         <input_file_ref idref="fl-9"/>
      </object_component>
      <object_component id="oc-13e">
         <name>.text.SYSCFG_DL_SYSCTL_init</name>
         <load_address>0x3ddc</load_address>
         <readonly>true</readonly>
         <executable>true</executable>
         <run_address>0x3ddc</run_address>
         <size>0x48</size>
         <alignment>0x4</alignment>
         <input_file_ref idref="fl-2"/>
      </object_component>
      <object_component id="oc-154">
         <name>.text.lsm6dsv16x_fifo_mode_set</name>
         <load_address>0x3e24</load_address>
         <readonly>true</readonly>
         <executable>true</executable>
         <run_address>0x3e24</run_address>
         <size>0x48</size>
         <alignment>0x2</alignment>
         <input_file_ref idref="fl-6"/>
      </object_component>
      <object_component id="oc-152">
         <name>.text.lsm6dsv16x_fifo_xl_batch_set</name>
         <load_address>0x3e6c</load_address>
         <readonly>true</readonly>
         <executable>true</executable>
         <run_address>0x3e6c</run_address>
         <size>0x48</size>
         <alignment>0x2</alignment>
         <input_file_ref idref="fl-6"/>
      </object_component>
      <object_component id="oc-150">
         <name>.text.lsm6dsv16x_gy_full_scale_set</name>
         <load_address>0x3eb4</load_address>
         <readonly>true</readonly>
         <executable>true</executable>
         <run_address>0x3eb4</run_address>
         <size>0x48</size>
         <alignment>0x2</alignment>
         <input_file_ref idref="fl-6"/>
      </object_component>
      <object_component id="oc-14f">
         <name>.text.lsm6dsv16x_xl_full_scale_set</name>
         <load_address>0x3efc</load_address>
         <readonly>true</readonly>
         <executable>true</executable>
         <run_address>0x3efc</run_address>
         <size>0x48</size>
         <alignment>0x2</alignment>
         <input_file_ref idref="fl-6"/>
      </object_component>
      <object_component id="oc-271">
         <name>.text.mspm0_i2c_disable</name>
         <load_address>0x3f44</load_address>
         <readonly>true</readonly>
         <executable>true</executable>
         <run_address>0x3f44</run_address>
         <size>0x48</size>
         <alignment>0x4</alignment>
         <input_file_ref idref="fl-5"/>
      </object_component>
      <object_component id="oc-14e">
         <name>.text.lsm6dsv16x_block_data_update_set</name>
         <load_address>0x3f8c</load_address>
         <readonly>true</readonly>
         <executable>true</executable>
         <run_address>0x3f8c</run_address>
         <size>0x46</size>
         <alignment>0x2</alignment>
         <input_file_ref idref="fl-6"/>
      </object_component>
      <object_component id="oc-15a">
         <name>.text.lsm6dsv16x_data_ready_mode_set</name>
         <load_address>0x3fd2</load_address>
         <readonly>true</readonly>
         <executable>true</executable>
         <run_address>0x3fd2</run_address>
         <size>0x46</size>
         <alignment>0x2</alignment>
         <input_file_ref idref="fl-6"/>
      </object_component>
      <object_component id="oc-1e5">
         <name>.text.DL_SYSCTL_switchMCLKfromSYSOSCtoHSCLK</name>
         <load_address>0x4018</load_address>
         <readonly>true</readonly>
         <executable>true</executable>
         <run_address>0x4018</run_address>
         <size>0x44</size>
         <alignment>0x4</alignment>
         <input_file_ref idref="fl-1f"/>
      </object_component>
      <object_component id="oc-153">
         <name>.text.lsm6dsv16x_fifo_gy_batch_set</name>
         <load_address>0x405c</load_address>
         <readonly>true</readonly>
         <executable>true</executable>
         <run_address>0x405c</run_address>
         <size>0x44</size>
         <alignment>0x2</alignment>
         <input_file_ref idref="fl-6"/>
      </object_component>
      <object_component id="oc-223">
         <name>.text.mspm0_i2c_disable</name>
         <load_address>0x40a0</load_address>
         <readonly>true</readonly>
         <executable>true</executable>
         <run_address>0x40a0</run_address>
         <size>0x44</size>
         <alignment>0x4</alignment>
         <input_file_ref idref="fl-a"/>
      </object_component>
      <object_component id="oc-236">
         <name>.text.__fixunsdfsi</name>
         <load_address>0x40e4</load_address>
         <readonly>true</readonly>
         <executable>true</executable>
         <run_address>0x40e4</run_address>
         <size>0x42</size>
         <alignment>0x4</alignment>
         <input_file_ref idref="fl-113"/>
      </object_component>
      <object_component id="oc-23b">
         <name>.text.__aeabi_uidivmod</name>
         <load_address>0x4128</load_address>
         <readonly>true</readonly>
         <executable>true</executable>
         <run_address>0x4128</run_address>
         <size>0x40</size>
         <alignment>0x4</alignment>
         <input_file_ref idref="fl-11e"/>
      </object_component>
      <object_component id="oc-123">
         <name>.text.__extendsfdf2</name>
         <load_address>0x4168</load_address>
         <readonly>true</readonly>
         <executable>true</executable>
         <run_address>0x4168</run_address>
         <size>0x40</size>
         <alignment>0x4</alignment>
         <input_file_ref idref="fl-110"/>
      </object_component>
      <object_component id="oc-290">
         <name>.text.atoi</name>
         <load_address>0x41a8</load_address>
         <readonly>true</readonly>
         <executable>true</executable>
         <run_address>0x41a8</run_address>
         <size>0x40</size>
         <alignment>0x4</alignment>
         <input_file_ref idref="fl-54"/>
      </object_component>
      <object_component id="oc-104">
         <name>.text.lsm6dsv16x_read_reg</name>
         <load_address>0x41e8</load_address>
         <readonly>true</readonly>
         <executable>true</executable>
         <run_address>0x41e8</run_address>
         <size>0x40</size>
         <alignment>0x2</alignment>
         <input_file_ref idref="fl-6"/>
      </object_component>
      <object_component id="oc-216">
         <name>.text.lsm6dsv16x_write_reg</name>
         <load_address>0x4228</load_address>
         <readonly>true</readonly>
         <executable>true</executable>
         <run_address>0x4228</run_address>
         <size>0x40</size>
         <alignment>0x2</alignment>
         <input_file_ref idref="fl-6"/>
      </object_component>
      <object_component id="oc-2ad">
         <name>.text.DL_GPIO_initPeripheralInputFunctionFeatures</name>
         <load_address>0x4268</load_address>
         <readonly>true</readonly>
         <executable>true</executable>
         <run_address>0x4268</run_address>
         <size>0x3c</size>
         <alignment>0x4</alignment>
         <input_file_ref idref="fl-5"/>
      </object_component>
      <object_component id="oc-27a">
         <name>.text.DL_GPIO_initPeripheralInputFunctionFeatures</name>
         <load_address>0x42a4</load_address>
         <readonly>true</readonly>
         <executable>true</executable>
         <run_address>0x42a4</run_address>
         <size>0x3c</size>
         <alignment>0x4</alignment>
         <input_file_ref idref="fl-a"/>
      </object_component>
      <object_component id="oc-1d0">
         <name>.text.DL_GPIO_initPeripheralInputFunctionFeatures</name>
         <load_address>0x42e0</load_address>
         <readonly>true</readonly>
         <executable>true</executable>
         <run_address>0x42e0</run_address>
         <size>0x3c</size>
         <alignment>0x4</alignment>
         <input_file_ref idref="fl-2"/>
      </object_component>
      <object_component id="oc-222">
         <name>.text.DL_I2C_flushControllerTXFIFO</name>
         <load_address>0x431c</load_address>
         <readonly>true</readonly>
         <executable>true</executable>
         <run_address>0x431c</run_address>
         <size>0x3c</size>
         <alignment>0x4</alignment>
         <input_file_ref idref="fl-1c"/>
      </object_component>
      <object_component id="oc-1ef">
         <name>.text.DL_Timer_setCounterControl</name>
         <load_address>0x4358</load_address>
         <readonly>true</readonly>
         <executable>true</executable>
         <run_address>0x4358</run_address>
         <size>0x3c</size>
         <alignment>0x4</alignment>
         <input_file_ref idref="fl-2"/>
      </object_component>
      <object_component id="oc-23a">
         <name>.text.OLED_Set_Pos</name>
         <load_address>0x4394</load_address>
         <readonly>true</readonly>
         <executable>true</executable>
         <run_address>0x4394</run_address>
         <size>0x3c</size>
         <alignment>0x2</alignment>
         <input_file_ref idref="fl-a"/>
      </object_component>
      <object_component id="oc-12f">
         <name>.text.__floatsisf</name>
         <load_address>0x43d0</load_address>
         <readonly>true</readonly>
         <executable>true</executable>
         <run_address>0x43d0</run_address>
         <size>0x3c</size>
         <alignment>0x4</alignment>
         <input_file_ref idref="fl-115"/>
      </object_component>
      <object_component id="oc-19f">
         <name>.text.__gtsf2</name>
         <load_address>0x440c</load_address>
         <readonly>true</readonly>
         <executable>true</executable>
         <run_address>0x440c</run_address>
         <size>0x3c</size>
         <alignment>0x4</alignment>
         <input_file_ref idref="fl-120"/>
      </object_component>
      <object_component id="oc-f2">
         <name>.text:__TI_auto_init_nobinit_nopinit</name>
         <load_address>0x4448</load_address>
         <readonly>true</readonly>
         <executable>true</executable>
         <run_address>0x4448</run_address>
         <size>0x3c</size>
         <alignment>0x4</alignment>
         <input_file_ref idref="fl-41"/>
      </object_component>
      <object_component id="oc-19a">
         <name>.text.__eqsf2</name>
         <load_address>0x4484</load_address>
         <readonly>true</readonly>
         <executable>true</executable>
         <run_address>0x4484</run_address>
         <size>0x3a</size>
         <alignment>0x4</alignment>
         <input_file_ref idref="fl-120"/>
      </object_component>
      <object_component id="oc-194">
         <name>.text.__muldsi3</name>
         <load_address>0x44c0</load_address>
         <readonly>true</readonly>
         <executable>true</executable>
         <run_address>0x44c0</run_address>
         <size>0x3a</size>
         <alignment>0x4</alignment>
         <input_file_ref idref="fl-10c"/>
      </object_component>
      <object_component id="oc-bb">
         <name>.text.SYSCFG_DL_init</name>
         <load_address>0x44fc</load_address>
         <readonly>true</readonly>
         <executable>true</executable>
         <run_address>0x44fc</run_address>
         <size>0x38</size>
         <alignment>0x4</alignment>
         <input_file_ref idref="fl-2"/>
      </object_component>
      <object_component id="oc-9c">
         <name>.text.__fixsfsi</name>
         <load_address>0x4534</load_address>
         <readonly>true</readonly>
         <executable>true</executable>
         <run_address>0x4534</run_address>
         <size>0x38</size>
         <alignment>0x4</alignment>
         <input_file_ref idref="fl-112"/>
      </object_component>
      <object_component id="oc-dc">
         <name>.text.sprintf</name>
         <load_address>0x456c</load_address>
         <readonly>true</readonly>
         <executable>true</executable>
         <run_address>0x456c</run_address>
         <size>0x38</size>
         <alignment>0x4</alignment>
         <input_file_ref idref="fl-36"/>
      </object_component>
      <object_component id="oc-2ab">
         <name>.text.DL_GPIO_initDigitalInputFeatures</name>
         <load_address>0x45a4</load_address>
         <readonly>true</readonly>
         <executable>true</executable>
         <run_address>0x45a4</run_address>
         <size>0x34</size>
         <alignment>0x4</alignment>
         <input_file_ref idref="fl-5"/>
      </object_component>
      <object_component id="oc-278">
         <name>.text.DL_GPIO_initDigitalInputFeatures</name>
         <load_address>0x45d8</load_address>
         <readonly>true</readonly>
         <executable>true</executable>
         <run_address>0x45d8</run_address>
         <size>0x34</size>
         <alignment>0x4</alignment>
         <input_file_ref idref="fl-a"/>
      </object_component>
      <object_component id="oc-1d4">
         <name>.text.DL_GPIO_initDigitalInputFeatures</name>
         <load_address>0x460c</load_address>
         <readonly>true</readonly>
         <executable>true</executable>
         <run_address>0x460c</run_address>
         <size>0x34</size>
         <alignment>0x4</alignment>
         <input_file_ref idref="fl-2"/>
      </object_component>
      <object_component id="oc-167">
         <name>.text.DL_GPIO_initDigitalInputFeatures</name>
         <load_address>0x4640</load_address>
         <readonly>true</readonly>
         <executable>true</executable>
         <run_address>0x4640</run_address>
         <size>0x34</size>
         <alignment>0x4</alignment>
         <input_file_ref idref="fl-c"/>
      </object_component>
      <object_component id="oc-170">
         <name>.text.mspm0_delay_ms</name>
         <load_address>0x4674</load_address>
         <readonly>true</readonly>
         <executable>true</executable>
         <run_address>0x4674</run_address>
         <size>0x30</size>
         <alignment>0x4</alignment>
         <input_file_ref idref="fl-7"/>
      </object_component>
      <object_component id="oc-c2">
         <name>.text.__NVIC_ClearPendingIRQ</name>
         <load_address>0x46a4</load_address>
         <readonly>true</readonly>
         <executable>true</executable>
         <run_address>0x46a4</run_address>
         <size>0x2c</size>
         <alignment>0x4</alignment>
         <input_file_ref idref="fl-1"/>
      </object_component>
      <object_component id="oc-16a">
         <name>.text.__NVIC_EnableIRQ</name>
         <load_address>0x46d0</load_address>
         <readonly>true</readonly>
         <executable>true</executable>
         <run_address>0x46d0</run_address>
         <size>0x2c</size>
         <alignment>0x4</alignment>
         <input_file_ref idref="fl-8"/>
      </object_component>
      <object_component id="oc-c3">
         <name>.text.__NVIC_EnableIRQ</name>
         <load_address>0x46fc</load_address>
         <readonly>true</readonly>
         <executable>true</executable>
         <run_address>0x46fc</run_address>
         <size>0x2c</size>
         <alignment>0x4</alignment>
         <input_file_ref idref="fl-1"/>
      </object_component>
      <object_component id="oc-22e">
         <name>.text.__floatsidf</name>
         <load_address>0x4728</load_address>
         <readonly>true</readonly>
         <executable>true</executable>
         <run_address>0x4728</run_address>
         <size>0x2c</size>
         <alignment>0x4</alignment>
         <input_file_ref idref="fl-114"/>
      </object_component>
      <object_component id="oc-218">
         <name>.text.mspm0_get_clock_ms</name>
         <load_address>0x4754</load_address>
         <readonly>true</readonly>
         <executable>true</executable>
         <run_address>0x4754</run_address>
         <size>0x2c</size>
         <alignment>0x4</alignment>
         <input_file_ref idref="fl-7"/>
      </object_component>
      <object_component id="oc-270">
         <name>.text.DL_Common_updateReg</name>
         <load_address>0x4780</load_address>
         <readonly>true</readonly>
         <executable>true</executable>
         <run_address>0x4780</run_address>
         <size>0x28</size>
         <alignment>0x2</alignment>
         <input_file_ref idref="fl-5"/>
      </object_component>
      <object_component id="oc-27d">
         <name>.text.DL_Common_updateReg</name>
         <load_address>0x47a8</load_address>
         <readonly>true</readonly>
         <executable>true</executable>
         <run_address>0x47a8</run_address>
         <size>0x28</size>
         <alignment>0x2</alignment>
         <input_file_ref idref="fl-a"/>
      </object_component>
      <object_component id="oc-267">
         <name>.text.DL_Common_updateReg</name>
         <load_address>0x47d0</load_address>
         <readonly>true</readonly>
         <executable>true</executable>
         <run_address>0x47d0</run_address>
         <size>0x28</size>
         <alignment>0x2</alignment>
         <input_file_ref idref="fl-2"/>
      </object_component>
      <object_component id="oc-204">
         <name>.text.DL_I2C_setControllerRXFIFOThreshold</name>
         <load_address>0x47f8</load_address>
         <readonly>true</readonly>
         <executable>true</executable>
         <run_address>0x47f8</run_address>
         <size>0x28</size>
         <alignment>0x4</alignment>
         <input_file_ref idref="fl-2"/>
      </object_component>
      <object_component id="oc-203">
         <name>.text.DL_I2C_setControllerTXFIFOThreshold</name>
         <load_address>0x4820</load_address>
         <readonly>true</readonly>
         <executable>true</executable>
         <run_address>0x4820</run_address>
         <size>0x28</size>
         <alignment>0x4</alignment>
         <input_file_ref idref="fl-2"/>
      </object_component>
      <object_component id="oc-5a">
         <name>.text:_c_int00_noargs</name>
         <load_address>0x4848</load_address>
         <readonly>true</readonly>
         <executable>true</executable>
         <run_address>0x4848</run_address>
         <size>0x28</size>
         <alignment>0x4</alignment>
         <input_file_ref idref="fl-3f"/>
      </object_component>
      <object_component id="oc-1ff">
         <name>.text.DL_I2C_setAnalogGlitchFilterPulseWidth</name>
         <load_address>0x4870</load_address>
         <readonly>true</readonly>
         <executable>true</executable>
         <run_address>0x4870</run_address>
         <size>0x26</size>
         <alignment>0x2</alignment>
         <input_file_ref idref="fl-2"/>
      </object_component>
      <object_component id="oc-1f9">
         <name>.text.DL_I2C_setClockConfig</name>
         <load_address>0x4896</load_address>
         <readonly>true</readonly>
         <executable>true</executable>
         <run_address>0x4896</run_address>
         <size>0x26</size>
         <alignment>0x2</alignment>
         <input_file_ref idref="fl-1c"/>
      </object_component>
      <object_component id="oc-298">
         <name>.text.__muldi3</name>
         <load_address>0x48bc</load_address>
         <readonly>true</readonly>
         <executable>true</executable>
         <run_address>0x48bc</run_address>
         <size>0x24</size>
         <alignment>0x4</alignment>
         <input_file_ref idref="fl-117"/>
      </object_component>
      <object_component id="oc-105">
         <name>.text.bytecpy</name>
         <load_address>0x48e0</load_address>
         <readonly>true</readonly>
         <executable>true</executable>
         <run_address>0x48e0</run_address>
         <size>0x24</size>
         <alignment>0x2</alignment>
         <input_file_ref idref="fl-6"/>
      </object_component>
      <object_component id="oc-289">
         <name>.text.memccpy</name>
         <load_address>0x4904</load_address>
         <readonly>true</readonly>
         <executable>true</executable>
         <run_address>0x4904</run_address>
         <size>0x22</size>
         <alignment>0x2</alignment>
         <input_file_ref idref="fl-55"/>
      </object_component>
      <object_component id="oc-1d2">
         <name>.text.DL_GPIO_initPeripheralInputFunction</name>
         <load_address>0x4928</load_address>
         <readonly>true</readonly>
         <executable>true</executable>
         <run_address>0x4928</run_address>
         <size>0x20</size>
         <alignment>0x4</alignment>
         <input_file_ref idref="fl-2"/>
      </object_component>
      <object_component id="oc-1da">
         <name>.text.DL_SYSCTL_setFlashWaitState</name>
         <load_address>0x4948</load_address>
         <readonly>true</readonly>
         <executable>true</executable>
         <run_address>0x4948</run_address>
         <size>0x20</size>
         <alignment>0x4</alignment>
         <input_file_ref idref="fl-2"/>
      </object_component>
      <object_component id="oc-a0">
         <name>.text.lsm6dsv16x_from_fs2000_to_mdps</name>
         <load_address>0x4968</load_address>
         <readonly>true</readonly>
         <executable>true</executable>
         <run_address>0x4968</run_address>
         <size>0x20</size>
         <alignment>0x4</alignment>
         <input_file_ref idref="fl-6"/>
      </object_component>
      <object_component id="oc-9b">
         <name>.text.lsm6dsv16x_from_fs4_to_mg</name>
         <load_address>0x4988</load_address>
         <readonly>true</readonly>
         <executable>true</executable>
         <run_address>0x4988</run_address>
         <size>0x20</size>
         <alignment>0x4</alignment>
         <input_file_ref idref="fl-6"/>
      </object_component>
      <object_component id="oc-210">
         <name>.text.DL_UART_setOversampling</name>
         <load_address>0x49a8</load_address>
         <readonly>true</readonly>
         <executable>true</executable>
         <run_address>0x49a8</run_address>
         <size>0x1e</size>
         <alignment>0x2</alignment>
         <input_file_ref idref="fl-2"/>
      </object_component>
      <object_component id="oc-2e3">
         <name>.text.__ashldi3</name>
         <load_address>0x49c8</load_address>
         <readonly>true</readonly>
         <executable>true</executable>
         <run_address>0x49c8</run_address>
         <size>0x1e</size>
         <alignment>0x4</alignment>
         <input_file_ref idref="fl-122"/>
      </object_component>
      <object_component id="oc-1d7">
         <name>.text.DL_GPIO_clearInterruptStatus</name>
         <load_address>0x49e8</load_address>
         <readonly>true</readonly>
         <executable>true</executable>
         <run_address>0x49e8</run_address>
         <size>0x1c</size>
         <alignment>0x4</alignment>
         <input_file_ref idref="fl-2"/>
      </object_component>
      <object_component id="oc-2ae">
         <name>.text.DL_GPIO_enableHiZ</name>
         <load_address>0x4a04</load_address>
         <readonly>true</readonly>
         <executable>true</executable>
         <run_address>0x4a04</run_address>
         <size>0x1c</size>
         <alignment>0x4</alignment>
         <input_file_ref idref="fl-5"/>
      </object_component>
      <object_component id="oc-27b">
         <name>.text.DL_GPIO_enableHiZ</name>
         <load_address>0x4a20</load_address>
         <readonly>true</readonly>
         <executable>true</executable>
         <run_address>0x4a20</run_address>
         <size>0x1c</size>
         <alignment>0x4</alignment>
         <input_file_ref idref="fl-a"/>
      </object_component>
      <object_component id="oc-1d1">
         <name>.text.DL_GPIO_enableHiZ</name>
         <load_address>0x4a3c</load_address>
         <readonly>true</readonly>
         <executable>true</executable>
         <run_address>0x4a3c</run_address>
         <size>0x1c</size>
         <alignment>0x4</alignment>
         <input_file_ref idref="fl-2"/>
      </object_component>
      <object_component id="oc-1d8">
         <name>.text.DL_GPIO_enableInterrupt</name>
         <load_address>0x4a58</load_address>
         <readonly>true</readonly>
         <executable>true</executable>
         <run_address>0x4a58</run_address>
         <size>0x1c</size>
         <alignment>0x4</alignment>
         <input_file_ref idref="fl-2"/>
      </object_component>
      <object_component id="oc-1ce">
         <name>.text.DL_GPIO_initPeripheralOutputFunction</name>
         <load_address>0x4a74</load_address>
         <readonly>true</readonly>
         <executable>true</executable>
         <run_address>0x4a74</run_address>
         <size>0x1c</size>
         <alignment>0x4</alignment>
         <input_file_ref idref="fl-2"/>
      </object_component>
      <object_component id="oc-1d6">
         <name>.text.DL_GPIO_setLowerPinsPolarity</name>
         <load_address>0x4a90</load_address>
         <readonly>true</readonly>
         <executable>true</executable>
         <run_address>0x4a90</run_address>
         <size>0x1c</size>
         <alignment>0x4</alignment>
         <input_file_ref idref="fl-2"/>
      </object_component>
      <object_component id="oc-162">
         <name>.text.DL_I2C_getSDAStatus</name>
         <load_address>0x4aac</load_address>
         <readonly>true</readonly>
         <executable>true</executable>
         <run_address>0x4aac</run_address>
         <size>0x1c</size>
         <alignment>0x4</alignment>
         <input_file_ref idref="fl-a"/>
      </object_component>
      <object_component id="oc-220">
         <name>.text.DL_I2C_isControllerRXFIFOEmpty</name>
         <load_address>0x4ac8</load_address>
         <readonly>true</readonly>
         <executable>true</executable>
         <run_address>0x4ac8</run_address>
         <size>0x1c</size>
         <alignment>0x4</alignment>
         <input_file_ref idref="fl-5"/>
      </object_component>
      <object_component id="oc-65">
         <name>.text.DL_Interrupt_getPendingGroup</name>
         <load_address>0x4ae4</load_address>
         <readonly>true</readonly>
         <executable>true</executable>
         <run_address>0x4ae4</run_address>
         <size>0x1c</size>
         <alignment>0x4</alignment>
         <input_file_ref idref="fl-8"/>
      </object_component>
      <object_component id="oc-1db">
         <name>.text.DL_SYSCTL_setSYSOSCFreq</name>
         <load_address>0x4b00</load_address>
         <readonly>true</readonly>
         <executable>true</executable>
[...]
         <object_component_ref idref="oc-39"/>
      </symbol>
      <symbol id="sm-29e">
         <name>Motor_On</name>
         <value>0x4ba9</value>
         <object_component_ref idref="oc-d1"/>
      </symbol>
      <symbol id="sm-29f">
         <name>Motor_Off</name>
         <value>0x3d95</value>
         <object_component_ref idref="oc-6d"/>
      </symbol>
      <symbol id="sm-2a0">
         <name>Set_Speed</name>
         <value>0x119d</value>
         <object_component_ref idref="oc-172"/>
      </symbol>
      <symbol id="sm-300">
         <name>delay_ms</name>
         <value>0x5195</value>
         <object_component_ref idref="oc-d7"/>
      </symbol>
      <symbol id="sm-301">
         <name>oled_i2c_sda_unlock</name>
         <value>0x399d</value>
         <object_component_ref idref="oc-163"/>
      </symbol>
      <symbol id="sm-302">
         <name>OLED_WR_Byte</name>
         <value>0x2fc9</value>
         <object_component_ref idref="oc-164"/>
      </symbol>
      <symbol id="sm-303">
         <name>OLED_Set_Pos</name>
         <value>0x4395</value>
         <object_component_ref idref="oc-23a"/>
      </symbol>
      <symbol id="sm-304">
         <name>OLED_Clear</name>
         <value>0x37a5</value>
         <object_component_ref idref="oc-d0"/>
      </symbol>
      <symbol id="sm-305">
         <name>OLED_ShowChar</name>
         <value>0x1ebd</value>
         <object_component_ref idref="oc-17d"/>
      </symbol>
      <symbol id="sm-306">
         <name>asc2_1608</name>
         <value>0x52a0</value>
         <object_component_ref idref="oc-23f"/>
      </symbol>
      <symbol id="sm-307">
         <name>asc2_0806</name>
         <value>0x5890</value>
         <object_component_ref idref="oc-240"/>
      </symbol>
      <symbol id="sm-308">
         <name>OLED_ShowString</name>
         <value>0x3735</value>
         <object_component_ref idref="oc-da"/>
      </symbol>
      <symbol id="sm-309">
         <name>OLED_Init</name>
         <value>0x20ed</value>
         <object_component_ref idref="oc-c5"/>
      </symbol>
      <symbol id="sm-33b">
         <name>Track_Init</name>
         <value>0x380f</value>
         <object_component_ref idref="oc-ca"/>
      </symbol>
      <symbol id="sm-33c">
         <name>Track_Get_State</name>
         <value>0x2a41</value>
         <object_component_ref idref="oc-171"/>
      </symbol>
      <symbol id="sm-33d">
         <name>Track_PID_Ctrl</name>
         <value>0xe01</value>
         <object_component_ref idref="oc-d9"/>
      </symbol>
      <symbol id="sm-33e">
         <name>weights</name>
         <value>0x5c54</value>
         <object_component_ref idref="oc-17c"/>
      </symbol>
      <symbol id="sm-33f">
         <name>Track_Get_Error</name>
         <value>0x36b5</value>
         <object_component_ref idref="oc-db"/>
      </symbol>
      <symbol id="sm-340">
         <name>Track_Get_Left_Speed</name>
         <value>0x51f1</value>
         <object_component_ref idref="oc-e2"/>
      </symbol>
      <symbol id="sm-341">
         <name>Track_Get_Right_Speed</name>
         <value>0x51fd</value>
         <object_component_ref idref="oc-e3"/>
      </symbol>
      <symbol id="sm-342">
         <name>__TI_ATRegion0_src_addr</name>
         <value>0x0</value>
      </symbol>
      <symbol id="sm-343">
         <name>__TI_ATRegion0_trg_addr</name>
         <value>0x0</value>
      </symbol>
      <symbol id="sm-344">
         <name>__TI_ATRegion0_region_sz</name>
         <value>0x0</value>
      </symbol>
      <symbol id="sm-345">
         <name>__TI_ATRegion1_src_addr</name>
         <value>0x0</value>
      </symbol>
      <symbol id="sm-346">
         <name>__TI_ATRegion1_trg_addr</name>
         <value>0x0</value>
      </symbol>
      <symbol id="sm-347">
         <name>__TI_ATRegion1_region_sz</name>
         <value>0x0</value>
      </symbol>
      <symbol id="sm-348">
         <name>__TI_ATRegion2_src_addr</name>
         <value>0x0</value>
      </symbol>
      <symbol id="sm-349">
         <name>__TI_ATRegion2_trg_addr</name>
         <value>0x0</value>
      </symbol>
      <symbol id="sm-34a">
         <name>__TI_ATRegion2_region_sz</name>
         <value>0x0</value>
      </symbol>
      <symbol id="sm-353">
         <name>DL_Common_delayCycles</name>
         <value>0x5209</value>
         <object_component_ref idref="oc-1ca"/>
      </symbol>
      <symbol id="sm-362">
         <name>DL_I2C_setClockConfig</name>
         <value>0x4897</value>
         <object_component_ref idref="oc-1f9"/>
      </symbol>
      <symbol id="sm-363">
         <name>DL_I2C_fillControllerTXFIFO</name>
         <value>0x39fd</value>
         <object_component_ref idref="oc-21d"/>
      </symbol>
      <symbol id="sm-364">
         <name>DL_I2C_flushControllerTXFIFO</name>
         <value>0x431d</value>
         <object_component_ref idref="oc-222"/>
      </symbol>
      <symbol id="sm-37b">
         <name>DL_Timer_setClockConfig</name>
         <value>0x4b55</value>
         <object_component_ref idref="oc-1e8"/>
      </symbol>
      <symbol id="sm-37c">
         <name>DL_Timer_setCaptureCompareValue</name>
         <value>0x5175</value>
         <object_component_ref idref="oc-1f2"/>
      </symbol>
      <symbol id="sm-37d">
         <name>DL_Timer_setCaptCompUpdateMethod</name>
         <value>0x4b39</value>
         <object_component_ref idref="oc-1f1"/>
      </symbol>
      <symbol id="sm-37e">
         <name>DL_Timer_setCaptureCompareOutCtl</name>
         <value>0x4e99</value>
         <object_component_ref idref="oc-1f0"/>
      </symbol>
      <symbol id="sm-37f">
         <name>DL_Timer_initFourCCPWMMode</name>
         <value>0x2411</value>
         <object_component_ref idref="oc-1ee"/>
      </symbol>
      <symbol id="sm-38c">
         <name>DL_UART_init</name>
         <value>0x3d4d</value>
         <object_component_ref idref="oc-20f"/>
      </symbol>
      <symbol id="sm-38d">
         <name>DL_UART_setClockConfig</name>
         <value>0x512f</value>
         <object_component_ref idref="oc-209"/>
      </symbol>
      <symbol id="sm-39b">
         <name>DL_SYSCTL_configSYSPLL</name>
         <value>0x26f5</value>
         <object_component_ref idref="oc-1de"/>
      </symbol>
      <symbol id="sm-39c">
         <name>DL_SYSCTL_switchMCLKfromSYSOSCtoHSCLK</name>
         <value>0x4019</value>
         <object_component_ref idref="oc-1e5"/>
      </symbol>
      <symbol id="sm-3ad">
         <name>sprintf</name>
         <value>0x456d</value>
         <object_component_ref idref="oc-dc"/>
      </symbol>
      <symbol id="sm-3bb">
         <name>asinf</name>
         <value>0x19c9</value>
         <object_component_ref idref="oc-11d"/>
      </symbol>
      <symbol id="sm-3c9">
         <name>atan2f</name>
         <value>0x1fd5</value>
         <object_component_ref idref="oc-119"/>
      </symbol>
      <symbol id="sm-3d3">
         <name>sqrtf</name>
         <value>0x2f29</value>
         <object_component_ref idref="oc-115"/>
      </symbol>
      <symbol id="sm-3e7">
         <name>atanf</name>
         <value>0xfd5</value>
         <object_component_ref idref="oc-1a9"/>
      </symbol>
      <symbol id="sm-3f2">
         <name>__aeabi_errno_addr</name>
         <value>0x521d</value>
         <object_component_ref idref="oc-1a1"/>
      </symbol>
      <symbol id="sm-3f3">
         <name>__aeabi_errno</name>
         <value>0x202001ec</value>
         <object_component_ref idref="oc-257"/>
      </symbol>
      <symbol id="sm-401">
         <name>_c_int00_noargs</name>
         <value>0x4849</value>
         <object_component_ref idref="oc-5a"/>
      </symbol>
      <symbol id="sm-402">
         <name>__stack</name>
         <value>0x20207e00</value>
         <object_component_ref idref="oc-1a"/>
      </symbol>
      <symbol id="sm-411">
         <name>__TI_auto_init_nobinit_nopinit</name>
         <value>0x4449</value>
         <object_component_ref idref="oc-f2"/>
      </symbol>
      <symbol id="sm-419">
         <name>_system_pre_init</name>
         <value>0x5295</value>
         <object_component_ref idref="oc-80"/>
      </symbol>
      <symbol id="sm-424">
         <name>__TI_zero_init_nomemset</name>
         <value>0x4fc5</value>
         <object_component_ref idref="oc-51"/>
      </symbol>
      <symbol id="sm-42d">
         <name>__TI_decompress_none</name>
         <value>0x5153</value>
         <object_component_ref idref="oc-20"/>
      </symbol>
      <symbol id="sm-438">
         <name>__TI_decompress_lzss</name>
         <value>0x3639</value>
         <object_component_ref idref="oc-1c"/>
      </symbol>
      <symbol id="sm-45a">
         <name>__TI_printfi_nofloat</name>
         <value>0xc1</value>
         <object_component_ref idref="oc-247"/>
      </symbol>
      <symbol id="sm-468">
         <name>sqrt</name>
         <value>0x1859</value>
         <object_component_ref idref="oc-1b3"/>
      </symbol>
      <symbol id="sm-469">
         <name>sqrtl</name>
         <value>0x1859</value>
         <object_component_ref idref="oc-1b3"/>
      </symbol>
      <symbol id="sm-474">
         <name>wcslen</name>
         <value>0x51b5</value>
         <object_component_ref idref="oc-294"/>
      </symbol>
      <symbol id="sm-47e">
         <name>abort</name>
         <value>0x525d</value>
         <object_component_ref idref="oc-eb"/>
      </symbol>
      <symbol id="sm-48b">
         <name>atoi</name>
         <value>0x41a9</value>
         <object_component_ref idref="oc-290"/>
      </symbol>
      <symbol id="sm-494">
         <name>memccpy</name>
         <value>0x4905</value>
         <object_component_ref idref="oc-289"/>
      </symbol>
      <symbol id="sm-497">
         <name>__aeabi_ctype_table_</name>
         <value>0x5ac0</value>
         <object_component_ref idref="oc-2b6"/>
      </symbol>
      <symbol id="sm-498">
         <name>__aeabi_ctype_table_C</name>
         <value>0x5ac0</value>
         <object_component_ref idref="oc-2b6"/>
      </symbol>
      <symbol id="sm-4a1">
         <name>HOSTexit</name>
         <value>0x5267</value>
         <object_component_ref idref="oc-183"/>
      </symbol>
      <symbol id="sm-4a2">
         <name>C$$EXIT</name>
         <value>0x5266</value>
         <object_component_ref idref="oc-183"/>
      </symbol>
      <symbol id="sm-4b7">
         <name>__aeabi_fadd</name>
         <value>0x27db</value>
         <object_component_ref idref="oc-10d"/>
      </symbol>
      <symbol id="sm-4b8">
         <name>__addsf3</name>
         <value>0x27db</value>
         <object_component_ref idref="oc-10d"/>
      </symbol>
      <symbol id="sm-4b9">
         <name>__aeabi_fsub</name>
         <value>0x27d1</value>
         <object_component_ref idref="oc-10d"/>
      </symbol>
      <symbol id="sm-4ba">
         <name>__subsf3</name>
         <value>0x27d1</value>
         <object_component_ref idref="oc-10d"/>
      </symbol>
      <symbol id="sm-4c3">
         <name>__aeabi_dadd</name>
         <value>0x16cf</value>
         <object_component_ref idref="oc-1b7"/>
      </symbol>
      <symbol id="sm-4c4">
         <name>__adddf3</name>
         <value>0x16cf</value>
         <object_component_ref idref="oc-1b7"/>
      </symbol>
      <symbol id="sm-4c5">
         <name>__aeabi_dsub</name>
         <value>0x16c5</value>
         <object_component_ref idref="oc-1b7"/>
      </symbol>
      <symbol id="sm-4c6">
         <name>__subdf3</name>
         <value>0x16c5</value>
         <object_component_ref idref="oc-1b7"/>
      </symbol>
      <symbol id="sm-4cc">
         <name>__aeabi_dmul</name>
         <value>0x2611</value>
         <object_component_ref idref="oc-127"/>
      </symbol>
      <symbol id="sm-4cd">
         <name>__muldf3</name>
         <value>0x2611</value>
         <object_component_ref idref="oc-127"/>
      </symbol>
      <symbol id="sm-4d3">
         <name>__muldsi3</name>
         <value>0x44c1</value>
         <object_component_ref idref="oc-194"/>
      </symbol>
      <symbol id="sm-4d9">
         <name>__aeabi_fmul</name>
         <value>0x32a1</value>
         <object_component_ref idref="oc-109"/>
      </symbol>
      <symbol id="sm-4da">
         <name>__mulsf3</name>
         <value>0x32a1</value>
         <object_component_ref idref="oc-109"/>
      </symbol>
      <symbol id="sm-4e3">
         <name>__aeabi_fdiv</name>
         <value>0x34bd</value>
         <object_component_ref idref="oc-a1"/>
      </symbol>
      <symbol id="sm-4e4">
         <name>__divsf3</name>
         <value>0x34bd</value>
         <object_component_ref idref="oc-a1"/>
      </symbol>
      <symbol id="sm-4ed">
         <name>__aeabi_ddiv</name>
         <value>0x21fd</value>
         <object_component_ref idref="oc-232"/>
      </symbol>
      <symbol id="sm-4ee">
         <name>__divdf3</name>
         <value>0x21fd</value>
         <object_component_ref idref="oc-232"/>
      </symbol>
      <symbol id="sm-4f4">
         <name>__aeabi_f2d</name>
         <value>0x4169</value>
         <object_component_ref idref="oc-123"/>
      </symbol>
      <symbol id="sm-4f5">
         <name>__extendsfdf2</name>
         <value>0x4169</value>
         <object_component_ref idref="oc-123"/>
      </symbol>
      <symbol id="sm-4fb">
         <name>__aeabi_f2iz</name>
         <value>0x4535</value>
         <object_component_ref idref="oc-9c"/>
      </symbol>
      <symbol id="sm-4fc">
         <name>__fixsfsi</name>
         <value>0x4535</value>
         <object_component_ref idref="oc-9c"/>
      </symbol>
      <symbol id="sm-502">
         <name>__aeabi_d2uiz</name>
         <value>0x40e5</value>
         <object_component_ref idref="oc-236"/>
      </symbol>
      <symbol id="sm-503">
         <name>__fixunsdfsi</name>
         <value>0x40e5</value>
         <object_component_ref idref="oc-236"/>
      </symbol>
      <symbol id="sm-509">
         <name>__aeabi_i2d</name>
         <value>0x4729</value>
         <object_component_ref idref="oc-22e"/>
      </symbol>
      <symbol id="sm-50a">
         <name>__floatsidf</name>
         <value>0x4729</value>
         <object_component_ref idref="oc-22e"/>
      </symbol>
      <symbol id="sm-510">
         <name>__aeabi_i2f</name>
         <value>0x43d1</value>
         <object_component_ref idref="oc-12f"/>
      </symbol>
      <symbol id="sm-511">
         <name>__floatsisf</name>
         <value>0x43d1</value>
         <object_component_ref idref="oc-12f"/>
      </symbol>
      <symbol id="sm-517">
         <name>__aeabi_lmul</name>
         <value>0x48bd</value>
         <object_component_ref idref="oc-298"/>
      </symbol>
      <symbol id="sm-518">
         <name>__muldi3</name>
         <value>0x48bd</value>
         <object_component_ref idref="oc-298"/>
      </symbol>
      <symbol id="sm-51f">
         <name>__aeabi_d2f</name>
         <value>0x36c1</value>
         <object_component_ref idref="oc-12b"/>
      </symbol>
      <symbol id="sm-520">
         <name>__truncdfsf2</name>
         <value>0x36c1</value>
         <object_component_ref idref="oc-12b"/>
      </symbol>
      <symbol id="sm-526">
         <name>__aeabi_fcmpeq</name>
         <value>0x38d9</value>
         <object_component_ref idref="oc-111"/>
      </symbol>
      <symbol id="sm-527">
         <name>__aeabi_fcmplt</name>
         <value>0x38ed</value>
         <object_component_ref idref="oc-111"/>
      </symbol>
      <symbol id="sm-528">
         <name>__aeabi_fcmple</name>
         <value>0x3901</value>
         <object_component_ref idref="oc-111"/>
      </symbol>
      <symbol id="sm-529">
         <name>__aeabi_fcmpge</name>
         <value>0x3915</value>
         <object_component_ref idref="oc-111"/>
      </symbol>
      <symbol id="sm-52a">
         <name>__aeabi_fcmpgt</name>
         <value>0x3929</value>
         <object_component_ref idref="oc-111"/>
      </symbol>
      <symbol id="sm-530">
         <name>__aeabi_memcpy</name>
         <value>0x5225</value>
         <object_component_ref idref="oc-4a"/>
      </symbol>
      <symbol id="sm-531">
         <name>__aeabi_memcpy4</name>
         <value>0x5225</value>
         <object_component_ref idref="oc-4a"/>
      </symbol>
      <symbol id="sm-532">
         <name>__aeabi_memcpy8</name>
         <value>0x5225</value>
         <object_component_ref idref="oc-4a"/>
      </symbol>
      <symbol id="sm-539">
         <name>__aeabi_memset</name>
         <value>0x51c5</value>
         <object_component_ref idref="oc-288"/>
      </symbol>
      <symbol id="sm-53a">
         <name>__aeabi_memset4</name>
         <value>0x51c5</value>
         <object_component_ref idref="oc-288"/>
      </symbol>
      <symbol id="sm-53b">
         <name>__aeabi_memset8</name>
         <value>0x51c5</value>
         <object_component_ref idref="oc-288"/>
      </symbol>
      <symbol id="sm-541">
         <name>__aeabi_uidiv</name>
         <value>0x4129</value>
         <object_component_ref idref="oc-23b"/>
      </symbol>
      <symbol id="sm-542">
         <name>__aeabi_uidivmod</name>
         <value>0x4129</value>
         <object_component_ref idref="oc-23b"/>
      </symbol>
      <symbol id="sm-548">
         <name>__aeabi_uldivmod</name>
         <value>0x50cd</value>
         <object_component_ref idref="oc-29d"/>
      </symbol>
      <symbol id="sm-551">
         <name>__eqsf2</name>
         <value>0x4485</value>
         <object_component_ref idref="oc-19a"/>
      </symbol>
      <symbol id="sm-552">
         <name>__lesf2</name>
         <value>0x4485</value>
         <object_component_ref idref="oc-19a"/>
      </symbol>
      <symbol id="sm-553">
         <name>__ltsf2</name>
         <value>0x4485</value>
         <object_component_ref idref="oc-19a"/>
      </symbol>
      <symbol id="sm-554">
         <name>__nesf2</name>
         <value>0x4485</value>
         <object_component_ref idref="oc-19a"/>
      </symbol>
      <symbol id="sm-555">
         <name>__cmpsf2</name>
         <value>0x4485</value>
         <object_component_ref idref="oc-19a"/>
      </symbol>
      <symbol id="sm-556">
         <name>__gtsf2</name>
         <value>0x440d</value>
         <object_component_ref idref="oc-19f"/>
      </symbol>
      <symbol id="sm-557">
         <name>__gesf2</name>
         <value>0x440d</value>
         <object_component_ref idref="oc-19f"/>
      </symbol>
      <symbol id="sm-55d">
         <name>__udivmoddi4</name>
         <value>0x2e85</value>
         <object_component_ref idref="oc-2be"/>
      </symbol>
      <symbol id="sm-563">
         <name>__aeabi_llsl</name>
         <value>0x49c9</value>
         <object_component_ref idref="oc-2e3"/>
      </symbol>
      <symbol id="sm-564">
         <name>__ashldi3</name>
         <value>0x49c9</value>
         <object_component_ref idref="oc-2e3"/>
      </symbol>
      <symbol id="sm-571">
         <name>__aeabi_idiv0</name>
         <value>0x1857</value>
         <object_component_ref idref="oc-281"/>
      </symbol>
      <symbol id="sm-572">
         <name>__aeabi_ldiv0</name>
         <value>0x260f</value>
         <object_component_ref idref="oc-2e2"/>
      </symbol>
      <symbol id="sm-57c">
         <name>TI_memcpy_small</name>
         <value>0x5141</value>
         <object_component_ref idref="oc-b1"/>
      </symbol>
      <symbol id="sm-585">
         <name>TI_memset_small</name>
         <value>0x51e1</value>
         <object_component_ref idref="oc-136"/>
      </symbol>
      <symbol id="sm-586">
         <name>__TI_static_base__</name>
         <value>0x0</value>
      </symbol>
      <symbol id="sm-58a">
         <name>__mpu_init</name>
         <value>0x0</value>
      </symbol>
      <symbol id="sm-58b">
         <name>_system_post_cinit</name>
         <value>0x0</value>
      </symbol>
   </symbol_table>
   <title>Link successful</title>
</link_info>
