******************************************************************************
            TI ARM Clang Linker PC v4.0.2                      
******************************************************************************
>> Linked Wed Jul 23 22:19:41 2025

OUTPUT FILE NAME:   <oled-hardware-i2c.out>
ENTRY POINT SYMBOL: "_c_int00_noargs"  address: 00001c69


MEMORY CONFIGURATION

         name            origin    length      used     unused   attr    fill
----------------------  --------  ---------  --------  --------  ----  --------
  FLASH                 00000000   00020000  00002b58  0001d4a8  R  X
  SRAM                  20200000   00008000  00000391  00007c6f  RW X
  BCR_CONFIG            41c00000   000000ff  00000000  000000ff  R   
  BSL_CONFIG            41c00100   00000080  00000000  00000080  R   


SEGMENT ALLOCATION MAP

run origin  load origin   length   init length attrs members
----------  ----------- ---------- ----------- ----- -------
00000000    00000000    00002b58   00002b58    r-x
  00000000    00000000    000000c0   000000c0    r-- .intvecs
  000000c0    000000c0    000021f0   000021f0    r-x .text
  000022b0    000022b0    00000870   00000870    r-- .rodata
  00002b20    00002b20    00000038   00000038    r-- .cinit
20200000    20200000    00000191   00000000    rw-
  20200000    20200000    0000017c   00000000    rw- .bss
  2020017c    2020017c    00000015   00000000    rw- .data
20207e00    20207e00    00000200   00000000    rw-
  20207e00    20207e00    00000200   00000000    rw- .stack


SECTION ALLOCATION MAP

 output                                  attributes/
section   page    origin      length       input sections
--------  ----  ----------  ----------   ----------------
.intvecs   0    00000000    000000c0     
                  00000000    000000c0     startup_mspm0g350x_ticlang.o (.intvecs)

.text      0    000000c0    000021f0     
                  000000c0    000001bc     motor.o (.text.Set_Speed)
                  0000027c    00000192     libclang_rt.builtins.a : adddf3.S.obj (.text.adddf3_subdf3)
                  0000040e    00000002                            : aeabi_div0.c.obj (.text.__aeabi_idiv0)
                  00000410    00000118     oled_hardware_i2c.o (.text.OLED_ShowChar)
                  00000528    00000110     oled_hardware_i2c.o (.text.OLED_Init)
                  00000638    0000010c     ti_msp_dl_config.o (.text.SYSCFG_DL_GPIO_init)
                  00000744    0000010c     libclang_rt.builtins.a : divdf3.S.obj (.text.__divdf3)
                  00000850    00000104     driverlib.a : dl_timer.o (.text.DL_Timer_initFourCCPWMMode)
                  00000954    000000f8     main.o (.text.Motor_Ctrl)
                  00000a4c    000000f6     oled_hardware_i2c.o (.text.OLED_ShowNum)
                  00000b42    00000002     --HOLE-- [fill = 0]
                  00000b44    000000e4     libclang_rt.builtins.a : muldf3.S.obj (.text.__muldf3)
                  00000c28    000000dc     driverlib.a : dl_sysctl_mspm0g1x0x_g3x0x.o (.text.DL_SYSCTL_configSYSPLL)
                  00000d04    000000d8     libclang_rt.builtins.a : addsf3.S.obj (.text)
                  00000ddc    00000098     oled_hardware_i2c.o (.text.OLED_WR_Byte)
                  00000e74    00000090     ti_msp_dl_config.o (.text.SYSCFG_DL_PWM_MOTOR_init)
                  00000f04    00000090     ti_msp_dl_config.o (.text.SYSCFG_DL_PWM_SERVO_init)
                  00000f94    00000090     main.o (.text.main)
                  00001024    0000008c     libclang_rt.builtins.a : mulsf3.S.obj (.text.__mulsf3)
                  000010b0    00000088     main.o (.text.UART0_IRQHandler)
                  00001138    00000084     clock.o (.text.__NVIC_SetPriority)
                  000011bc    0000007c     ti_msp_dl_config.o (.text.SYSCFG_DL_initPower)
                  00001238    0000007c     libc.a : copy_decompress_lzss.c.obj (.text:decompress:lzss)
                  000012b4    00000070     oled_hardware_i2c.o (.text.OLED_ShowString)
                  00001324    0000006a     oled_hardware_i2c.o (.text.OLED_Clear)
                  0000138e    00000002     --HOLE-- [fill = 0]
                  00001390    00000060     oled_hardware_i2c.o (.text.oled_i2c_sda_unlock)
                  000013f0    0000005e     driverlib.a : dl_i2c.o (.text.DL_I2C_fillControllerTXFIFO)
                  0000144e    00000002     --HOLE-- [fill = 0]
                  00001450    0000005c     oled_hardware_i2c.o (.text.mspm0_i2c_enable)
                  000014ac    00000058     ti_msp_dl_config.o (.text.SYSCFG_DL_I2C_OLED_init)
                  00001504    00000050     oled_hardware_i2c.o (.text.DL_I2C_startControllerTransfer)
                  00001554    00000050     clock.o (.text.SysTick_Config)
                  000015a4    0000004c     ti_msp_dl_config.o (.text.DL_UART_setBaudRateDivisor)
                  000015f0    0000004c     ti_msp_dl_config.o (.text.SYSCFG_DL_UART_OPENMV_init)
                  0000163c    00000048     driverlib.a : dl_uart.o (.text.DL_UART_init)
                  00001684    00000048     motor.o (.text.Motor_Off)
                  000016cc    00000044     driverlib.a : dl_sysctl_mspm0g1x0x_g3x0x.o (.text.DL_SYSCTL_switchMCLKfromSYSOSCtoHSCLK)
                  00001710    00000044     oled_hardware_i2c.o (.text.mspm0_i2c_disable)
                  00001754    00000042     libclang_rt.builtins.a : fixunsdfsi.S.obj (.text.__fixunsdfsi)
                  00001796    00000002     --HOLE-- [fill = 0]
                  00001798    00000040                            : aeabi_uidivmod.S.obj (.text.__aeabi_uidivmod)
                  000017d8    0000003c     oled_hardware_i2c.o (.text.DL_GPIO_initPeripheralInputFunctionFeatures)
                  00001814    0000003c     ti_msp_dl_config.o (.text.DL_GPIO_initPeripheralInputFunctionFeatures)
                  00001850    0000003c     ti_msp_dl_config.o (.text.DL_Timer_setCounterControl)
                  0000188c    0000003c     oled_hardware_i2c.o (.text.OLED_Set_Pos)
                  000018c8    0000003c     ti_msp_dl_config.o (.text.SYSCFG_DL_SYSCTL_init)
                  00001904    0000003c     libclang_rt.builtins.a : floatsisf.S.obj (.text.__floatsisf)
                  00001940    0000003c     libc.a : autoinit.c.obj (.text:__TI_auto_init_nobinit_nopinit)
                  0000197c    0000003a     libclang_rt.builtins.a : muldsi3.S.obj (.text.__muldsi3)
                  000019b6    00000002     --HOLE-- [fill = 0]
                  000019b8    00000038                            : fixsfsi.S.obj (.text.__fixsfsi)
                  000019f0    00000034     oled_hardware_i2c.o (.text.DL_GPIO_initDigitalInputFeatures)
                  00001a24    00000034     ti_msp_dl_config.o (.text.DL_GPIO_initDigitalInputFeatures)
                  00001a58    00000034     ti_msp_dl_config.o (.text.SYSCFG_DL_init)
                  00001a8c    00000030     clock.o (.text.mspm0_delay_ms)
                  00001abc    00000030     oled_hardware_i2c.o (.text.oled_pow)
                  00001aec    0000002c     main.o (.text.__NVIC_ClearPendingIRQ)
                  00001b18    0000002c     interrupt.o (.text.__NVIC_EnableIRQ)
                  00001b44    0000002c     main.o (.text.__NVIC_EnableIRQ)
                  00001b70    0000002c     libclang_rt.builtins.a : floatsidf.S.obj (.text.__floatsidf)
                  00001b9c    0000002c     clock.o (.text.mspm0_get_clock_ms)
                  00001bc8    00000028     oled_hardware_i2c.o (.text.DL_Common_updateReg)
                  00001bf0    00000028     ti_msp_dl_config.o (.text.DL_Common_updateReg)
                  00001c18    00000028     ti_msp_dl_config.o (.text.DL_I2C_setControllerRXFIFOThreshold)
                  00001c40    00000028     ti_msp_dl_config.o (.text.DL_I2C_setControllerTXFIFOThreshold)
                  00001c68    00000028     libc.a : boot_cortex_m.c.obj (.text:_c_int00_noargs)
                  00001c90    00000026     ti_msp_dl_config.o (.text.DL_I2C_setAnalogGlitchFilterPulseWidth)
                  00001cb6    00000026     driverlib.a : dl_i2c.o (.text.DL_I2C_setClockConfig)
                  00001cdc    00000020     ti_msp_dl_config.o (.text.DL_GPIO_initPeripheralInputFunction)
                  00001cfc    00000020     ti_msp_dl_config.o (.text.DL_SYSCTL_setFlashWaitState)
                  00001d1c    0000001e     ti_msp_dl_config.o (.text.DL_UART_setOversampling)
                  00001d3a    00000002     --HOLE-- [fill = 0]
                  00001d3c    0000001c     oled_hardware_i2c.o (.text.DL_GPIO_enableHiZ)
                  00001d58    0000001c     ti_msp_dl_config.o (.text.DL_GPIO_enableHiZ)
                  00001d74    0000001c     ti_msp_dl_config.o (.text.DL_GPIO_initPeripheralOutputFunction)
                  00001d90    0000001c     oled_hardware_i2c.o (.text.DL_I2C_getSDAStatus)
                  00001dac    0000001c     interrupt.o (.text.DL_Interrupt_getPendingGroup)
                  00001dc8    0000001c     ti_msp_dl_config.o (.text.DL_SYSCTL_setSYSOSCFreq)
                  00001de4    0000001c     ti_msp_dl_config.o (.text.DL_SYSCTL_setULPCLKDivider)
                  00001e00    0000001c     driverlib.a : dl_timer.o (.text.DL_Timer_setCaptCompUpdateMethod)
                  00001e1c    0000001c                 : dl_timer.o (.text.DL_Timer_setClockConfig)
                  00001e38    0000001c     ti_msp_dl_config.o (.text.DL_UART_enableInterrupt)
                  00001e54    0000001c     interrupt.o (.text.Interrupt_Init)
                  00001e70    0000001c     motor.o (.text.Motor_On)
                  00001e8c    00000018     oled_hardware_i2c.o (.text.DL_GPIO_enableOutput)
                  00001ea4    00000018     ti_msp_dl_config.o (.text.DL_GPIO_enableOutput)
                  00001ebc    00000018     ti_msp_dl_config.o (.text.DL_GPIO_enablePower)
                  00001ed4    00000018     oled_hardware_i2c.o (.text.DL_GPIO_initDigitalOutput)
                  00001eec    00000018     ti_msp_dl_config.o (.text.DL_GPIO_initDigitalOutput)
                  00001f04    00000018     ti_msp_dl_config.o (.text.DL_GPIO_reset)
                  00001f1c    00000018     motor.o (.text.DL_GPIO_setPins)
                  00001f34    00000018     oled_hardware_i2c.o (.text.DL_GPIO_setPins)
                  00001f4c    00000018     oled_hardware_i2c.o (.text.DL_I2C_clearInterruptStatus)
                  00001f64    00000018     ti_msp_dl_config.o (.text.DL_I2C_enableAnalogGlitchFilter)
                  00001f7c    00000018     ti_msp_dl_config.o (.text.DL_I2C_enableController)
                  00001f94    00000018     ti_msp_dl_config.o (.text.DL_I2C_enableControllerClockStretching)
                  00001fac    00000018     oled_hardware_i2c.o (.text.DL_I2C_enablePower)
                  00001fc4    00000018     ti_msp_dl_config.o (.text.DL_I2C_enablePower)
                  00001fdc    00000018     oled_hardware_i2c.o (.text.DL_I2C_getRawInterruptStatus)
                  00001ff4    00000018     oled_hardware_i2c.o (.text.DL_I2C_reset)
                  0000200c    00000018     ti_msp_dl_config.o (.text.DL_I2C_reset)
                  00002024    00000018     ti_msp_dl_config.o (.text.DL_I2C_setTimerPeriod)
                  0000203c    00000018     ti_msp_dl_config.o (.text.DL_SYSCTL_setBORThreshold)
                  00002054    00000018     ti_msp_dl_config.o (.text.DL_Timer_enablePower)
                  0000206c    00000018     ti_msp_dl_config.o (.text.DL_Timer_reset)
                  00002084    00000018     driverlib.a : dl_timer.o (.text.DL_Timer_setCaptureCompareOutCtl)
                  0000209c    00000018     motor.o (.text.DL_Timer_startCounter)
                  000020b4    00000018     ti_msp_dl_config.o (.text.DL_UART_enablePower)
                  000020cc    00000018     ti_msp_dl_config.o (.text.DL_UART_reset)
                  000020e4    00000018     clock.o (.text.SysTick_Init)
                  000020fc    00000016     oled_hardware_i2c.o (.text.DL_GPIO_readPins)
                  00002112    00000016     ti_msp_dl_config.o (.text.DL_UART_enable)
                  00002128    00000016     libc.a : copy_zero_init.c.obj (.text:decompress:ZI:__TI_zero_init_nomemset)
                  0000213e    00000014     motor.o (.text.DL_GPIO_clearPins)
                  00002152    00000014     oled_hardware_i2c.o (.text.DL_GPIO_clearPins)
                  00002166    00000014     ti_msp_dl_config.o (.text.DL_GPIO_clearPins)
                  0000217a    00000002     --HOLE-- [fill = 0]
                  0000217c    00000014     oled_hardware_i2c.o (.text.DL_I2C_getControllerStatus)
                  00002190    00000014     ti_msp_dl_config.o (.text.DL_I2C_resetControllerTransfer)
                  000021a4    00000014     ti_msp_dl_config.o (.text.DL_SYSCTL_disableSYSPLL)
                  000021b8    00000014     ti_msp_dl_config.o (.text.DL_Timer_enableClock)
                  000021cc    00000014     ti_msp_dl_config.o (.text.DL_Timer_setCCPDirection)
                  000021e0    00000014     main.o (.text.DL_UART_receiveData)
                  000021f4    00000012     main.o (.text.DL_UART_getPendingInterrupt)
                  00002206    00000012     driverlib.a : dl_uart.o (.text.DL_UART_setClockConfig)
                  00002218    00000012     libc.a : memcpy16.S.obj (.text:TI_memcpy_small)
                  0000222a    00000012            : copy_decompress_none.c.obj (.text:decompress:none)
                  0000223c    00000010     ti_msp_dl_config.o (.text.DL_SYSCTL_disableHFXT)
                  0000224c    00000010     driverlib.a : dl_timer.o (.text.DL_Timer_setCaptureCompareValue)
                  0000225c    00000010     interrupt.o (.text.SysTick_Handler)
                  0000226c    00000010     oled_hardware_i2c.o (.text.delay_ms)
                  0000227c    0000000a     driverlib.a : dl_common.o (.text.DL_Common_delayCycles)
                  00002286    0000000a     interrupt.o (.text.GROUP1_IRQHandler)
                  00002290    00000008     libclang_rt.builtins.a : aeabi_memcpy.S.obj (.text.__aeabi_memcpy)
                  00002298    00000006     libc.a : exit.c.obj (.text:abort)
                  0000229e    00000004     startup_mspm0g350x_ticlang.o (.text.Default_Handler)
                  000022a2    00000004     libsysbm.a : hostexit.c.obj (.text.HOSTexit)
                  000022a6    00000004     startup_mspm0g350x_ticlang.o (.text.Reset_Handler)
                  000022aa    00000004     libc.a : pre_init.c.obj (.text._system_pre_init)
                  000022ae    00000002     --HOLE-- [fill = 0]

.cinit     0    00002b20    00000038     
                  00002b20    00000013     (.cinit..data.load) [load image, compression = lzss]
                  00002b33    00000001     --HOLE-- [fill = 0]
                  00002b34    0000000c     (__TI_handler_table)
                  00002b40    00000008     (.cinit..bss.load) [load image, compression = zero_init]
                  00002b48    00000010     (__TI_cinit_table)

.rodata    0    000022b0    00000870     
                  000022b0    000005f0     oled_hardware_i2c.o (.rodata.asc2_1608)
                  000028a0    00000228     oled_hardware_i2c.o (.rodata.asc2_0806)
                  00002ac8    00000028     ti_msp_dl_config.o (.rodata.gSYSPLLConfig)
                  00002af0    0000000b     main.o (.rodata.str1.15159059442110792349.1)
                  00002afb    00000001     --HOLE-- [fill = 0]
                  00002afc    0000000a     ti_msp_dl_config.o (.rodata.gUART_OPENMVConfig)
                  00002b06    00000002     ti_msp_dl_config.o (.rodata.gI2C_OLEDClockConfig)
                  00002b08    00000008     ti_msp_dl_config.o (.rodata.gPWM_MOTORConfig)
                  00002b10    00000008     ti_msp_dl_config.o (.rodata.gPWM_SERVOConfig)
                  00002b18    00000003     ti_msp_dl_config.o (.rodata.gPWM_MOTORClockConfig)
                  00002b1b    00000003     ti_msp_dl_config.o (.rodata.gPWM_SERVOClockConfig)
                  00002b1e    00000002     ti_msp_dl_config.o (.rodata.gUART_OPENMVClockConfig)

.init_array 
*          0    00000000    00000000     UNINITIALIZED

.binit     0    00000000    00000000     

.bss       0    20200000    0000017c     UNINITIALIZED
                  20200000    000000bc     (.common:gPWM_MOTORBackup)
                  202000bc    000000bc     (.common:gPWM_SERVOBackup)
                  20200178    00000004     (.common:start_time)

.data      0    2020017c    00000015     UNINITIALIZED
                  2020017c    00000004     main.o (.data.Kp)
                  20200180    00000004     clock.o (.data.tick_ms)
                  20200184    00000002     main.o (.data.SpeedL)
                  20200186    00000002     main.o (.data.SpeedR)
                  20200188    00000002     main.o (.data.angle)
                  2020018a    00000002     main.o (.data.baseSpeed)
                  2020018c    00000002     main.o (.data.cx)
                  2020018e    00000002     main.o (.data.rxbuf)
                  20200190    00000001     interrupt.o (.data.enable_group1_irq)

.stack     0    20207e00    00000200     UNINITIALIZED
                  20207e00    00000004     libc.a : boot_cortex_m.c.obj (.stack)
                  20207e04    000001fc     --HOLE--

__llvm_prf_cnts 
*          0    20200000    00000000     UNINITIALIZED

__llvm_prf_bits 
*          0    20200000    00000000     UNINITIALIZED

MODULE SUMMARY

       Module                         code   ro data   rw data
       ------                         ----   -------   -------
    .\
       ti_msp_dl_config.o             2094   76        376    
       main.o                         654    11        16     
       startup_mspm0g350x_ticlang.o   8      192       0      
    +--+------------------------------+------+---------+---------+
       Total:                         2756   279       392    
                                                              
    .\Drivers\MSPM0\
       clock.o                        328    0         8      
       interrupt.o                    126    0         1      
    +--+------------------------------+------+---------+---------+
       Total:                         454    0         9      
                                                              
    .\Drivers\Motor\
       motor.o                        612    0         0      
    +--+------------------------------+------+---------+---------+
       Total:                         612    0         0      
                                                              
    .\Drivers\OLED_Hardware_I2C\
       oled_hardware_i2c.o            2066   2072      0      
    +--+------------------------------+------+---------+---------+
       Total:                         2066   2072      0      
                                                              
    C:/ti/mspm0_sdk_2_05_01_00/source/ti/driverlib/lib/ticlang/m0p/mspm0g1x0x_g3x0x/driverlib.a
       dl_timer.o                     356    0         0      
       dl_sysctl_mspm0g1x0x_g3x0x.o   288    0         0      
       dl_i2c.o                       132    0         0      
       dl_uart.o                      90     0         0      
       dl_common.o                    10     0         0      
    +--+------------------------------+------+---------+---------+
       Total:                         876    0         0      
                                                              
    C:\ti\ccs2011\ccs\tools\compiler\ti-cgt-armllvm_4.0.2.LTS\lib\armv6m-ti-none-eabi/c/libc.a
       copy_decompress_lzss.c.obj     124    0         0      
       autoinit.c.obj                 60     0         0      
       boot_cortex_m.c.obj            40     0         0      
       copy_zero_init.c.obj           22     0         0      
       copy_decompress_none.c.obj     18     0         0      
       memcpy16.S.obj                 18     0         0      
       exit.c.obj                     6      0         0      
       pre_init.c.obj                 4      0         0      
    +--+------------------------------+------+---------+---------+
       Total:                         292    0         0      
                                                              
    C:\ti\ccs2011\ccs\tools\compiler\ti-cgt-armllvm_4.0.2.LTS\lib\armv6m-ti-none-eabi/c/libsysbm.a
       hostexit.c.obj                 4      0         0      
    +--+------------------------------+------+---------+---------+
       Total:                         4      0         0      
                                                              
    C:\ti\ccs2011\ccs\tools\compiler\ti-cgt-armllvm_4.0.2.LTS\lib\armv6m-ti-none-eabi/libclang_rt.builtins.a
       adddf3.S.obj                   402    0         0      
       divdf3.S.obj                   268    0         0      
       muldf3.S.obj                   228    0         0      
       addsf3.S.obj                   216    0         0      
       mulsf3.S.obj                   140    0         0      
       fixunsdfsi.S.obj               66     0         0      
       aeabi_uidivmod.S.obj           64     0         0      
       floatsisf.S.obj                60     0         0      
       muldsi3.S.obj                  58     0         0      
       fixsfsi.S.obj                  56     0         0      
       floatsidf.S.obj                44     0         0      
       aeabi_memcpy.S.obj             8      0         0      
       aeabi_div0.c.obj               2      0         0      
    +--+------------------------------+------+---------+---------+
       Total:                         1612   0         0      
                                                              
       Stack:                         0      0         512    
       Linker Generated:              0      55        0      
    +--+------------------------------+------+---------+---------+
       Grand Total:                   8672   2406      913    


LINKER GENERATED COPY TABLES

__TI_cinit_table @ 00002b48 records: 2, size/record: 8, table size: 16
	.data: load addr=00002b20, load size=00000013 bytes, run addr=2020017c, run size=00000015 bytes, compression=lzss
	.bss: load addr=00002b40, load size=00000008 bytes, run addr=20200000, run size=0000017c bytes, compression=zero_init


LINKER GENERATED HANDLER TABLE

__TI_handler_table @ 00002b34 records: 3, size/record: 4, table size: 12
	index: 0, handler: __TI_decompress_lzss
	index: 1, handler: __TI_decompress_none
	index: 2, handler: __TI_zero_init


GLOBAL SYMBOLS: SORTED ALPHABETICALLY BY Name 

address   name                                 
-------   ----                                 
0000229f  ADC0_IRQHandler                      
0000229f  ADC1_IRQHandler                      
0000229f  AES_IRQHandler                       
000022a2  C$$EXIT                              
0000229f  CANFD0_IRQHandler                    
0000229f  DAC0_IRQHandler                      
0000227d  DL_Common_delayCycles                
000013f1  DL_I2C_fillControllerTXFIFO          
00001cb7  DL_I2C_setClockConfig                
00000c29  DL_SYSCTL_configSYSPLL               
000016cd  DL_SYSCTL_switchMCLKfromSYSOSCtoHSCLK
00000851  DL_Timer_initFourCCPWMMode           
00001e01  DL_Timer_setCaptCompUpdateMethod     
00002085  DL_Timer_setCaptureCompareOutCtl     
0000224d  DL_Timer_setCaptureCompareValue      
00001e1d  DL_Timer_setClockConfig              
0000163d  DL_UART_init                         
00002207  DL_UART_setClockConfig               
0000229f  DMA_IRQHandler                       
0000229f  Default_Handler                      
0000229f  GROUP0_IRQHandler                    
00002287  GROUP1_IRQHandler                    
000022a3  HOSTexit                             
0000229f  HardFault_Handler                    
0000229f  I2C0_IRQHandler                      
0000229f  I2C1_IRQHandler                      
00001e55  Interrupt_Init                       
2020017c  Kp                                   
00000955  Motor_Ctrl                           
00001685  Motor_Off                            
00001e71  Motor_On                             
0000229f  NMI_Handler                          
00001325  OLED_Clear                           
00000529  OLED_Init                            
0000188d  OLED_Set_Pos                         
00000411  OLED_ShowChar                        
00000a4d  OLED_ShowNum                         
000012b5  OLED_ShowString                      
00000ddd  OLED_WR_Byte                         
0000229f  PendSV_Handler                       
0000229f  RTC_IRQHandler                       
000022a7  Reset_Handler                        
0000229f  SPI0_IRQHandler                      
0000229f  SPI1_IRQHandler                      
0000229f  SVC_Handler                          
00000639  SYSCFG_DL_GPIO_init                  
000014ad  SYSCFG_DL_I2C_OLED_init              
00000e75  SYSCFG_DL_PWM_MOTOR_init             
00000f05  SYSCFG_DL_PWM_SERVO_init             
000018c9  SYSCFG_DL_SYSCTL_init                
000015f1  SYSCFG_DL_UART_OPENMV_init           
00001a59  SYSCFG_DL_init                       
000011bd  SYSCFG_DL_initPower                  
000000c1  Set_Speed                            
20200184  SpeedL                               
20200186  SpeedR                               
0000225d  SysTick_Handler                      
000020e5  SysTick_Init                         
0000229f  TIMA0_IRQHandler                     
0000229f  TIMA1_IRQHandler                     
0000229f  TIMG0_IRQHandler                     
0000229f  TIMG12_IRQHandler                    
0000229f  TIMG6_IRQHandler                     
0000229f  TIMG7_IRQHandler                     
0000229f  TIMG8_IRQHandler                     
00002219  TI_memcpy_small                      
000010b1  UART0_IRQHandler                     
0000229f  UART1_IRQHandler                     
0000229f  UART2_IRQHandler                     
0000229f  UART3_IRQHandler                     
20208000  __STACK_END                          
00000200  __STACK_SIZE                         
00000000  __TI_ATRegion0_region_sz             
00000000  __TI_ATRegion0_src_addr              
00000000  __TI_ATRegion0_trg_addr              
00000000  __TI_ATRegion1_region_sz             
00000000  __TI_ATRegion1_src_addr              
00000000  __TI_ATRegion1_trg_addr              
00000000  __TI_ATRegion2_region_sz             
00000000  __TI_ATRegion2_src_addr              
00000000  __TI_ATRegion2_trg_addr              
00002b48  __TI_CINIT_Base                      
00002b58  __TI_CINIT_Limit                     
00002b58  __TI_CINIT_Warm                      
00002b34  __TI_Handler_Table_Base              
00002b40  __TI_Handler_Table_Limit             
00001941  __TI_auto_init_nobinit_nopinit       
00001239  __TI_decompress_lzss                 
0000222b  __TI_decompress_none                 
ffffffff  __TI_pprof_out_hndl                  
ffffffff  __TI_prof_data_size                  
ffffffff  __TI_prof_data_start                 
00000000  __TI_static_base__                   
00002129  __TI_zero_init_nomemset              
00000287  __adddf3                             
00000d0f  __addsf3                             
00001755  __aeabi_d2uiz                        
00000287  __aeabi_dadd                         
00000745  __aeabi_ddiv                         
00000b45  __aeabi_dmul                         
0000027d  __aeabi_dsub                         
000019b9  __aeabi_f2iz                         
00000d0f  __aeabi_fadd                         
00001025  __aeabi_fmul                         
00000d05  __aeabi_fsub                         
00001b71  __aeabi_i2d                          
00001905  __aeabi_i2f                          
0000040f  __aeabi_idiv0                        
00002291  __aeabi_memcpy                       
00002291  __aeabi_memcpy4                      
00002291  __aeabi_memcpy8                      
00001799  __aeabi_uidiv                        
00001799  __aeabi_uidivmod                     
ffffffff  __binit__                            
00000745  __divdf3                             
000019b9  __fixsfsi                            
00001755  __fixunsdfsi                         
00001b71  __floatsidf                          
00001905  __floatsisf                          
UNDEFED   __mpu_init                           
00000b45  __muldf3                             
0000197d  __muldsi3                            
00001025  __mulsf3                             
20207e00  __stack                              
20200000  __start___llvm_prf_bits              
20200000  __start___llvm_prf_cnts              
20200000  __stop___llvm_prf_bits               
20200000  __stop___llvm_prf_cnts               
0000027d  __subdf3                             
00000d05  __subsf3                             
00001c69  _c_int00_noargs                      
UNDEFED   _system_post_cinit                   
000022ab  _system_pre_init                     
00002299  abort                                
20200188  angle                                
000028a0  asc2_0806                            
000022b0  asc2_1608                            
2020018a  baseSpeed                            
ffffffff  binit                                
2020018c  cx                                   
0000226d  delay_ms                             
20200190  enable_group1_irq                    
20200000  gPWM_MOTORBackup                     
202000bc  gPWM_SERVOBackup                     
00000000  interruptVectors                     
00000f95  main                                 
00001a8d  mspm0_delay_ms                       
00001b9d  mspm0_get_clock_ms                   
00001391  oled_i2c_sda_unlock                  
00001abd  oled_pow                             
2020018e  rxbuf                                
20200178  start_time                           
20200180  tick_ms                              


GLOBAL SYMBOLS: SORTED BY Symbol Address 

address   name                                 
-------   ----                                 
00000000  __TI_ATRegion0_region_sz             
00000000  __TI_ATRegion0_src_addr              
00000000  __TI_ATRegion0_trg_addr              
00000000  __TI_ATRegion1_region_sz             
00000000  __TI_ATRegion1_src_addr              
00000000  __TI_ATRegion1_trg_addr              
00000000  __TI_ATRegion2_region_sz             
00000000  __TI_ATRegion2_src_addr              
00000000  __TI_ATRegion2_trg_addr              
00000000  __TI_static_base__                   
00000000  interruptVectors                     
000000c1  Set_Speed                            
00000200  __STACK_SIZE                         
0000027d  __aeabi_dsub                         
0000027d  __subdf3                             
00000287  __adddf3                             
00000287  __aeabi_dadd                         
0000040f  __aeabi_idiv0                        
00000411  OLED_ShowChar                        
00000529  OLED_Init                            
00000639  SYSCFG_DL_GPIO_init                  
00000745  __aeabi_ddiv                         
00000745  __divdf3                             
00000851  DL_Timer_initFourCCPWMMode           
00000955  Motor_Ctrl                           
00000a4d  OLED_ShowNum                         
00000b45  __aeabi_dmul                         
00000b45  __muldf3                             
00000c29  DL_SYSCTL_configSYSPLL               
00000d05  __aeabi_fsub                         
00000d05  __subsf3                             
00000d0f  __addsf3                             
00000d0f  __aeabi_fadd                         
00000ddd  OLED_WR_Byte                         
00000e75  SYSCFG_DL_PWM_MOTOR_init             
00000f05  SYSCFG_DL_PWM_SERVO_init             
00000f95  main                                 
00001025  __aeabi_fmul                         
00001025  __mulsf3                             
000010b1  UART0_IRQHandler                     
000011bd  SYSCFG_DL_initPower                  
00001239  __TI_decompress_lzss                 
000012b5  OLED_ShowString                      
00001325  OLED_Clear                           
00001391  oled_i2c_sda_unlock                  
000013f1  DL_I2C_fillControllerTXFIFO          
000014ad  SYSCFG_DL_I2C_OLED_init              
000015f1  SYSCFG_DL_UART_OPENMV_init           
0000163d  DL_UART_init                         
00001685  Motor_Off                            
000016cd  DL_SYSCTL_switchMCLKfromSYSOSCtoHSCLK
00001755  __aeabi_d2uiz                        
00001755  __fixunsdfsi                         
00001799  __aeabi_uidiv                        
00001799  __aeabi_uidivmod                     
0000188d  OLED_Set_Pos                         
000018c9  SYSCFG_DL_SYSCTL_init                
00001905  __aeabi_i2f                          
00001905  __floatsisf                          
00001941  __TI_auto_init_nobinit_nopinit       
0000197d  __muldsi3                            
000019b9  __aeabi_f2iz                         
000019b9  __fixsfsi                            
00001a59  SYSCFG_DL_init                       
00001a8d  mspm0_delay_ms                       
00001abd  oled_pow                             
00001b71  __aeabi_i2d                          
00001b71  __floatsidf                          
00001b9d  mspm0_get_clock_ms                   
00001c69  _c_int00_noargs                      
00001cb7  DL_I2C_setClockConfig                
00001e01  DL_Timer_setCaptCompUpdateMethod     
00001e1d  DL_Timer_setClockConfig              
00001e55  Interrupt_Init                       
00001e71  Motor_On                             
00002085  DL_Timer_setCaptureCompareOutCtl     
000020e5  SysTick_Init                         
00002129  __TI_zero_init_nomemset              
00002207  DL_UART_setClockConfig               
00002219  TI_memcpy_small                      
0000222b  __TI_decompress_none                 
0000224d  DL_Timer_setCaptureCompareValue      
0000225d  SysTick_Handler                      
0000226d  delay_ms                             
0000227d  DL_Common_delayCycles                
00002287  GROUP1_IRQHandler                    
00002291  __aeabi_memcpy                       
00002291  __aeabi_memcpy4                      
00002291  __aeabi_memcpy8                      
00002299  abort                                
0000229f  ADC0_IRQHandler                      
0000229f  ADC1_IRQHandler                      
0000229f  AES_IRQHandler                       
0000229f  CANFD0_IRQHandler                    
0000229f  DAC0_IRQHandler                      
0000229f  DMA_IRQHandler                       
0000229f  Default_Handler                      
0000229f  GROUP0_IRQHandler                    
0000229f  HardFault_Handler                    
0000229f  I2C0_IRQHandler                      
0000229f  I2C1_IRQHandler                      
0000229f  NMI_Handler                          
0000229f  PendSV_Handler                       
0000229f  RTC_IRQHandler                       
0000229f  SPI0_IRQHandler                      
0000229f  SPI1_IRQHandler                      
0000229f  SVC_Handler                          
0000229f  TIMA0_IRQHandler                     
0000229f  TIMA1_IRQHandler                     
0000229f  TIMG0_IRQHandler                     
0000229f  TIMG12_IRQHandler                    
0000229f  TIMG6_IRQHandler                     
0000229f  TIMG7_IRQHandler                     
0000229f  TIMG8_IRQHandler                     
0000229f  UART1_IRQHandler                     
0000229f  UART2_IRQHandler                     
0000229f  UART3_IRQHandler                     
000022a2  C$$EXIT                              
000022a3  HOSTexit                             
000022a7  Reset_Handler                        
000022ab  _system_pre_init                     
000022b0  asc2_1608                            
000028a0  asc2_0806                            
00002b34  __TI_Handler_Table_Base              
00002b40  __TI_Handler_Table_Limit             
00002b48  __TI_CINIT_Base                      
00002b58  __TI_CINIT_Limit                     
00002b58  __TI_CINIT_Warm                      
20200000  __start___llvm_prf_bits              
20200000  __start___llvm_prf_cnts              
20200000  __stop___llvm_prf_bits               
20200000  __stop___llvm_prf_cnts               
20200000  gPWM_MOTORBackup                     
202000bc  gPWM_SERVOBackup                     
20200178  start_time                           
2020017c  Kp                                   
20200180  tick_ms                              
20200184  SpeedL                               
20200186  SpeedR                               
20200188  angle                                
2020018a  baseSpeed                            
2020018c  cx                                   
2020018e  rxbuf                                
20200190  enable_group1_irq                    
20207e00  __stack                              
20208000  __STACK_END                          
ffffffff  __TI_pprof_out_hndl                  
ffffffff  __TI_prof_data_size                  
ffffffff  __TI_prof_data_start                 
ffffffff  __binit__                            
ffffffff  binit                                
UNDEFED   __mpu_init                           
UNDEFED   _system_post_cinit                   

[153 symbols]
